Archive member included to satisfy reference by file (symbol)

C:\Users\Ayush\SimplicityStudio\v4_workspace\Blinky_SDK_2_9\platform\radio\rail_lib\autogen\librail_release\librail_efr32xg13_gcc_release.a(rail_pti.o)
                              ./pti.o (RAIL_ConfigPti)
C:\Users\Ayush\SimplicityStudio\v4_workspace\Blinky_SDK_2_9\platform\radio\rail_lib\autogen\librail_release\librail_efr32xg13_gcc_release.a(rail_rf_hal.o)
                              C:\Users\Ayush\SimplicityStudio\v4_workspace\Blinky_SDK_2_9\platform\radio\rail_lib\autogen\librail_release\librail_efr32xg13_gcc_release.a(rail_pti.o) (RFHAL_ConfigPti)
C:\Users\Ayush\SimplicityStudio\v4_workspace\Blinky_SDK_2_9\platform\radio\rail_lib\autogen\librail_release\librail_efr32xg13_gcc_release.a(rail_ieee802154_rf_hal.o)
                              C:\Users\Ayush\SimplicityStudio\v4_workspace\Blinky_SDK_2_9\platform\radio\rail_lib\autogen\librail_release\librail_efr32xg13_gcc_release.a(rail_rf_hal.o) (RFHAL_IEEE802154IsEnabled)
C:\Users\Ayush\SimplicityStudio\v4_workspace\Blinky_SDK_2_9\platform\radio\rail_lib\autogen\librail_release\librail_efr32xg13_gcc_release.a(ieee802154_efr32xg13_configurator_out.o)
                              C:\Users\Ayush\SimplicityStudio\v4_workspace\Blinky_SDK_2_9\platform\radio\rail_lib\autogen\librail_release\librail_efr32xg13_gcc_release.a(rail_ieee802154_rf_hal.o) (ieee802154_coherent_min)
C:\Users\Ayush\SimplicityStudio\v4_workspace\Blinky_SDK_2_9\platform\radio\rail_lib\autogen\librail_release\librail_efr32xg13_gcc_release.a(ieee802154_gb868_efr32xg13_configurator_out.o)
                              C:\Users\Ayush\SimplicityStudio\v4_workspace\Blinky_SDK_2_9\platform\radio\rail_lib\autogen\librail_release\librail_efr32xg13_gcc_release.a(rail_ieee802154_rf_hal.o) (ieee802154_gb868_config_915_min)
C:\Users\Ayush\SimplicityStudio\v4_workspace\Blinky_SDK_2_9\platform\radio\rail_lib\autogen\librail_release\librail_efr32xg13_gcc_release.a(rail_ble_rf_hal.o)
                              C:\Users\Ayush\SimplicityStudio\v4_workspace\Blinky_SDK_2_9\platform\radio\rail_lib\autogen\librail_release\librail_efr32xg13_gcc_release.a(rail_rf_hal.o) (RFHAL_IsBleLongRangeEnabled)
C:\Users\Ayush\SimplicityStudio\v4_workspace\Blinky_SDK_2_9\platform\radio\rail_lib\autogen\librail_release\librail_efr32xg13_gcc_release.a(ble_efr32xg13_configurator_out.o)
                              C:\Users\Ayush\SimplicityStudio\v4_workspace\Blinky_SDK_2_9\platform\radio\rail_lib\autogen\librail_release\librail_efr32xg13_gcc_release.a(rail_ble_rf_hal.o) (ble_viterbi2M_min)
C:\Users\Ayush\SimplicityStudio\v4_workspace\Blinky_SDK_2_9\platform\radio\rail_lib\autogen\librail_release\librail_efr32xg13_gcc_release.a(rail_singleprotocol.o)
                              C:\Users\Ayush\SimplicityStudio\v4_workspace\Blinky_SDK_2_9\platform\radio\rail_lib\autogen\librail_release\librail_efr32xg13_gcc_release.a(rail_rf_hal.o) (RAIL_ActiveHandle)
C:\Users\Ayush\SimplicityStudio\v4_workspace\Blinky_SDK_2_9\platform\radio\rail_lib\autogen\librail_release\librail_efr32xg13_gcc_release.a(rail_rf.o)
                              C:\Users\Ayush\SimplicityStudio\v4_workspace\Blinky_SDK_2_9\platform\radio\rail_lib\autogen\librail_release\librail_efr32xg13_gcc_release.a(rail_singleprotocol.o) (RAILCore_Init)
C:\Users\Ayush\SimplicityStudio\v4_workspace\Blinky_SDK_2_9\platform\radio\rail_lib\autogen\librail_release\librail_efr32xg13_gcc_release.a(rail_rx.o)
                              C:\Users\Ayush\SimplicityStudio\v4_workspace\Blinky_SDK_2_9\platform\radio\rail_lib\autogen\librail_release\librail_efr32xg13_gcc_release.a(rail_rf_hal.o) (RAILCore_StartRx)
C:\Users\Ayush\SimplicityStudio\v4_workspace\Blinky_SDK_2_9\platform\radio\rail_lib\autogen\librail_release\librail_efr32xg13_gcc_release.a(rail_tx.o)
                              C:\Users\Ayush\SimplicityStudio\v4_workspace\Blinky_SDK_2_9\platform\radio\rail_lib\autogen\librail_release\librail_efr32xg13_gcc_release.a(rail_singleprotocol.o) (RAILCore_StartTxStream)
C:\Users\Ayush\SimplicityStudio\v4_workspace\Blinky_SDK_2_9\platform\radio\rail_lib\autogen\librail_release\librail_efr32xg13_gcc_release.a(rail_calibration.o)
                              C:\Users\Ayush\SimplicityStudio\v4_workspace\Blinky_SDK_2_9\platform\radio\rail_lib\autogen\librail_release\librail_efr32xg13_gcc_release.a(rail_rf_hal.o) (RAILInt_PendCal)
C:\Users\Ayush\SimplicityStudio\v4_workspace\Blinky_SDK_2_9\platform\radio\rail_lib\autogen\librail_release\librail_efr32xg13_gcc_release.a(rail_data.o)
                              C:\Users\Ayush\SimplicityStudio\v4_workspace\Blinky_SDK_2_9\platform\radio\rail_lib\autogen\librail_release\librail_efr32xg13_gcc_release.a(rail_rf_hal.o) (RAILCb_SetupRxFifo)
C:\Users\Ayush\SimplicityStudio\v4_workspace\Blinky_SDK_2_9\platform\radio\rail_lib\autogen\librail_release\librail_efr32xg13_gcc_release.a(rail_assert.o)
[...]
Memory Configuration

Name             Origin             Length             Attributes
FLASH_BOOTLOADER 0x0fe10000         0x00004000         xr
FLASH            0x00000000         0x0007f000         xr
RAM              0x20000000         0x00010000         xrw
*default*        0x00000000         0xffffffff

Linker script and memory map

LOAD c:/siliconlabs/simplicitystudio/v4/developer/toolchains/gnu_arm/7.2_2017q4/bin/../lib/gcc/arm-none-eabi/7.2.1/thumb/v7e-m/fpv4-sp/softfp/crti.o
LOAD c:/siliconlabs/simplicitystudio/v4/developer/toolchains/gnu_arm/7.2_2017q4/bin/../lib/gcc/arm-none-eabi/7.2.1/thumb/v7e-m/fpv4-sp/softfp/crtbegin.o
LOAD c:/siliconlabs/simplicitystudio/v4/developer/toolchains/gnu_arm/7.2_2017q4/bin/../lib/gcc/arm-none-eabi/7.2.1/../../../../arm-none-eabi/lib/thumb/v7e-m/fpv4-sp/softfp/crt0.o
START GROUP
LOAD ./application_properties.o
LOAD ./gatt_db.o
LOAD ./i2c.o
LOAD ./init_app.o
LOAD ./init_board.o
LOAD ./init_mcu.o
LOAD ./letimer.o
LOAD ./main.o
LOAD ./pti.o
LOAD ./sleep.o
LOAD ./tempsensor.o
LOAD ./hardware/kit/common/bsp/bsp_stk.o
LOAD ./hardware/kit/common/drivers/i2cspm.o
LOAD ./hardware/kit/common/drivers/mx25flash_spi.o
LOAD ./hardware/kit/common/drivers/retargetio.o
LOAD ./hardware/kit/common/drivers/retargetserial.o
LOAD ./hardware/kit/common/drivers/si7013.o
LOAD ./hardware/kit/common/drivers/tempsens.o
LOAD ./hardware/kit/common/drivers/udelay.o
LOAD ./platform/Device/SiliconLabs/EFR32BG13P/Source/GCC/startup_efr32bg13p.o
LOAD ./platform/Device/SiliconLabs/EFR32BG13P/Source/system_efr32bg13p.o
LOAD ./platform/emdrv/sleep/src/sleep.o
LOAD ./platform/emlib/src/em_acmp.o
LOAD ./platform/emlib/src/em_adc.o
LOAD ./platform/emlib/src/em_aes.o
LOAD ./platform/emlib/src/em_assert.o
LOAD ./platform/emlib/src/em_burtc.o
LOAD ./platform/emlib/src/em_can.o
LOAD ./platform/emlib/src/em_cmu.o
LOAD ./platform/emlib/src/em_core.o
LOAD ./platform/emlib/src/em_cryotimer.o
LOAD ./platform/emlib/src/em_crypto.o
LOAD ./platform/emlib/src/em_csen.o
LOAD ./platform/emlib/src/em_dac.o
LOAD ./platform/emlib/src/em_dbg.o
LOAD ./platform/emlib/src/em_dma.o
LOAD ./platform/emlib/src/em_ebi.o
LOAD ./platform/emlib/src/em_emu.o
LOAD ./platform/emlib/src/em_gpcrc.o
LOAD ./platform/emlib/src/em_gpio.o
LOAD ./platform/emlib/src/em_i2c.o
LOAD ./platform/emlib/src/em_idac.o
LOAD ./platform/emlib/src/em_int.o
LOAD ./platform/emlib/src/em_lcd.o
LOAD ./platform/emlib/src/em_ldma.o
LOAD ./platform/emlib/src/em_lesense.o
LOAD ./platform/emlib/src/em_letimer.o
LOAD ./platform/emlib/src/em_leuart.o
LOAD ./platform/emlib/src/em_mpu.o
LOAD ./platform/emlib/src/em_msc.o
LOAD ./platform/emlib/src/em_opamp.o
LOAD ./platform/emlib/src/em_pcnt.o
LOAD ./platform/emlib/src/em_prs.o
LOAD ./platform/emlib/src/em_qspi.o
LOAD ./platform/emlib/src/em_rmu.o
LOAD ./platform/emlib/src/em_rtc.o
LOAD ./platform/emlib/src/em_rtcc.o
LOAD ./platform/emlib/src/em_system.o
LOAD ./platform/emlib/src/em_timer.o
LOAD ./platform/emlib/src/em_usart.o
LOAD ./platform/emlib/src/em_vcmp.o
LOAD ./platform/emlib/src/em_vdac.o
LOAD ./platform/emlib/src/em_wdog.o
LOAD ./src/cmu.o
LOAD ./src/gpio.o
LOAD C:\Users\Ayush\SimplicityStudio\v4_workspace\Blinky_SDK_2_9\platform\radio\rail_lib\autogen\librail_release\librail_efr32xg13_gcc_release.a
LOAD C:\Users\Ayush\SimplicityStudio\v4_workspace\Blinky_SDK_2_9\protocol\bluetooth\lib\EFR32BG13P\GCC\binapploader.o
LOAD C:\Users\Ayush\SimplicityStudio\v4_workspace\Blinky_SDK_2_9\protocol\bluetooth\lib\EFR32BG13P\GCC\libbluetooth.a
LOAD C:\Users\Ayush\SimplicityStudio\v4_workspace\Blinky_SDK_2_9\protocol\bluetooth\lib\EFR32BG13P\GCC\libpsstore.a
LOAD C:\Users\Ayush\SimplicityStudio\v4_workspace\Blinky_SDK_2_9\protocol\bluetooth\lib\EFR32BG13P\GCC\libmbedtls.a
LOAD c:/siliconlabs/simplicitystudio/v4/developer/toolchains/gnu_arm/7.2_2017q4/bin/../lib/gcc/arm-none-eabi/7.2.1/../../../../arm-none-eabi/lib/thumb/v7e-m/fpv4-sp/softfp\libm.a
END GROUP
START GROUP
LOAD c:/siliconlabs/simplicitystudio/v4/developer/toolchains/gnu_arm/7.2_2017q4/bin/../lib/gcc/arm-none-eabi/7.2.1/thumb/v7e-m/fpv4-sp/softfp\libgcc.a
LOAD c:/siliconlabs/simplicitystudio/v4/developer/toolchains/gnu_arm/7.2_2017q4/bin/../lib/gcc/arm-none-eabi/7.2.1/../../../../arm-none-eabi/lib/thumb/v7e-m/fpv4-sp/softfp\libc_nano.a
LOAD c:/siliconlabs/simplicitystudio/v4/developer/toolchains/gnu_arm/7.2_2017q4/bin/../lib/gcc/arm-none-eabi/7.2.1/../../../../arm-none-eabi/lib/thumb/v7e-m/fpv4-sp/softfp\libnosys.a
END GROUP
START GROUP
LOAD c:/siliconlabs/simplicitystudio/v4/developer/toolchains/gnu_arm/7.2_2017q4/bin/../lib/gcc/arm-none-eabi/7.2.1/thumb/v7e-m/fpv4-sp/softfp\libgcc.a
LOAD c:/siliconlabs/simplicitystudio/v4/developer/toolchains/gnu_arm/7.2_2017q4/bin/../lib/gcc/arm-none-eabi/7.2.1/../../../../arm-none-eabi/lib/thumb/v7e-m/fpv4-sp/softfp\libg_nano.a
LOAD c:/siliconlabs/simplicitystudio/v4/developer/toolchains/gnu_arm/7.2_2017q4/bin/../lib/gcc/arm-none-eabi/7.2.1/../../../../arm-none-eabi/lib/thumb/v7e-m/fpv4-sp/softfp\libc_nano.a
END GROUP
START GROUP
LOAD c:/siliconlabs/simplicitystudio/v4/developer/toolchains/gnu_arm/7.2_2017q4/bin/../lib/gcc/arm-none-eabi/7.2.1/thumb/v7e-m/fpv4-sp/softfp\libgcc.a
LOAD c:/siliconlabs/simplicitystudio/v4/developer/toolchains/gnu_arm/7.2_2017q4/bin/../lib/gcc/arm-none-eabi/7.2.1/../../../../arm-none-eabi/lib/thumb/v7e-m/fpv4-sp/softfp\libc_nano.a
END GROUP
LOAD c:/siliconlabs/simplicitystudio/v4/developer/toolchains/gnu_arm/7.2_2017q4/bin/../lib/gcc/arm-none-eabi/7.2.1/thumb/v7e-m/fpv4-sp/softfp/crtend.o
LOAD c:/siliconlabs/simplicitystudio/v4/developer/toolchains/gnu_arm/7.2_2017q4/bin/../lib/gcc/arm-none-eabi/7.2.1/thumb/v7e-m/fpv4-sp/softfp/crtn.o

.text_bootloader
                0x0fe10000        0x0
 *(.binbootloader*)
                0x0fe10000                . = ALIGN (0x4000)

.text_apploader
                0x00000000     0x8fc0
 *(.binapploader*)
 .binapploader  0x00000000     0x8fc0 C:\Users\Ayush\SimplicityStudio\v4_workspace\Blinky_SDK_2_9\protocol\bluetooth\lib\EFR32BG13P\GCC\binapploader.o

.text_signature
                0x00008fc0       0x40
                0x00009000                . = ALIGN (0x800)
 *fill*         0x00008fc0       0x40 
                0x00009000                __text_start__ = .

.text_application
                0x00009000    0x23274
 *(.vectors)
 .vectors       0x00009000       0xfc ./platform/Device/SiliconLabs/EFR32BG13P/Source/GCC/startup_efr32bg13p.o
                0x00009000                __Vectors
                0x000090fc                __Vectors_End = .
                0x000000fc                __Vectors_Size = (__Vectors_End - __Vectors)
                0x000090fc                __end__ = .
 *(.application_properties)
 .application_properties
                0x000090fc       0x38 ./application_properties.o
                0x000090fc                applicationProperties
 *(.gecko_configuration)
 *(.xo_configuration)
 *(.gatt_header)
 .gatt_header   0x00009134       0x34 ./gatt_db.o
                0x00009134                bg_gattdb_data
 *(.gatt_data)
 .gatt_data     0x00009168      0x1c5 ./gatt_db.o
                0x00009168                bg_gattdb_data_uuidtable_16_map
                0x00009184                bg_gattdb_data_uuidtable_128_map
                0x000091a4                bg_gattdb_data_attribute_field_18
                0x000091ac                bg_gattdb_data_attribute_field_17
                0x000091c4                bg_gattdb_data_attribute_field_16
                0x000091d8                bg_gattdb_data_attribute_field_14
                0x000091e0                bg_gattdb_data_attribute_field_13
                0x000091e8                bg_gattdb_data_attribute_field_12
                0x000091ec                bg_gattdb_data_attribute_field_11
                0x000091fc                bg_gattdb_data_attribute_field_10
                0x00009204                bg_gattdb_data_attribute_field_9
                0x00009208                bg_gattdb_data_attribute_field_8
                0x0000920c                bg_gattdb_data_attribute_field_7
                0x00009214                bg_gattdb_data_attribute_field_6
                0x0000921c                bg_gattdb_data_attribute_field_5
                0x00009224                bg_gattdb_data_attribute_field_4
                0x00009228                bg_gattdb_data_attribute_field_2
                0x00009230                bg_gattdb_data_attribute_field_1
                0x00009238                bg_gattdb_data_attribute_field_0
                0x0000923c                bg_gattdb_data_attributes_map
                0x00009320                bg_gattdb_data_attributes_dynamic_mapping_map
                0x00009328                bg_gattdb_data_adv_uuid16_map
                0x0000932c                bg_gattdb_data_adv_uuid128_map
 *(.text*)
 *fill*         0x0000932d        0x3 
 .text          0x00009330       0x40 c:/siliconlabs/simplicitystudio/v4/developer/toolchains/gnu_arm/7.2_2017q4/bin/../lib/gcc/arm-none-eabi/7.2.1/thumb/v7e-m/fpv4-sp/softfp/crtbegin.o
 .text          0x00009370       0x74 c:/siliconlabs/simplicitystudio/v4/developer/toolchains/gnu_arm/7.2_2017q4/bin/../lib/gcc/arm-none-eabi/7.2.1/../../../../arm-none-eabi/lib/thumb/v7e-m/fpv4-sp/softfp/crt0.o
                0x00009370                _start
                0x00009370                _mainCRTStartup
 .text.BUS_RegMaskedSet
                0x000093e4       0x24 ./i2c.o
 .text.BUS_RegMaskedClear
                0x00009408       0x24 ./i2c.o
 .text.GPIO_PinOutClear
                0x0000942c       0x5a ./i2c.o
 .text.GPIO_PinOutSet
                0x00009486       0x5a ./i2c.o
 .text.i2c_init
                0x000094e0       0xd8 ./i2c.o
                0x000094e0                i2c_init
 .text.write_byte
                0x000095b8       0x80 ./i2c.o
                0x000095b8                write_byte
 .text.read_status
                0x00009638       0xfc ./i2c.o
                0x00009638                read_status
 .text.initBoard
                0x00009734       0x4c ./init_board.o
                0x00009734                initBoard
 .text.CHIP_Init
                0x00009780       0x20 ./init_mcu.o
 .text.initMcu  0x000097a0       0x8c ./init_mcu.o
                0x000097a0                initMcu
 .text.initMcu_clocks
                0x0000982c       0xac ./init_mcu.o
 .text.NVIC_EnableIRQ
                0x000098d8       0x34 ./letimer.o
 .text.LETIMER_IntClear
                0x0000990c       0x1c ./letimer.o
 .text.LETIMER_IntEnable
                0x00009928       0x22 ./letimer.o
 .text.LETIMER_IntGet
                0x0000994a       0x18 ./letimer.o
 *fill*         0x00009962        0x2 
 .text.LETimer0Setup
                0x00009964       0x8c ./letimer.o
                0x00009964                LETimer0Setup
 .text.LETIMER0_IRQHandler
                0x000099f0       0x50 ./letimer.o
                0x000099f0                LETIMER0_IRQHandler
 .text.gecko_initCoexHAL
                0x00009a40        0xe ./main.o
 .text.gecko_init
                0x00009a4e       0x46 ./main.o
 .text.main     0x00009a94      0x2e4 ./main.o
                0x00009a94                main
 .text.EMU_EnterEM1
                0x00009d78       0x20 ./sleep.o
 .text.blockSleepmode
                0x00009d98       0x30 ./sleep.o
                0x00009d98                blockSleepmode
 .text.sleep    0x00009dc8       0x48 ./sleep.o
                0x00009dc8                sleep
 .text.BUS_RegMaskedSet
                0x00009e10       0x24 ./hardware/kit/common/drivers/mx25flash_spi.o
 .text.BUS_RegMaskedClear
                0x00009e34       0x24 ./hardware/kit/common/drivers/mx25flash_spi.o
 .text.GPIO_PinOutClear
                0x00009e58       0x5a ./hardware/kit/common/drivers/mx25flash_spi.o
 .text.GPIO_PinOutSet
                0x00009eb2       0x5a ./hardware/kit/common/drivers/mx25flash_spi.o
 .text.MX25_init
                0x00009f0c       0x9c ./hardware/kit/common/drivers/mx25flash_spi.o
                0x00009f0c                MX25_init
 .text.Wait_Flash_WarmUp
                0x00009fa8       0x26 ./hardware/kit/common/drivers/mx25flash_spi.o
                0x00009fa8                Wait_Flash_WarmUp
 .text.Initial_Spi
                0x00009fce        0xc ./hardware/kit/common/drivers/mx25flash_spi.o
                0x00009fce                Initial_Spi
 .text.CS_Low   0x00009fda       0x10 ./hardware/kit/common/drivers/mx25flash_spi.o
                0x00009fda                CS_Low
 .text.CS_High  0x00009fea       0x10 ./hardware/kit/common/drivers/mx25flash_spi.o
                0x00009fea                CS_High
 *fill*         0x00009ffa        0x2 
 .text.InsertDummyCycle
                0x00009ffc       0x38 ./hardware/kit/common/drivers/mx25flash_spi.o
                0x00009ffc                InsertDummyCycle
 .text.SendByte
                0x0000a034       0x40 ./hardware/kit/common/drivers/mx25flash_spi.o
                0x0000a034                SendByte
 .text.MX25_DP  0x0000a074       0x34 ./hardware/kit/common/drivers/mx25flash_spi.o
                0x0000a074                MX25_DP
 .text._close   0x0000a0a8       0x16 ./hardware/kit/common/drivers/retargetio.o
                0x0000a0a8                _close
 .text._exit    0x0000a0be        0xa ./hardware/kit/common/drivers/retargetio.o
                0x0000a0be                _exit
 .text._fstat   0x0000a0c8       0x20 ./hardware/kit/common/drivers/retargetio.o
                0x0000a0c8                _fstat
 .text._isatty  0x0000a0e8       0x16 ./hardware/kit/common/drivers/retargetio.o
                0x0000a0e8                _isatty
 .text._lseek   0x0000a0fe       0x1a ./hardware/kit/common/drivers/retargetio.o
                0x0000a0fe                _lseek
 .text._read    0x0000a118       0x56 ./hardware/kit/common/drivers/retargetio.o
                0x0000a118                _read
 *fill*         0x0000a16e        0x2 
 .text._sbrk    0x0000a170       0x40 ./hardware/kit/common/drivers/retargetio.o
                0x0000a170                _sbrk
 .text._write   0x0000a1b0       0x38 ./hardware/kit/common/drivers/retargetio.o
                0x0000a1b0                _write
 .text.NVIC_EnableIRQ
                0x0000a1e8       0x34 ./hardware/kit/common/drivers/retargetserial.o
 .text.NVIC_ClearPendingIRQ
                0x0000a21c       0x34 ./hardware/kit/common/drivers/retargetserial.o
 .text.USART_IntClear
                0x0000a250       0x1c ./hardware/kit/common/drivers/retargetserial.o
 .text.USART_IntDisable
                0x0000a26c       0x24 ./hardware/kit/common/drivers/retargetserial.o
 .text.USART_IntEnable
                0x0000a290       0x22 ./hardware/kit/common/drivers/retargetserial.o
 *fill*         0x0000a2b2        0x2 
 .text.disableRxInterrupt
                0x0000a2b4       0x14 ./hardware/kit/common/drivers/retargetserial.o
 .text.enableRxInterrupt
                0x0000a2c8       0x14 ./hardware/kit/common/drivers/retargetserial.o
 .text.USART0_RX_IRQHandler
                0x0000a2dc       0x68 ./hardware/kit/common/drivers/retargetserial.o
                0x0000a2dc                USART0_RX_IRQHandler
 .text.RETARGET_SerialCrLf
                0x0000a344       0x2c ./hardware/kit/common/drivers/retargetserial.o
                0x0000a344                RETARGET_SerialCrLf
 .text.RETARGET_SerialInit
                0x0000a370       0xdc ./hardware/kit/common/drivers/retargetserial.o
                0x0000a370                RETARGET_SerialInit
 .text.RETARGET_ReadChar
                0x0000a44c       0x80 ./hardware/kit/common/drivers/retargetserial.o
                0x0000a44c                RETARGET_ReadChar
 .text.RETARGET_WriteChar
                0x0000a4cc       0x68 ./hardware/kit/common/drivers/retargetserial.o
                0x0000a4cc                RETARGET_WriteChar
 .text.Reset_Handler
                0x0000a534       0x4c ./platform/Device/SiliconLabs/EFR32BG13P/Source/GCC/startup_efr32bg13p.o
                0x0000a534                Reset_Handler
 .text.Default_Handler
                0x0000a580        0x6 ./platform/Device/SiliconLabs/EFR32BG13P/Source/GCC/startup_efr32bg13p.o
                0x0000a580                DebugMon_Handler
                0x0000a580                USART0_TX_IRQHandler
                0x0000a580                I2C0_IRQHandler
                0x0000a580                HardFault_Handler
                0x0000a580                SysTick_Handler
                0x0000a580                USART1_RX_IRQHandler
                0x0000a580                PendSV_Handler
                0x0000a580                NMI_Handler
                0x0000a580                I2C1_IRQHandler
                0x0000a580                WTIMER0_IRQHandler
                0x0000a580                CRYPTO0_IRQHandler
                0x0000a580                WDOG0_IRQHandler
                0x0000a580                USART1_TX_IRQHandler
                0x0000a580                SMU_IRQHandler
                0x0000a580                MSC_IRQHandler
                0x0000a580                ADC0_IRQHandler
                0x0000a580                UsageFault_Handler
                0x0000a580                WDOG1_IRQHandler
                0x0000a580                LEUART0_IRQHandler
                0x0000a580                FPUEH_IRQHandler
                0x0000a580                GPIO_EVEN_IRQHandler
                0x0000a580                VDAC0_IRQHandler
                0x0000a580                LDMA_IRQHandler
                0x0000a580                CSEN_IRQHandler
                0x0000a580                CRYPTO1_IRQHandler
                0x0000a580                TIMER0_IRQHandler
                0x0000a580                TIMER1_IRQHandler
                0x0000a580                TRNG0_IRQHandler
                0x0000a580                USART2_RX_IRQHandler
                0x0000a580                Default_Handler
                0x0000a580                EMU_IRQHandler
                0x0000a580                CRYOTIMER_IRQHandler
                0x0000a580                PCNT0_IRQHandler
                0x0000a580                ACMP0_IRQHandler
                0x0000a580                MemManage_Handler
                0x0000a580                SVC_Handler
                0x0000a580                RTCC_IRQHandler
                0x0000a580                CMU_IRQHandler
                0x0000a580                LESENSE_IRQHandler
                0x0000a580                GPIO_ODD_IRQHandler
                0x0000a580                BusFault_Handler
                0x0000a580                USART2_TX_IRQHandler
                0x0000a580                IDAC0_IRQHandler
 *fill*         0x0000a586        0x2 
 .text.SystemCoreClockGet
                0x0000a588       0x40 ./platform/Device/SiliconLabs/EFR32BG13P/Source/system_efr32bg13p.o
                0x0000a588                SystemCoreClockGet
 .text.SystemMaxCoreClockGet
                0x0000a5c8       0x14 ./platform/Device/SiliconLabs/EFR32BG13P/Source/system_efr32bg13p.o
                0x0000a5c8                SystemMaxCoreClockGet
 .text.SystemHFClockGet
                0x0000a5dc       0x70 ./platform/Device/SiliconLabs/EFR32BG13P/Source/system_efr32bg13p.o
                0x0000a5dc                SystemHFClockGet
 .text.SystemHFXOClockGet
                0x0000a64c       0x18 ./platform/Device/SiliconLabs/EFR32BG13P/Source/system_efr32bg13p.o
                0x0000a64c                SystemHFXOClockGet
 .text.SystemHFXOClockSet
                0x0000a664       0x30 ./platform/Device/SiliconLabs/EFR32BG13P/Source/system_efr32bg13p.o
                0x0000a664                SystemHFXOClockSet
 .text.SystemInit
                0x0000a694       0x24 ./platform/Device/SiliconLabs/EFR32BG13P/Source/system_efr32bg13p.o
                0x0000a694                SystemInit
 .text.SystemLFRCOClockGet
                0x0000a6b8       0x12 ./platform/Device/SiliconLabs/EFR32BG13P/Source/system_efr32bg13p.o
                0x0000a6b8                SystemLFRCOClockGet
 .text.SystemULFRCOClockGet
                0x0000a6ca       0x12 ./platform/Device/SiliconLabs/EFR32BG13P/Source/system_efr32bg13p.o
                0x0000a6ca                SystemULFRCOClockGet
 .text.SystemLFXOClockGet
                0x0000a6dc       0x18 ./platform/Device/SiliconLabs/EFR32BG13P/Source/system_efr32bg13p.o
                0x0000a6dc                SystemLFXOClockGet
 .text.SystemLFXOClockSet
                0x0000a6f4       0x30 ./platform/Device/SiliconLabs/EFR32BG13P/Source/system_efr32bg13p.o
                0x0000a6f4                SystemLFXOClockSet
 .text.BUS_RegBitWrite
                0x0000a724       0x2e ./platform/emdrv/sleep/src/sleep.o
 *fill*         0x0000a752        0x2 
 .text.EMU_EM2Block
                0x0000a754       0x18 ./platform/emdrv/sleep/src/sleep.o
 .text.sleepCallbackWrapper
                0x0000a76c       0x2c ./platform/emdrv/sleep/src/sleep.o
 .text.SLEEP_Init
                0x0000a798       0x64 ./platform/emdrv/sleep/src/sleep.o
                0x0000a798                SLEEP_Init
 .text.SLEEP_SleepBlockBegin
                0x0000a7fc       0x48 ./platform/emdrv/sleep/src/sleep.o
                0x0000a7fc                SLEEP_SleepBlockBegin
 .text.BUS_RegBitWrite
                0x0000a844       0x2e ./platform/emlib/src/em_cmu.o
 .text.BUS_RegBitRead
                0x0000a872       0x2a ./platform/emlib/src/em_cmu.o
 .text.BUS_RegMaskedSet
                0x0000a89c       0x24 ./platform/emlib/src/em_cmu.o
 .text.BUS_RegMaskedClear
                0x0000a8c0       0x24 ./platform/emlib/src/em_cmu.o
 .text.BUS_RegMaskedWrite
                0x0000a8e4       0x24 ./platform/emlib/src/em_cmu.o
 .text.CMU_Log2ToDiv
                0x0000a908       0x1c ./platform/emlib/src/em_cmu.o
 .text.EMU_VScaleWait
                0x0000a924       0x1c ./platform/emlib/src/em_cmu.o
 .text.EMU_VScaleGet
                0x0000a940       0x1c ./platform/emlib/src/em_cmu.o
 .text.setHfLeConfig
                0x0000a95c       0x64 ./platform/emlib/src/em_cmu.o
 .text.auxClkGet
                0x0000a9c0       0x20 ./platform/emlib/src/em_cmu.o
 .text.hfSrcClkGet
                0x0000a9e0       0x2c ./platform/emlib/src/em_cmu.o
 .text.dbgClkGet
                0x0000aa0c       0x40 ./platform/emlib/src/em_cmu.o
 .text.adcAsyncClkGet
                0x0000aa4c       0x80 ./platform/emlib/src/em_cmu.o
 .text.flashWaitStateControl
                0x0000aacc       0x8c ./platform/emlib/src/em_cmu.o
 .text.flashWaitStateMax
                0x0000ab58       0x44 ./platform/emlib/src/em_cmu.o
 .text.CMU_UpdateWaitStates
                0x0000ab9c       0x40 ./platform/emlib/src/em_cmu.o
                0x0000ab9c                CMU_UpdateWaitStates
 .text.getRegIshUpperVal
                0x0000abdc       0x36 ./platform/emlib/src/em_cmu.o
 *fill*         0x0000ac12        0x2 
 .text.getHfxoTuningMode
                0x0000ac14       0x1c ./platform/emlib/src/em_cmu.o
 .text.setHfxoTuningMode
                0x0000ac30       0x2c ./platform/emlib/src/em_cmu.o
 .text.lfClkGet
                0x0000ac5c       0xf4 ./platform/emlib/src/em_cmu.o
 .text.syncReg  0x0000ad50       0x38 ./platform/emlib/src/em_cmu.o
 .text.hfperClkSafePrescaler
                0x0000ad88        0xe ./platform/emlib/src/em_cmu.o
 .text.hfperClkOptimizedPrescaler
                0x0000ad96        0xe ./platform/emlib/src/em_cmu.o
 .text.CMU_ClockEnable
                0x0000ada4       0xcc ./platform/emlib/src/em_cmu.o
                0x0000ada4                CMU_ClockEnable
 .text.CMU_ClockFreqGet
                0x0000ae70      0x1f4 ./platform/emlib/src/em_cmu.o
                0x0000ae70                CMU_ClockFreqGet
 .text.CMU_ClockSelectGet
                0x0000b064      0x19c ./platform/emlib/src/em_cmu.o
                0x0000b064                CMU_ClockSelectGet
 .text.CMU_ClockSelectSet
                0x0000b200      0x2d4 ./platform/emlib/src/em_cmu.o
                0x0000b200                CMU_ClockSelectSet
 .text.CMU_HFRCOBandGet
                0x0000b4d4       0x18 ./platform/emlib/src/em_cmu.o
                0x0000b4d4                CMU_HFRCOBandGet
 .text.CMU_HFXOAutostartEnable
                0x0000b4ec       0x8c ./platform/emlib/src/em_cmu.o
                0x0000b4ec                CMU_HFXOAutostartEnable
 .text.CMU_HFXOInit
                0x0000b578       0xe4 ./platform/emlib/src/em_cmu.o
                0x0000b578                CMU_HFXOInit
 .text.CMU_LFXOInit
                0x0000b65c       0x50 ./platform/emlib/src/em_cmu.o
                0x0000b65c                CMU_LFXOInit
 .text.CMU_OscillatorEnable
                0x0000b6ac      0x17c ./platform/emlib/src/em_cmu.o
                0x0000b6ac                CMU_OscillatorEnable
 .text.CMU_OscillatorTuningGet
                0x0000b828       0x74 ./platform/emlib/src/em_cmu.o
                0x0000b828                CMU_OscillatorTuningGet
 .text.CMU_OscillatorTuningSet
                0x0000b89c      0x100 ./platform/emlib/src/em_cmu.o
                0x0000b89c                CMU_OscillatorTuningSet
 .text.CMU_OscillatorTuningWait
                0x0000b99c       0x94 ./platform/emlib/src/em_cmu.o
                0x0000b99c                CMU_OscillatorTuningWait
 .text.CMU_OscillatorTuningOptimize
                0x0000ba30       0x58 ./platform/emlib/src/em_cmu.o
                0x0000ba30                CMU_OscillatorTuningOptimize
 .text.CORE_EnterCritical
                0x0000ba88       0x20 ./platform/emlib/src/em_core.o
                0x0000ba88                CORE_EnterCritical
 .text.CORE_ExitCritical
                0x0000baa8       0x1c ./platform/emlib/src/em_core.o
                0x0000baa8                CORE_ExitCritical
 .text.CORE_AtomicDisableIrq
                0x0000bac4       0x10 ./platform/emlib/src/em_core.o
                0x0000bac4                CORE_AtomicDisableIrq
 .text.CORE_AtomicEnableIrq
                0x0000bad4       0x10 ./platform/emlib/src/em_core.o
                0x0000bad4                CORE_AtomicEnableIrq
 .text.CORE_EnterAtomic
                0x0000bae4       0x20 ./platform/emlib/src/em_core.o
                0x0000bae4                CORE_EnterAtomic
 .text.CORE_ExitAtomic
                0x0000bb04       0x1c ./platform/emlib/src/em_core.o
                0x0000bb04                CORE_ExitAtomic
 .text.CORE_SetNvicRamTableHandler
                0x0000bb20       0x44 ./platform/emlib/src/em_core.o
                0x0000bb20                CORE_SetNvicRamTableHandler
 .text.CORE_InitNvicVectorTable
                0x0000bb64       0xc8 ./platform/emlib/src/em_core.o
                0x0000bb64                CORE_InitNvicVectorTable
 .text.CRYPTO_BurstFromCrypto
                0x0000bc2c       0x3a ./platform/emlib/src/em_crypto.o
 *fill*         0x0000bc66        0x2 
 .text.CRYPTO_ModulusSet
                0x0000bc68       0x8c ./platform/emlib/src/em_crypto.o
                0x0000bc68                CRYPTO_ModulusSet
 .text.CRYPTO_KeyRead
                0x0000bcf4       0x3a ./platform/emlib/src/em_crypto.o
                0x0000bcf4                CRYPTO_KeyRead
 .text.SystemCoreClockUpdate
                0x0000bd2e        0xc ./platform/emlib/src/em_emu.o
 .text.BUS_RegBitWrite
                0x0000bd3a       0x2e ./platform/emlib/src/em_emu.o
 .text.BUS_RegBitRead
                0x0000bd68       0x2a ./platform/emlib/src/em_emu.o
 *fill*         0x0000bd92        0x2 
 .text.EMU_VScaleWait
                0x0000bd94       0x1c ./platform/emlib/src/em_emu.o
 .text.EMU_VScaleGet
                0x0000bdb0       0x1c ./platform/emlib/src/em_emu.o
 .text.EMU_IntClear
                0x0000bdcc       0x20 ./platform/emlib/src/em_emu.o
 .text.EMU_IntGet
                0x0000bdec       0x18 ./platform/emlib/src/em_emu.o
 .text.CMU_Lock
                0x0000be04       0x1c ./platform/emlib/src/em_emu.o
 .text.CMU_Unlock
                0x0000be20       0x1c ./platform/emlib/src/em_emu.o
 .text.vScaleEM01Cmd
                0x0000be3c       0x22 ./platform/emlib/src/em_emu.o
 *fill*         0x0000be5e        0x2 
 .text.emState  0x0000be60      0x150 ./platform/emlib/src/em_emu.o
 .text.vScaleDownEM23Setup
                0x0000bfb0       0x50 ./platform/emlib/src/em_emu.o
 .text.vScaleAfterWakeup
                0x0000c000       0x48 ./platform/emlib/src/em_emu.o
 .text.EMU_EnterEM2
                0x0000c048       0x4c ./platform/emlib/src/em_emu.o
                0x0000c048                EMU_EnterEM2
 .text.EMU_EnterEM3
                0x0000c094       0x70 ./platform/emlib/src/em_emu.o
                0x0000c094                EMU_EnterEM3
 .text.EMU_VScaleEM01ByClock
                0x0000c104       0x70 ./platform/emlib/src/em_emu.o
                0x0000c104                EMU_VScaleEM01ByClock
 .text.EMU_VScaleEM01
                0x0000c174       0x88 ./platform/emlib/src/em_emu.o
                0x0000c174                EMU_VScaleEM01
 .text.EMU_EM01Init
                0x0000c1fc       0x24 ./platform/emlib/src/em_emu.o
                0x0000c1fc                EMU_EM01Init
 .text.EMU_EM23Init
                0x0000c220       0x2c ./platform/emlib/src/em_emu.o
                0x0000c220                EMU_EM23Init
 .text.dcdcConstCalibrationLoad
                0x0000c24c       0x10 ./platform/emlib/src/em_emu.o
 .text.dcdcValidatedConfigSet
                0x0000c25c       0x40 ./platform/emlib/src/em_emu.o
 .text.currentLimitersUpdate
                0x0000c29c       0xe8 ./platform/emlib/src/em_emu.o
 .text.userCurrentLimitsSet
                0x0000c384       0x30 ./platform/emlib/src/em_emu.o
 .text.compCtrlSet
                0x0000c3b4       0x40 ./platform/emlib/src/em_emu.o
 .text.lpCmpHystCalibrationLoad
                0x0000c3f4       0xd0 ./platform/emlib/src/em_emu.o
 .text.lpGetDevinfoVrefLowHigh
                0x0000c4c4      0x158 ./platform/emlib/src/em_emu.o
 .text.EMU_DCDCModeSet
                0x0000c61c       0xf0 ./platform/emlib/src/em_emu.o
                0x0000c61c                EMU_DCDCModeSet
 .text.EMU_DCDCInit
                0x0000c70c      0x120 ./platform/emlib/src/em_emu.o
                0x0000c70c                EMU_DCDCInit
 .text.EMU_DCDCOutputVoltageSet
                0x0000c82c      0x2ac ./platform/emlib/src/em_emu.o
                0x0000c82c                EMU_DCDCOutputVoltageSet
 .text.EMU_DCDCOptimizeSlice
                0x0000cad8       0xd8 ./platform/emlib/src/em_emu.o
                0x0000cad8                EMU_DCDCOptimizeSlice
 .text.EMU_DCDCLnRcoBandSet
                0x0000cbb0       0x54 ./platform/emlib/src/em_emu.o
                0x0000cbb0                EMU_DCDCLnRcoBandSet
 .text.BUS_RegMaskedSet
                0x0000cc04       0x24 ./platform/emlib/src/em_gpio.o
 .text.BUS_RegMaskedClear
                0x0000cc28       0x24 ./platform/emlib/src/em_gpio.o
 .text.BUS_RegMaskedWrite
                0x0000cc4c       0x24 ./platform/emlib/src/em_gpio.o
 .text.GPIO_PinOutClear
                0x0000cc70       0x5a ./platform/emlib/src/em_gpio.o
 .text.GPIO_PinOutSet
                0x0000ccca       0x5a ./platform/emlib/src/em_gpio.o
 .text.GPIO_DriveStrengthSet
                0x0000cd24       0x60 ./platform/emlib/src/em_gpio.o
                0x0000cd24                GPIO_DriveStrengthSet
 .text.GPIO_PinModeSet
                0x0000cd84      0x118 ./platform/emlib/src/em_gpio.o
                0x0000cd84                GPIO_PinModeSet
 .text.BUS_RegBitWrite
                0x0000ce9c       0x2e ./platform/emlib/src/em_i2c.o
 .text.BUS_RegMaskedSet
                0x0000ceca       0x24 ./platform/emlib/src/em_i2c.o
 .text.BUS_RegMaskedClear
                0x0000ceee       0x24 ./platform/emlib/src/em_i2c.o
 .text.BUS_RegMaskedWrite
                0x0000cf12       0x24 ./platform/emlib/src/em_i2c.o
 *fill*         0x0000cf36        0x2 
 .text.I2C_BusFreqSet
                0x0000cf38       0xf8 ./platform/emlib/src/em_i2c.o
                0x0000cf38                I2C_BusFreqSet
 .text.I2C_Enable
                0x0000d030       0x38 ./platform/emlib/src/em_i2c.o
                0x0000d030                I2C_Enable
 .text.I2C_Init
                0x0000d068       0x70 ./platform/emlib/src/em_i2c.o
                0x0000d068                I2C_Init
 .text.LETIMER_CompareSet
                0x0000d0d8       0x54 ./platform/emlib/src/em_letimer.o
                0x0000d0d8                LETIMER_CompareSet
 .text.LETIMER_Enable
                0x0000d12c       0x2c ./platform/emlib/src/em_letimer.o
                0x0000d12c                LETIMER_Enable
 .text.LETIMER_Init
                0x0000d158       0xd2 ./platform/emlib/src/em_letimer.o
                0x0000d158                LETIMER_Init
 *fill*         0x0000d22a        0x2 
 .text.MSC_Init
                0x0000d22c       0x34 ./platform/emlib/src/em_msc.o
                0x0000d22c                MSC_Init
 .text.MSC_Deinit
                0x0000d260       0x24 ./platform/emlib/src/em_msc.o
                0x0000d260                MSC_Deinit
 .text.RMU_ResetCauseClear
                0x0000d284       0x18 ./platform/emlib/src/em_rmu.o
                0x0000d284                RMU_ResetCauseClear
 .text.RMU_ResetCauseGet
                0x0000d29c       0xb4 ./platform/emlib/src/em_rmu.o
                0x0000d29c                RMU_ResetCauseGet
 .text.RTCC_Init
                0x0000d350       0x98 ./platform/emlib/src/em_rtcc.o
                0x0000d350                RTCC_Init
 .text.SYSTEM_ChipRevisionGet
                0x0000d3e8       0x78 ./platform/emlib/src/em_system.o
                0x0000d3e8                SYSTEM_ChipRevisionGet
 .text.USART_BaudrateAsyncSet
                0x0000d460       0xb0 ./platform/emlib/src/em_usart.o
                0x0000d460                USART_BaudrateAsyncSet
 .text.USART_BaudrateSyncSet
                0x0000d510       0x40 ./platform/emlib/src/em_usart.o
                0x0000d510                USART_BaudrateSyncSet
 .text.USART_Enable
                0x0000d550       0x58 ./platform/emlib/src/em_usart.o
                0x0000d550                USART_Enable
 .text.USART_InitAsync
                0x0000d5a8       0xe4 ./platform/emlib/src/em_usart.o
                0x0000d5a8                USART_InitAsync
 .text.USART_InitSync
                0x0000d68c       0xf8 ./platform/emlib/src/em_usart.o
                0x0000d68c                USART_InitSync
 .text.USART_Reset
                0x0000d784       0xb0 ./platform/emlib/src/em_usart.o
                0x0000d784                USART_Reset
 .text.USART_Rx
                0x0000d834       0x28 ./platform/emlib/src/em_usart.o
                0x0000d834                USART_Rx
 .text.USART_SpiTransfer
                0x0000d85c       0x40 ./platform/emlib/src/em_usart.o
                0x0000d85c                USART_SpiTransfer
 .text.USART_Tx
                0x0000d89c       0x2c ./platform/emlib/src/em_usart.o
                0x0000d89c                USART_Tx
 .text.cmu_init
                0x0000d8c8       0x7c ./src/cmu.o
                0x0000d8c8                cmu_init
 .text.BUS_RegMaskedSet
                0x0000d944       0x24 ./src/gpio.o
 .text.BUS_RegMaskedClear
                0x0000d968       0x24 ./src/gpio.o
 .text.GPIO_PinOutClear
                0x0000d98c       0x5a ./src/gpio.o
 .text.GPIO_PinOutSet
                0x0000d9e6       0x5a ./src/gpio.o
 .text.gpio_init
                0x0000da40       0x74 ./src/gpio.o
                0x0000da40                gpio_init
 .text.eventDefault
                0x0000dab4        0x2 C:\Users\Ayush\SimplicityStudio\v4_workspace\Blinky_SDK_2_9\platform\radio\rail_lib\autogen\librail_release\librail_efr32xg13_gcc_release.a(rail_rf_hal.o)
 *fill*         0x0000dab6        0x2 
 .text.RFHAL_NotifyUserOfIrCal
                0x0000dab8       0x78 C:\Users\Ayush\SimplicityStudio\v4_workspace\Blinky_SDK_2_9\platform\radio\rail_lib\autogen\librail_release\librail_efr32xg13_gcc_release.a(rail_rf_hal.o)
 .text.GENERIC_PHY_EventCallback
                0x0000db30      0x194 C:\Users\Ayush\SimplicityStudio\v4_workspace\Blinky_SDK_2_9\platform\radio\rail_lib\autogen\librail_release\librail_efr32xg13_gcc_release.a(rail_rf_hal.o)
                0x0000db30                GENERIC_PHY_EventCallback
 .text.RFHAL_IntEnable
                0x0000dcc4       0x58 C:\Users\Ayush\SimplicityStudio\v4_workspace\Blinky_SDK_2_9\platform\radio\rail_lib\autogen\librail_release\librail_efr32xg13_gcc_release.a(rail_rf_hal.o)
                0x0000dcc4                RFHAL_IntEnable
 .text.RFHAL_SetEventCallback
                0x0000dd1c       0x18 C:\Users\Ayush\SimplicityStudio\v4_workspace\Blinky_SDK_2_9\platform\radio\rail_lib\autogen\librail_release\librail_efr32xg13_gcc_release.a(rail_rf_hal.o)
                0x0000dd1c                RFHAL_SetEventCallback
 .text.RFHAL_SetPtiProtocol
                0x0000dd34       0x20 C:\Users\Ayush\SimplicityStudio\v4_workspace\Blinky_SDK_2_9\platform\radio\rail_lib\autogen\librail_release\librail_efr32xg13_gcc_release.a(rail_rf_hal.o)
                0x0000dd34                RFHAL_SetPtiProtocol
 .text.RFHAL_Idle
                0x0000dd54       0x2a C:\Users\Ayush\SimplicityStudio\v4_workspace\Blinky_SDK_2_9\platform\radio\rail_lib\autogen\librail_release\librail_efr32xg13_gcc_release.a(rail_rf_hal.o)
                0x0000dd54                RFHAL_Idle
 *fill*         0x0000dd7e        0x2 
 .text.RFHAL_GetRadioState
                0x0000dd80       0x48 C:\Users\Ayush\SimplicityStudio\v4_workspace\Blinky_SDK_2_9\platform\radio\rail_lib\autogen\librail_release\librail_efr32xg13_gcc_release.a(rail_rf_hal.o)
                0x0000dd80                RFHAL_GetRadioState
 .text.RFHAL_OkToTransmit
                0x0000ddc8       0x18 C:\Users\Ayush\SimplicityStudio\v4_workspace\Blinky_SDK_2_9\platform\radio\rail_lib\autogen\librail_release\librail_efr32xg13_gcc_release.a(rail_rf_hal.o)
                0x0000ddc8                RFHAL_OkToTransmit
 .text.RFHAL_ScheduleRx
                0x0000dde0       0x5a C:\Users\Ayush\SimplicityStudio\v4_workspace\Blinky_SDK_2_9\platform\radio\rail_lib\autogen\librail_release\librail_efr32xg13_gcc_release.a(rail_rf_hal.o)
                0x0000dde0                RFHAL_ScheduleRx
 *fill*         0x0000de3a        0x2 
 .text.RFHAL_EnableRxRawCapture
                0x0000de3c       0x58 C:\Users\Ayush\SimplicityStudio\v4_workspace\Blinky_SDK_2_9\platform\radio\rail_lib\autogen\librail_release\librail_efr32xg13_gcc_release.a(rail_rf_hal.o)
                0x0000de3c                RFHAL_EnableRxRawCapture
 .text.RFHAL_DisableRxRawCapture
                0x0000de94       0x50 C:\Users\Ayush\SimplicityStudio\v4_workspace\Blinky_SDK_2_9\platform\radio\rail_lib\autogen\librail_release\librail_efr32xg13_gcc_release.a(rail_rf_hal.o)
                0x0000de94                RFHAL_DisableRxRawCapture
 .text.RFHAL_AcceptCrcErrors
                0x0000dee4       0x18 C:\Users\Ayush\SimplicityStudio\v4_workspace\Blinky_SDK_2_9\platform\radio\rail_lib\autogen\librail_release\librail_efr32xg13_gcc_release.a(rail_rf_hal.o)
                0x0000dee4                RFHAL_AcceptCrcErrors
 .text.RFHAL_ConfigRxOptions
                0x0000defc      0x124 C:\Users\Ayush\SimplicityStudio\v4_workspace\Blinky_SDK_2_9\platform\radio\rail_lib\autogen\librail_release\librail_efr32xg13_gcc_release.a(rail_rf_hal.o)
                0x0000defc                RFHAL_ConfigRxOptions
 .text.RFHAL_GetTimer
                0x0000e020        0xc C:\Users\Ayush\SimplicityStudio\v4_workspace\Blinky_SDK_2_9\platform\radio\rail_lib\autogen\librail_release\librail_efr32xg13_gcc_release.a(rail_rf_hal.o)
                0x0000e020                RFHAL_GetTimer
 .text.RFHAL_CancelTimer
                0x0000e02c       0x28 C:\Users\Ayush\SimplicityStudio\v4_workspace\Blinky_SDK_2_9\platform\radio\rail_lib\autogen\librail_release\librail_efr32xg13_gcc_release.a(rail_rf_hal.o)
                0x0000e02c                RFHAL_CancelTimer
 .text.RFHAL_SetTimer
                0x0000e054       0x7c C:\Users\Ayush\SimplicityStudio\v4_workspace\Blinky_SDK_2_9\platform\radio\rail_lib\autogen\librail_release\librail_efr32xg13_gcc_release.a(rail_rf_hal.o)
                0x0000e054                RFHAL_SetTimer
 .text.RFHAL_IsTimerExpired
                0x0000e0d0       0x1c C:\Users\Ayush\SimplicityStudio\v4_workspace\Blinky_SDK_2_9\platform\radio\rail_lib\autogen\librail_release\librail_efr32xg13_gcc_release.a(rail_rf_hal.o)
                0x0000e0d0                RFHAL_IsTimerExpired
 .text.RFHAL_IsTimerRunning
                0x0000e0ec        0x6 C:\Users\Ayush\SimplicityStudio\v4_workspace\Blinky_SDK_2_9\platform\radio\rail_lib\autogen\librail_release\librail_efr32xg13_gcc_release.a(rail_rf_hal.o)
                0x0000e0ec                RFHAL_IsTimerRunning
 *fill*         0x0000e0f2        0x2 
 .text.RFHAL_CalcBitRate
                0x0000e0f4        0xc C:\Users\Ayush\SimplicityStudio\v4_workspace\Blinky_SDK_2_9\platform\radio\rail_lib\autogen\librail_release\librail_efr32xg13_gcc_release.a(rail_rf_hal.o)
                0x0000e0f4                RFHAL_CalcBitRate
 .text.RFHAL_GetBitRate
                0x0000e100       0x22 C:\Users\Ayush\SimplicityStudio\v4_workspace\Blinky_SDK_2_9\platform\radio\rail_lib\autogen\librail_release\librail_efr32xg13_gcc_release.a(rail_rf_hal.o)
                0x0000e100                RFHAL_GetBitRate
 *fill*         0x0000e122        0x2 
 .text.RFHAL_SetTxTransitions
                0x0000e124       0x1c C:\Users\Ayush\SimplicityStudio\v4_workspace\Blinky_SDK_2_9\platform\radio\rail_lib\autogen\librail_release\librail_efr32xg13_gcc_release.a(rail_rf_hal.o)
                0x0000e124                RFHAL_SetTxTransitions
 .text.RFHAL_SetRxTransitions
                0x0000e140       0x1c C:\Users\Ayush\SimplicityStudio\v4_workspace\Blinky_SDK_2_9\platform\radio\rail_lib\autogen\librail_release\librail_efr32xg13_gcc_release.a(rail_rf_hal.o)
                0x0000e140                RFHAL_SetRxTransitions
 .text.RFHAL_SetCRCInitVal
                0x0000e15c        0x4 C:\Users\Ayush\SimplicityStudio\v4_workspace\Blinky_SDK_2_9\platform\radio\rail_lib\autogen\librail_release\librail_efr32xg13_gcc_release.a(rail_rf_hal.o)
                0x0000e15c                RFHAL_SetCRCInitVal
 .text.RFHAL_ConfigTxPower
                0x0000e160        0xc C:\Users\Ayush\SimplicityStudio\v4_workspace\Blinky_SDK_2_9\platform\radio\rail_lib\autogen\librail_release\librail_efr32xg13_gcc_release.a(rail_rf_hal.o)
                0x0000e160                RFHAL_ConfigTxPower
 .text.RFHAL_SetTxPowerUnchecked
                0x0000e16c       0x18 C:\Users\Ayush\SimplicityStudio\v4_workspace\Blinky_SDK_2_9\platform\radio\rail_lib\autogen\librail_release\librail_efr32xg13_gcc_release.a(rail_rf_hal.o)
                0x0000e16c                RFHAL_SetTxPowerUnchecked
 .text.RFHAL_SetTxPower
                0x0000e184       0x40 C:\Users\Ayush\SimplicityStudio\v4_workspace\Blinky_SDK_2_9\platform\radio\rail_lib\autogen\librail_release\librail_efr32xg13_gcc_release.a(rail_rf_hal.o)
                0x0000e184                RFHAL_SetTxPower
 .text.RFHAL_GetTxPowerConfig
                0x0000e1c4        0xc C:\Users\Ayush\SimplicityStudio\v4_workspace\Blinky_SDK_2_9\platform\radio\rail_lib\autogen\librail_release\librail_efr32xg13_gcc_release.a(rail_rf_hal.o)
                0x0000e1c4                RFHAL_GetTxPowerConfig
 .text.RFHAL_GetTxPower
                0x0000e1d0        0x4 C:\Users\Ayush\SimplicityStudio\v4_workspace\Blinky_SDK_2_9\platform\radio\rail_lib\autogen\librail_release\librail_efr32xg13_gcc_release.a(rail_rf_hal.o)
                0x0000e1d0                RFHAL_GetTxPower
 .text.RFHAL_SetChannel
                0x0000e1d4       0xc4 C:\Users\Ayush\SimplicityStudio\v4_workspace\Blinky_SDK_2_9\platform\radio\rail_lib\autogen\librail_release\librail_efr32xg13_gcc_release.a(rail_rf_hal.o)
                0x0000e1d4                RFHAL_SetChannel
 .text.RFHAL_IsAutoAckEnabled
                0x0000e298        0x6 C:\Users\Ayush\SimplicityStudio\v4_workspace\Blinky_SDK_2_9\platform\radio\rail_lib\autogen\librail_release\librail_efr32xg13_gcc_release.a(rail_rf_hal.o)
                0x0000e298                RFHAL_IsAutoAckEnabled
 *fill*         0x0000e29e        0x2 
 .text.RFHAL_AutoAckWaitForAck
                0x0000e2a0       0x18 C:\Users\Ayush\SimplicityStudio\v4_workspace\Blinky_SDK_2_9\platform\radio\rail_lib\autogen\librail_release\librail_efr32xg13_gcc_release.a(rail_rf_hal.o)
                0x0000e2a0                RFHAL_AutoAckWaitForAck
 .text.preTxOps
                0x0000e2b8       0xf4 C:\Users\Ayush\SimplicityStudio\v4_workspace\Blinky_SDK_2_9\platform\radio\rail_lib\autogen\librail_release\librail_efr32xg13_gcc_release.a(rail_rf_hal.o)
 .text.RFHAL_StartTx
                0x0000e3ac       0x12 C:\Users\Ayush\SimplicityStudio\v4_workspace\Blinky_SDK_2_9\platform\radio\rail_lib\autogen\librail_release\librail_efr32xg13_gcc_release.a(rail_rf_hal.o)
                0x0000e3ac                RFHAL_StartTx
 .text.RFHAL_StartScheduledTx
                0x0000e3be       0x3c C:\Users\Ayush\SimplicityStudio\v4_workspace\Blinky_SDK_2_9\platform\radio\rail_lib\autogen\librail_release\librail_efr32xg13_gcc_release.a(rail_rf_hal.o)
                0x0000e3be                RFHAL_StartScheduledTx
 *fill*         0x0000e3fa        0x2 
 .text.RFHAL_GetRxPacketInfo
                0x0000e3fc       0x48 C:\Users\Ayush\SimplicityStudio\v4_workspace\Blinky_SDK_2_9\platform\radio\rail_lib\autogen\librail_release\librail_efr32xg13_gcc_release.a(rail_rf_hal.o)
                0x0000e3fc                RFHAL_GetRxPacketInfo
 .text.RFHAL_GetRxPacketDetailsAlt
                0x0000e444       0x98 C:\Users\Ayush\SimplicityStudio\v4_workspace\Blinky_SDK_2_9\platform\radio\rail_lib\autogen\librail_release\librail_efr32xg13_gcc_release.a(rail_rf_hal.o)
                0x0000e444                RFHAL_GetRxPacketDetailsAlt
 .text.RFHAL_GetRxPacketDetails
                0x0000e4dc       0x22 C:\Users\Ayush\SimplicityStudio\v4_workspace\Blinky_SDK_2_9\platform\radio\rail_lib\autogen\librail_release\librail_efr32xg13_gcc_release.a(rail_rf_hal.o)
                0x0000e4dc                RFHAL_GetRxPacketDetails
 .text.RFHAL_SetTxBuffer
                0x0000e4fe       0x34 C:\Users\Ayush\SimplicityStudio\v4_workspace\Blinky_SDK_2_9\platform\radio\rail_lib\autogen\librail_release\librail_efr32xg13_gcc_release.a(rail_rf_hal.o)
                0x0000e4fe                RFHAL_SetTxBuffer
 .text.RFHAL_SetRxBuffer
                0x0000e532       0x2c C:\Users\Ayush\SimplicityStudio\v4_workspace\Blinky_SDK_2_9\platform\radio\rail_lib\autogen\librail_release\librail_efr32xg13_gcc_release.a(rail_rf_hal.o)
                0x0000e532                RFHAL_SetRxBuffer
 *fill*         0x0000e55e        0x2 
 .text.RFHAL_ResetTxFifo
                0x0000e560       0x2c C:\Users\Ayush\SimplicityStudio\v4_workspace\Blinky_SDK_2_9\platform\radio\rail_lib\autogen\librail_release\librail_efr32xg13_gcc_release.a(rail_rf_hal.o)
                0x0000e560                RFHAL_ResetTxFifo
 .text.RFHAL_WriteTxFifo
                0x0000e58c       0x4c C:\Users\Ayush\SimplicityStudio\v4_workspace\Blinky_SDK_2_9\platform\radio\rail_lib\autogen\librail_release\librail_efr32xg13_gcc_release.a(rail_rf_hal.o)
                0x0000e58c                RFHAL_WriteTxFifo
 .text.RFHAL_ResetRxFifo
                0x0000e5d8       0x40 C:\Users\Ayush\SimplicityStudio\v4_workspace\Blinky_SDK_2_9\platform\radio\rail_lib\autogen\librail_release\librail_efr32xg13_gcc_release.a(rail_rf_hal.o)
                0x0000e5d8                RFHAL_ResetRxFifo
 .text.RFHAL_ConfigData
                0x0000e618       0x7c C:\Users\Ayush\SimplicityStudio\v4_workspace\Blinky_SDK_2_9\platform\radio\rail_lib\autogen\librail_release\librail_efr32xg13_gcc_release.a(rail_rf_hal.o)
                0x0000e618                RFHAL_ConfigData
 .text.RFHAL_SetAbortScheduledTxDuringRx
                0x0000e694       0x18 C:\Users\Ayush\SimplicityStudio\v4_workspace\Blinky_SDK_2_9\platform\radio\rail_lib\autogen\librail_release\librail_efr32xg13_gcc_release.a(rail_rf_hal.o)
                0x0000e694                RFHAL_SetAbortScheduledTxDuringRx
 .text.RFHAL_ConfigRadio
                0x0000e6ac       0xac C:\Users\Ayush\SimplicityStudio\v4_workspace\Blinky_SDK_2_9\platform\radio\rail_lib\autogen\librail_release\librail_efr32xg13_gcc_release.a(rail_rf_hal.o)
                0x0000e6ac                RFHAL_ConfigRadio
 .text.RFHAL_ConfigFrameTypeLength
                0x0000e758       0x70 C:\Users\Ayush\SimplicityStudio\v4_workspace\Blinky_SDK_2_9\platform\radio\rail_lib\autogen\librail_release\librail_efr32xg13_gcc_release.a(rail_rf_hal.o)
                0x0000e758                RFHAL_ConfigFrameTypeLength
 .text.RFHAL_GetTime
                0x0000e7c8        0x4 C:\Users\Ayush\SimplicityStudio\v4_workspace\Blinky_SDK_2_9\platform\radio\rail_lib\autogen\librail_release\librail_efr32xg13_gcc_release.a(rail_rf_hal.o)
                0x0000e7c8                RFHAL_GetTime
 .text.RFHAL_ResetAddressFilter
                0x0000e7cc       0x10 C:\Users\Ayush\SimplicityStudio\v4_workspace\Blinky_SDK_2_9\platform\radio\rail_lib\autogen\librail_release\librail_efr32xg13_gcc_release.a(rail_rf_hal.o)
                0x0000e7cc                RFHAL_ResetAddressFilter
 .text.RFHAL_Init
                0x0000e7dc       0xa8 C:\Users\Ayush\SimplicityStudio\v4_workspace\Blinky_SDK_2_9\platform\radio\rail_lib\autogen\librail_release\librail_efr32xg13_gcc_release.a(rail_rf_hal.o)
                0x0000e7dc                RFHAL_Init
 .text.RFHAL_GetRadioEntropy
                0x0000e884        0x4 C:\Users\Ayush\SimplicityStudio\v4_workspace\Blinky_SDK_2_9\platform\radio\rail_lib\autogen\librail_release\librail_efr32xg13_gcc_release.a(rail_rf_hal.o)
                0x0000e884                RFHAL_GetRadioEntropy
 .text.RFHAL_SetStateTiming
                0x0000e888       0x56 C:\Users\Ayush\SimplicityStudio\v4_workspace\Blinky_SDK_2_9\platform\radio\rail_lib\autogen\librail_release\librail_efr32xg13_gcc_release.a(rail_rf_hal.o)
                0x0000e888                RFHAL_SetStateTiming
 .text.RFHAL_IEEE802154IsEnabled
                0x0000e8de        0x6 C:\Users\Ayush\SimplicityStudio\v4_workspace\Blinky_SDK_2_9\platform\radio\rail_lib\autogen\librail_release\librail_efr32xg13_gcc_release.a(rail_ieee802154_rf_hal.o)
                0x0000e8de                RFHAL_IEEE802154IsEnabled
 .text.RFHAL_ConfigBle2MbpsViterbi
                0x0000e8e4       0x28 C:\Users\Ayush\SimplicityStudio\v4_workspace\Blinky_SDK_2_9\platform\radio\rail_lib\autogen\librail_release\librail_efr32xg13_gcc_release.a(rail_ble_rf_hal.o)
                0x0000e8e4                RFHAL_ConfigBle2MbpsViterbi
 .text.RFHAL_ConfigBle1MbpsViterbi
                0x0000e90c       0x28 C:\Users\Ayush\SimplicityStudio\v4_workspace\Blinky_SDK_2_9\platform\radio\rail_lib\autogen\librail_release\librail_efr32xg13_gcc_release.a(rail_ble_rf_hal.o)
                0x0000e90c                RFHAL_ConfigBle1MbpsViterbi
 .text.RFHAL_ConfigBleCoded
                0x0000e934       0x34 C:\Users\Ayush\SimplicityStudio\v4_workspace\Blinky_SDK_2_9\platform\radio\rail_lib\autogen\librail_release\librail_efr32xg13_gcc_release.a(rail_ble_rf_hal.o)
                0x0000e934                RFHAL_ConfigBleCoded
 .text.RFHAL_BleReinit
                0x0000e968       0x1c C:\Users\Ayush\SimplicityStudio\v4_workspace\Blinky_SDK_2_9\platform\radio\rail_lib\autogen\librail_release\librail_efr32xg13_gcc_release.a(rail_ble_rf_hal.o)
                0x0000e968                RFHAL_BleReinit
 .text.RFHAL_BleInit
                0x0000e984       0x12 C:\Users\Ayush\SimplicityStudio\v4_workspace\Blinky_SDK_2_9\platform\radio\rail_lib\autogen\librail_release\librail_efr32xg13_gcc_release.a(rail_ble_rf_hal.o)
                0x0000e984                RFHAL_BleInit
 *fill*         0x0000e996        0x2 
 .text.RFHAL_IsBleLongRangeEnabled
                0x0000e998       0x18 C:\Users\Ayush\SimplicityStudio\v4_workspace\Blinky_SDK_2_9\platform\radio\rail_lib\autogen\librail_release\librail_efr32xg13_gcc_release.a(rail_ble_rf_hal.o)
                0x0000e998                RFHAL_IsBleLongRangeEnabled
 .text.RFHAL_BLEPreambleSyncWordSet
                0x0000e9b0       0x44 C:\Users\Ayush\SimplicityStudio\v4_workspace\Blinky_SDK_2_9\platform\radio\rail_lib\autogen\librail_release\librail_efr32xg13_gcc_release.a(rail_ble_rf_hal.o)
                0x0000e9b0                RFHAL_BLEPreambleSyncWordSet
 .text.RFHAL_BLEWhiteningSet
                0x0000e9f4       0x68 C:\Users\Ayush\SimplicityStudio\v4_workspace\Blinky_SDK_2_9\platform\radio\rail_lib\autogen\librail_release\librail_efr32xg13_gcc_release.a(rail_ble_rf_hal.o)
                0x0000e9f4                RFHAL_BLEWhiteningSet
 .text.setMultiTimer
                0x0000ea5c        0x4 C:\Users\Ayush\SimplicityStudio\v4_workspace\Blinky_SDK_2_9\platform\radio\rail_lib\autogen\librail_release\librail_efr32xg13_gcc_release.a(rail_singleprotocol.o)
 .text.cancelMultiTimer
                0x0000ea60        0x4 C:\Users\Ayush\SimplicityStudio\v4_workspace\Blinky_SDK_2_9\platform\radio\rail_lib\autogen\librail_release\librail_efr32xg13_gcc_release.a(rail_singleprotocol.o)
 .text.isMultiTimerExpired
                0x0000ea64        0x4 C:\Users\Ayush\SimplicityStudio\v4_workspace\Blinky_SDK_2_9\platform\radio\rail_lib\autogen\librail_release\librail_efr32xg13_gcc_release.a(rail_singleprotocol.o)
 .text.getMultiTimer
                0x0000ea68        0x4 C:\Users\Ayush\SimplicityStudio\v4_workspace\Blinky_SDK_2_9\platform\radio\rail_lib\autogen\librail_release\librail_efr32xg13_gcc_release.a(rail_singleprotocol.o)
 .text.getActiveTimerCb
                0x0000ea6c       0x18 C:\Users\Ayush\SimplicityStudio\v4_workspace\Blinky_SDK_2_9\platform\radio\rail_lib\autogen\librail_release\librail_efr32xg13_gcc_release.a(rail_singleprotocol.o)
 .text.isMultiTimerRunning
                0x0000ea84        0x4 C:\Users\Ayush\SimplicityStudio\v4_workspace\Blinky_SDK_2_9\platform\radio\rail_lib\autogen\librail_release\librail_efr32xg13_gcc_release.a(rail_singleprotocol.o)
 .text.RAIL_Init
                0x0000ea88       0x20 C:\Users\Ayush\SimplicityStudio\v4_workspace\Blinky_SDK_2_9\platform\radio\rail_lib\autogen\librail_release\librail_efr32xg13_gcc_release.a(rail_singleprotocol.o)
                0x0000ea88                RAIL_Init
 .text.RAIL_GetSchedulerStatus
                0x0000eaa8        0x4 C:\Users\Ayush\SimplicityStudio\v4_workspace\Blinky_SDK_2_9\platform\radio\rail_lib\autogen\librail_release\librail_efr32xg13_gcc_release.a(rail_singleprotocol.o)
                0x0000eaa8                RAIL_GetSchedulerStatus
 .text.RAIL_Idle
                0x0000eaac        0x8 C:\Users\Ayush\SimplicityStudio\v4_workspace\Blinky_SDK_2_9\platform\radio\rail_lib\autogen\librail_release\librail_efr32xg13_gcc_release.a(rail_singleprotocol.o)
                0x0000eaac                RAIL_Idle
 .text.RAIL_YieldRadio
                0x0000eab4        0x2 C:\Users\Ayush\SimplicityStudio\v4_workspace\Blinky_SDK_2_9\platform\radio\rail_lib\autogen\librail_release\librail_efr32xg13_gcc_release.a(rail_singleprotocol.o)
                0x0000eab4                RAIL_YieldRadio
 .text.RAIL_GetRadioEntropy
                0x0000eab6        0x8 C:\Users\Ayush\SimplicityStudio\v4_workspace\Blinky_SDK_2_9\platform\radio\rail_lib\autogen\librail_release\librail_efr32xg13_gcc_release.a(rail_singleprotocol.o)
                0x0000eab6                RAIL_GetRadioEntropy
 .text.RAIL_SetTimer
                0x0000eabe       0x1c C:\Users\Ayush\SimplicityStudio\v4_workspace\Blinky_SDK_2_9\platform\radio\rail_lib\autogen\librail_release\librail_efr32xg13_gcc_release.a(rail_singleprotocol.o)
                0x0000eabe                RAIL_SetTimer
 .text.RAIL_CancelTimer
                0x0000eada        0xe C:\Users\Ayush\SimplicityStudio\v4_workspace\Blinky_SDK_2_9\platform\radio\rail_lib\autogen\librail_release\librail_efr32xg13_gcc_release.a(rail_singleprotocol.o)
                0x0000eada                RAIL_CancelTimer
 .text.RAIL_StartTx
                0x0000eae8        0x6 C:\Users\Ayush\SimplicityStudio\v4_workspace\Blinky_SDK_2_9\platform\radio\rail_lib\autogen\librail_release\librail_efr32xg13_gcc_release.a(rail_singleprotocol.o)
                0x0000eae8                RAIL_StartTx
 .text.RAIL_StartScheduledTx
                0x0000eaee        0x6 C:\Users\Ayush\SimplicityStudio\v4_workspace\Blinky_SDK_2_9\platform\radio\rail_lib\autogen\librail_release\librail_efr32xg13_gcc_release.a(rail_singleprotocol.o)
                0x0000eaee                RAIL_StartScheduledTx
 .text.RAIL_ScheduleRx
                0x0000eaf4        0x6 C:\Users\Ayush\SimplicityStudio\v4_workspace\Blinky_SDK_2_9\platform\radio\rail_lib\autogen\librail_release\librail_efr32xg13_gcc_release.a(rail_singleprotocol.o)
                0x0000eaf4                RAIL_ScheduleRx
 .text.radioConfigChangedDefault
                0x0000eafa        0x2 C:\Users\Ayush\SimplicityStudio\v4_workspace\Blinky_SDK_2_9\platform\radio\rail_lib\autogen\librail_release\librail_efr32xg13_gcc_release.a(rail_rf.o)
 .text.isTransitionState
                0x0000eafc       0x12 C:\Users\Ayush\SimplicityStudio\v4_workspace\Blinky_SDK_2_9\platform\radio\rail_lib\autogen\librail_release\librail_efr32xg13_gcc_release.a(rail_rf.o)
 .text.RAILCore_Init
                0x0000eb0e       0x12 C:\Users\Ayush\SimplicityStudio\v4_workspace\Blinky_SDK_2_9\platform\radio\rail_lib\autogen\librail_release\librail_efr32xg13_gcc_release.a(rail_rf.o)
                0x0000eb0e                RAILCore_Init
 .text.RAILInt_SetCallbackConfig
                0x0000eb20       0x20 C:\Users\Ayush\SimplicityStudio\v4_workspace\Blinky_SDK_2_9\platform\radio\rail_lib\autogen\librail_release\librail_efr32xg13_gcc_release.a(rail_rf.o)
                0x0000eb20                RAILInt_SetCallbackConfig
 .text.RAILCore_Idle
                0x0000eb40       0x14 C:\Users\Ayush\SimplicityStudio\v4_workspace\Blinky_SDK_2_9\platform\radio\rail_lib\autogen\librail_release\librail_efr32xg13_gcc_release.a(rail_rf.o)
                0x0000eb40                RAILCore_Idle
 .text.RAILCb_CalcBitRate
                0x0000eb54        0x6 C:\Users\Ayush\SimplicityStudio\v4_workspace\Blinky_SDK_2_9\platform\radio\rail_lib\autogen\librail_release\librail_efr32xg13_gcc_release.a(rail_rf.o)
                0x0000eb54                RAILCb_CalcBitRate
 .text.RAIL_SetStateTiming
                0x0000eb5a        0x6 C:\Users\Ayush\SimplicityStudio\v4_workspace\Blinky_SDK_2_9\platform\radio\rail_lib\autogen\librail_release\librail_efr32xg13_gcc_release.a(rail_rf.o)
                0x0000eb5a                RAIL_SetStateTiming
 .text.RAILInt_IsPowerInRange
                0x0000eb60       0x3c C:\Users\Ayush\SimplicityStudio\v4_workspace\Blinky_SDK_2_9\platform\radio\rail_lib\autogen\librail_release\librail_efr32xg13_gcc_release.a(rail_rf.o)
                0x0000eb60                RAILInt_IsPowerInRange
 .text.RAILInt_SetChannel
                0x0000eb9c      0x1c0 C:\Users\Ayush\SimplicityStudio\v4_workspace\Blinky_SDK_2_9\platform\radio\rail_lib\autogen\librail_release\librail_efr32xg13_gcc_release.a(rail_rf.o)
                0x0000eb9c                RAILInt_SetChannel
 .text.RAILCore_ConfigChannels
                0x0000ed5c       0x60 C:\Users\Ayush\SimplicityStudio\v4_workspace\Blinky_SDK_2_9\platform\radio\rail_lib\autogen\librail_release\librail_efr32xg13_gcc_release.a(rail_rf.o)
                0x0000ed5c                RAILCore_ConfigChannels
 .text.RAILInt_GetChannel
                0x0000edbc        0x4 C:\Users\Ayush\SimplicityStudio\v4_workspace\Blinky_SDK_2_9\platform\radio\rail_lib\autogen\librail_release\librail_efr32xg13_gcc_release.a(rail_rf.o)
                0x0000edbc                RAILInt_GetChannel
 .text.RAILCore_SetTxTransitions
                0x0000edc0       0x3c C:\Users\Ayush\SimplicityStudio\v4_workspace\Blinky_SDK_2_9\platform\radio\rail_lib\autogen\librail_release\librail_efr32xg13_gcc_release.a(rail_rf.o)
                0x0000edc0                RAILCore_SetTxTransitions
 .text.RAIL_SetTxTransitions
                0x0000edfc        0x6 C:\Users\Ayush\SimplicityStudio\v4_workspace\Blinky_SDK_2_9\platform\radio\rail_lib\autogen\librail_release\librail_efr32xg13_gcc_release.a(rail_rf.o)
                0x0000edfc                RAIL_SetTxTransitions
 .text.RAILCore_SetRxTransitions
                0x0000ee02       0x38 C:\Users\Ayush\SimplicityStudio\v4_workspace\Blinky_SDK_2_9\platform\radio\rail_lib\autogen\librail_release\librail_efr32xg13_gcc_release.a(rail_rf.o)
                0x0000ee02                RAILCore_SetRxTransitions
 .text.RAIL_SetRxTransitions
                0x0000ee3a        0x6 C:\Users\Ayush\SimplicityStudio\v4_workspace\Blinky_SDK_2_9\platform\radio\rail_lib\autogen\librail_release\librail_efr32xg13_gcc_release.a(rail_rf.o)
                0x0000ee3a                RAIL_SetRxTransitions
 .text.RAIL_ConfigEvents
                0x0000ee40        0x6 C:\Users\Ayush\SimplicityStudio\v4_workspace\Blinky_SDK_2_9\platform\radio\rail_lib\autogen\librail_release\librail_efr32xg13_gcc_release.a(rail_rf.o)
                0x0000ee40                RAIL_ConfigEvents
 .text.RAIL_ConfigRxOptions
                0x0000ee46        0x6 C:\Users\Ayush\SimplicityStudio\v4_workspace\Blinky_SDK_2_9\platform\radio\rail_lib\autogen\librail_release\librail_efr32xg13_gcc_release.a(rail_rx.o)
                0x0000ee46                RAIL_ConfigRxOptions
 .text.RAILCore_ScheduleRx
                0x0000ee4c       0x2c C:\Users\Ayush\SimplicityStudio\v4_workspace\Blinky_SDK_2_9\platform\radio\rail_lib\autogen\librail_release\librail_efr32xg13_gcc_release.a(rail_rx.o)
                0x0000ee4c                RAILCore_ScheduleRx
 .text.RAILCb_ConfigFrameTypeLength
                0x0000ee78        0x6 C:\Users\Ayush\SimplicityStudio\v4_workspace\Blinky_SDK_2_9\platform\radio\rail_lib\autogen\librail_release\librail_efr32xg13_gcc_release.a(rail_rx.o)
                0x0000ee78                RAILCb_ConfigFrameTypeLength
 .text.RAIL_SetTxPower
                0x0000ee7e        0x6 C:\Users\Ayush\SimplicityStudio\v4_workspace\Blinky_SDK_2_9\platform\radio\rail_lib\autogen\librail_release\librail_efr32xg13_gcc_release.a(rail_tx.o)
                0x0000ee7e                RAIL_SetTxPower
 .text.RAIL_ConfigTxPower
                0x0000ee84       0x1c C:\Users\Ayush\SimplicityStudio\v4_workspace\Blinky_SDK_2_9\platform\radio\rail_lib\autogen\librail_release\librail_efr32xg13_gcc_release.a(rail_tx.o)
                0x0000ee84                RAIL_ConfigTxPower
 .text.RAILInt_PendCal
                0x0000eea0       0x24 C:\Users\Ayush\SimplicityStudio\v4_workspace\Blinky_SDK_2_9\platform\radio\rail_lib\autogen\librail_release\librail_efr32xg13_gcc_release.a(rail_calibration.o)
                0x0000eea0                RAILInt_PendCal
 .text.RAIL_WriteTxFifo
                0x0000eec4        0x6 C:\Users\Ayush\SimplicityStudio\v4_workspace\Blinky_SDK_2_9\platform\radio\rail_lib\autogen\librail_release\librail_efr32xg13_gcc_release.a(rail_data.o)
                0x0000eec4                RAIL_WriteTxFifo
 .text.RAIL_SetTxFifo
                0x0000eeca        0x6 C:\Users\Ayush\SimplicityStudio\v4_workspace\Blinky_SDK_2_9\platform\radio\rail_lib\autogen\librail_release\librail_efr32xg13_gcc_release.a(rail_data.o)
                0x0000eeca                RAIL_SetTxFifo
 .text.RAIL_SetRxFifo
                0x0000eed0        0x6 C:\Users\Ayush\SimplicityStudio\v4_workspace\Blinky_SDK_2_9\platform\radio\rail_lib\autogen\librail_release\librail_efr32xg13_gcc_release.a(rail_data.o)
                0x0000eed0                RAIL_SetRxFifo
 *fill*         0x0000eed6        0x2 
 .text.RAILCb_SetupRxFifo
                0x0000eed8       0x30 C:\Users\Ayush\SimplicityStudio\v4_workspace\Blinky_SDK_2_9\platform\radio\rail_lib\autogen\librail_release\librail_efr32xg13_gcc_release.a(rail_data.o)
                0x0000eed8                RAILCb_SetupRxFifo
 .text.RAIL_GetRxPacketInfo
                0x0000ef08        0x8 C:\Users\Ayush\SimplicityStudio\v4_workspace\Blinky_SDK_2_9\platform\radio\rail_lib\autogen\librail_release\librail_efr32xg13_gcc_release.a(rail_data.o)
                0x0000ef08                RAIL_GetRxPacketInfo
 .text.RAIL_GetRxPacketDetails
                0x0000ef10        0x6 C:\Users\Ayush\SimplicityStudio\v4_workspace\Blinky_SDK_2_9\platform\radio\rail_lib\autogen\librail_release\librail_efr32xg13_gcc_release.a(rail_data.o)
                0x0000ef10                RAIL_GetRxPacketDetails
 .text.RAIL_ResetFifo
                0x0000ef16       0x1e C:\Users\Ayush\SimplicityStudio\v4_workspace\Blinky_SDK_2_9\platform\radio\rail_lib\autogen\librail_release\librail_efr32xg13_gcc_release.a(rail_data.o)
                0x0000ef16                RAIL_ResetFifo
 .text.RAILCb_AssertFailed
                0x0000ef34       0x14 C:\Users\Ayush\SimplicityStudio\v4_workspace\Blinky_SDK_2_9\platform\radio\rail_lib\autogen\librail_release\librail_efr32xg13_gcc_release.a(rail_assert.o)
                0x0000ef34                RAILCb_AssertFailed
 .text.RAILInt_Assert
                0x0000ef48       0x1c C:\Users\Ayush\SimplicityStudio\v4_workspace\Blinky_SDK_2_9\platform\radio\rail_lib\autogen\librail_release\librail_efr32xg13_gcc_release.a(rail_assert.o)
                0x0000ef48                RAILInt_Assert
 .text.RAIL_GetTime
                0x0000ef64        0x4 C:\Users\Ayush\SimplicityStudio\v4_workspace\Blinky_SDK_2_9\platform\radio\rail_lib\autogen\librail_release\librail_efr32xg13_gcc_release.a(rail_timer.o)
                0x0000ef64                RAIL_GetTime
 .text.checkAndAddRxLenOverflowEntry.part.0
                0x0000ef68       0x2c C:\Users\Ayush\SimplicityStudio\v4_workspace\Blinky_SDK_2_9\platform\radio\rail_lib\autogen\librail_release\librail_efr32xg13_gcc_release.a(bufc.o)
 .text.BUFC_ReadHelper
                0x0000ef94       0x7a C:\Users\Ayush\SimplicityStudio\v4_workspace\Blinky_SDK_2_9\platform\radio\rail_lib\autogen\librail_release\librail_efr32xg13_gcc_release.a(bufc.o)
 *fill*         0x0000f00e        0x2 
 .text.BUFC_SetTxBuffer
                0x0000f010       0x38 C:\Users\Ayush\SimplicityStudio\v4_workspace\Blinky_SDK_2_9\platform\radio\rail_lib\autogen\librail_release\librail_efr32xg13_gcc_release.a(bufc.o)
                0x0000f010                BUFC_SetTxBuffer
 .text.BUFC_SetRxBuffer
                0x0000f048       0x1c C:\Users\Ayush\SimplicityStudio\v4_workspace\Blinky_SDK_2_9\platform\radio\rail_lib\autogen\librail_release\librail_efr32xg13_gcc_release.a(bufc.o)
                0x0000f048                BUFC_SetRxBuffer
 .text.BUFC_WriteBuffer
                0x0000f064       0xb0 C:\Users\Ayush\SimplicityStudio\v4_workspace\Blinky_SDK_2_9\platform\radio\rail_lib\autogen\librail_release\librail_efr32xg13_gcc_release.a(bufc.o)
                0x0000f064                BUFC_WriteBuffer
 .text.BUFC_Peek
                0x0000f114       0x12 C:\Users\Ayush\SimplicityStudio\v4_workspace\Blinky_SDK_2_9\platform\radio\rail_lib\autogen\librail_release\librail_efr32xg13_gcc_release.a(bufc.o)
                0x0000f114                BUFC_Peek
 .text.BUFC_PeekByte
                0x0000f126       0x46 C:\Users\Ayush\SimplicityStudio\v4_workspace\Blinky_SDK_2_9\platform\radio\rail_lib\autogen\librail_release\librail_efr32xg13_gcc_release.a(bufc.o)
                0x0000f126                BUFC_PeekByte
 .text.BUFC_GetSpaceAvailable
                0x0000f16c       0x24 C:\Users\Ayush\SimplicityStudio\v4_workspace\Blinky_SDK_2_9\platform\radio\rail_lib\autogen\librail_release\librail_efr32xg13_gcc_release.a(bufc.o)
                0x0000f16c                BUFC_GetSpaceAvailable
 .text.BUFC_GetBytesAvailable
                0x0000f190       0x14 C:\Users\Ayush\SimplicityStudio\v4_workspace\Blinky_SDK_2_9\platform\radio\rail_lib\autogen\librail_release\librail_efr32xg13_gcc_release.a(bufc.o)
                0x0000f190                BUFC_GetBytesAvailable
 .text.BUFC_TxAckBufferSet
                0x0000f1a4       0x2c C:\Users\Ayush\SimplicityStudio\v4_workspace\Blinky_SDK_2_9\platform\radio\rail_lib\autogen\librail_release\librail_efr32xg13_gcc_release.a(bufc.o)
                0x0000f1a4                BUFC_TxAckBufferSet
 .text.BUFC_RxBufferReset
                0x0000f1d0       0x5c C:\Users\Ayush\SimplicityStudio\v4_workspace\Blinky_SDK_2_9\platform\radio\rail_lib\autogen\librail_release\librail_efr32xg13_gcc_release.a(bufc.o)
                0x0000f1d0                BUFC_RxBufferReset
 .text.BUFC_Init
                0x0000f22c       0x50 C:\Users\Ayush\SimplicityStudio\v4_workspace\Blinky_SDK_2_9\platform\radio\rail_lib\autogen\librail_release\librail_efr32xg13_gcc_release.a(bufc.o)
                0x0000f22c                BUFC_Init
 .text.BUFC_ReleaseRxPacket
                0x0000f27c      0x118 C:\Users\Ayush\SimplicityStudio\v4_workspace\Blinky_SDK_2_9\platform\radio\rail_lib\autogen\librail_release\librail_efr32xg13_gcc_release.a(bufc.o)
                0x0000f27c                BUFC_ReleaseRxPacket
 .text.BUFC_StartRxLenThrEvent
                0x0000f394       0x50 C:\Users\Ayush\SimplicityStudio\v4_workspace\Blinky_SDK_2_9\platform\radio\rail_lib\autogen\librail_release\librail_efr32xg13_gcc_release.a(bufc.o)
                0x0000f394                BUFC_StartRxLenThrEvent
 .text.BUFC_EndRxLenThrEvent
                0x0000f3e4       0x1c C:\Users\Ayush\SimplicityStudio\v4_workspace\Blinky_SDK_2_9\platform\radio\rail_lib\autogen\librail_release\librail_efr32xg13_gcc_release.a(bufc.o)
                0x0000f3e4                BUFC_EndRxLenThrEvent
 .text.BUFC_HandleRxLenOvfEvent
                0x0000f400       0x30 C:\Users\Ayush\SimplicityStudio\v4_workspace\Blinky_SDK_2_9\platform\radio\rail_lib\autogen\librail_release\librail_efr32xg13_gcc_release.a(bufc.o)
                0x0000f400                BUFC_HandleRxLenOvfEvent
 .text.BUFC_GetRxPacketInfo
                0x0000f430      0x168 C:\Users\Ayush\SimplicityStudio\v4_workspace\Blinky_SDK_2_9\platform\radio\rail_lib\autogen\librail_release\librail_efr32xg13_gcc_release.a(bufc.o)
                0x0000f430                BUFC_GetRxPacketInfo
 .text.IRCAL_Set
                0x0000f598       0x1c C:\Users\Ayush\SimplicityStudio\v4_workspace\Blinky_SDK_2_9\platform\radio\rail_lib\autogen\librail_release\librail_efr32xg13_gcc_release.a(ir_cal.o)
                0x0000f598                IRCAL_Set
 .text.getRampTimeFromLevelAndRate
                0x0000f5b4       0x20 C:\Users\Ayush\SimplicityStudio\v4_workspace\Blinky_SDK_2_9\platform\radio\rail_lib\autogen\librail_release\librail_efr32xg13_gcc_release.a(pa.o)
 .text.PA_ProtectPa
                0x0000f5d4       0xa0 C:\Users\Ayush\SimplicityStudio\v4_workspace\Blinky_SDK_2_9\platform\radio\rail_lib\autogen\librail_release\librail_efr32xg13_gcc_release.a(pa.o)
 .text.PA_GetTxPowerConfig
                0x0000f674       0x14 C:\Users\Ayush\SimplicityStudio\v4_workspace\Blinky_SDK_2_9\platform\radio\rail_lib\autogen\librail_release\librail_efr32xg13_gcc_release.a(pa.o)
                0x0000f674                PA_GetTxPowerConfig
 .text.PA_GetPowerLevel
                0x0000f688        0xc C:\Users\Ayush\SimplicityStudio\v4_workspace\Blinky_SDK_2_9\platform\radio\rail_lib\autogen\librail_release\librail_efr32xg13_gcc_release.a(pa.o)
                0x0000f688                PA_GetPowerLevel
 .text.PA_SetPowerLevel
                0x0000f694      0x178 C:\Users\Ayush\SimplicityStudio\v4_workspace\Blinky_SDK_2_9\platform\radio\rail_lib\autogen\librail_release\librail_efr32xg13_gcc_release.a(pa.o)
                0x0000f694                PA_SetPowerLevel
 .text.PA_RunPeakDetectorHigh
                0x0000f80c       0x40 C:\Users\Ayush\SimplicityStudio\v4_workspace\Blinky_SDK_2_9\platform\radio\rail_lib\autogen\librail_release\librail_efr32xg13_gcc_release.a(pa.o)
                0x0000f80c                PA_RunPeakDetectorHigh
 .text.PA_RunPeakDetectorLow
                0x0000f84c        0x2 C:\Users\Ayush\SimplicityStudio\v4_workspace\Blinky_SDK_2_9\platform\radio\rail_lib\autogen\librail_release\librail_efr32xg13_gcc_release.a(pa.o)
                0x0000f84c                PA_RunPeakDetectorLow
 *fill*         0x0000f84e        0x2 
 .text.PA_RunBatHigh
                0x0000f850       0x2c C:\Users\Ayush\SimplicityStudio\v4_workspace\Blinky_SDK_2_9\platform\radio\rail_lib\autogen\librail_release\librail_efr32xg13_gcc_release.a(pa.o)
                0x0000f850                PA_RunBatHigh
 .text.PA_GetRampTime
                0x0000f87c        0xc C:\Users\Ayush\SimplicityStudio\v4_workspace\Blinky_SDK_2_9\platform\radio\rail_lib\autogen\librail_release\librail_efr32xg13_gcc_release.a(pa.o)
                0x0000f87c                PA_GetRampTime
 .text.PA_CalcRampTime
                0x0000f888       0x3c C:\Users\Ayush\SimplicityStudio\v4_workspace\Blinky_SDK_2_9\platform\radio\rail_lib\autogen\librail_release\librail_efr32xg13_gcc_release.a(pa.o)
                0x0000f888                PA_CalcRampTime
 .text.PA_SetRampTime
                0x0000f8c4      0x100 C:\Users\Ayush\SimplicityStudio\v4_workspace\Blinky_SDK_2_9\platform\radio\rail_lib\autogen\librail_release\librail_efr32xg13_gcc_release.a(pa.o)
                0x0000f8c4                PA_SetRampTime
 .text.PA_SetCTune
                0x0000f9c4       0x34 C:\Users\Ayush\SimplicityStudio\v4_workspace\Blinky_SDK_2_9\platform\radio\rail_lib\autogen\librail_release\librail_efr32xg13_gcc_release.a(pa.o)
                0x0000f9c4                PA_SetCTune
 .text.PA_SelectBand
                0x0000f9f8       0x38 C:\Users\Ayush\SimplicityStudio\v4_workspace\Blinky_SDK_2_9\platform\radio\rail_lib\autogen\librail_release\librail_efr32xg13_gcc_release.a(pa.o)
                0x0000f9f8                PA_SelectBand
 .text.PA_Config
                0x0000fa30      0x114 C:\Users\Ayush\SimplicityStudio\v4_workspace\Blinky_SDK_2_9\platform\radio\rail_lib\autogen\librail_release\librail_efr32xg13_gcc_release.a(pa.o)
                0x0000fa30                PA_Config
 .text.PA_UpdateConfig
                0x0000fb44       0x38 C:\Users\Ayush\SimplicityStudio\v4_workspace\Blinky_SDK_2_9\platform\radio\rail_lib\autogen\librail_release\librail_efr32xg13_gcc_release.a(pa.o)
                0x0000fb44                PA_UpdateConfig
 .text.PROTIMER_Init
                0x0000fb7c       0xe4 C:\Users\Ayush\SimplicityStudio\v4_workspace\Blinky_SDK_2_9\platform\radio\rail_lib\autogen\librail_release\librail_efr32xg13_gcc_release.a(protimer.o)
                0x0000fb7c                PROTIMER_Init
 .text.PROTIMER_Start
                0x0000fc60       0x1c C:\Users\Ayush\SimplicityStudio\v4_workspace\Blinky_SDK_2_9\platform\radio\rail_lib\autogen\librail_release\librail_efr32xg13_gcc_release.a(protimer.o)
                0x0000fc60                PROTIMER_Start
 .text.PROTIMER_ElapsedTime
                0x0000fc7c       0x40 C:\Users\Ayush\SimplicityStudio\v4_workspace\Blinky_SDK_2_9\platform\radio\rail_lib\autogen\librail_release\librail_efr32xg13_gcc_release.a(protimer.o)
                0x0000fc7c                PROTIMER_ElapsedTime
 .text.PROTIMER_CCTimerStop
                0x0000fcbc       0x20 C:\Users\Ayush\SimplicityStudio\v4_workspace\Blinky_SDK_2_9\platform\radio\rail_lib\autogen\librail_release\librail_efr32xg13_gcc_release.a(protimer.o)
                0x0000fcbc                PROTIMER_CCTimerStop
 .text.PROTIMER_CCTimerIsEnabled
                0x0000fcdc       0x14 C:\Users\Ayush\SimplicityStudio\v4_workspace\Blinky_SDK_2_9\platform\radio\rail_lib\autogen\librail_release\librail_efr32xg13_gcc_release.a(protimer.o)
                0x0000fcdc                PROTIMER_CCTimerIsEnabled
 .text.PROTIMER_CCTimerCapture
                0x0000fcf0       0x18 C:\Users\Ayush\SimplicityStudio\v4_workspace\Blinky_SDK_2_9\platform\radio\rail_lib\autogen\librail_release\librail_efr32xg13_gcc_release.a(protimer.o)
                0x0000fcf0                PROTIMER_CCTimerCapture
 .text.PROTIMER_ClearRxEnable
                0x0000fd08       0x10 C:\Users\Ayush\SimplicityStudio\v4_workspace\Blinky_SDK_2_9\platform\radio\rail_lib\autogen\librail_release\librail_efr32xg13_gcc_release.a(protimer.o)
                0x0000fd08                PROTIMER_ClearRxEnable
 .text.PROTIMER_GetTime
                0x0000fd18       0x38 C:\Users\Ayush\SimplicityStudio\v4_workspace\Blinky_SDK_2_9\platform\radio\rail_lib\autogen\librail_release\librail_efr32xg13_gcc_release.a(protimer.o)
                0x0000fd18                PROTIMER_GetTime
 .text.PROTIMER_LBTStop
                0x0000fd50       0x18 C:\Users\Ayush\SimplicityStudio\v4_workspace\Blinky_SDK_2_9\platform\radio\rail_lib\autogen\librail_release\librail_efr32xg13_gcc_release.a(protimer.o)
                0x0000fd50                PROTIMER_LBTStop
 .text.PROTIMER_PrecntOverflowToUs
                0x0000fd68       0x34 C:\Users\Ayush\SimplicityStudio\v4_workspace\Blinky_SDK_2_9\platform\radio\rail_lib\autogen\librail_release\librail_efr32xg13_gcc_release.a(protimer.o)
                0x0000fd68                PROTIMER_PrecntOverflowToUs
 .text.PROTIMER_GetUsTime
                0x0000fd9c       0x18 C:\Users\Ayush\SimplicityStudio\v4_workspace\Blinky_SDK_2_9\platform\radio\rail_lib\autogen\librail_release\librail_efr32xg13_gcc_release.a(protimer.o)
                0x0000fd9c                PROTIMER_GetUsTime
 .text.PROTIMER_GetUsFromRawWrap
                0x0000fdb4       0x2e C:\Users\Ayush\SimplicityStudio\v4_workspace\Blinky_SDK_2_9\platform\radio\rail_lib\autogen\librail_release\librail_efr32xg13_gcc_release.a(protimer.o)
                0x0000fdb4                PROTIMER_GetUsFromRawWrap
 *fill*         0x0000fde2        0x2 
 .text.PROTIMER_UsToPrecntOverflow
                0x0000fde4       0x40 C:\Users\Ayush\SimplicityStudio\v4_workspace\Blinky_SDK_2_9\platform\radio\rail_lib\autogen\librail_release\librail_efr32xg13_gcc_release.a(protimer.o)
                0x0000fde4                PROTIMER_UsToPrecntOverflow
 .text.PROTIMER_CCTimerStart
                0x0000fe24      0x1a8 C:\Users\Ayush\SimplicityStudio\v4_workspace\Blinky_SDK_2_9\platform\radio\rail_lib\autogen\librail_release\librail_efr32xg13_gcc_release.a(protimer.o)
                0x0000fe24                PROTIMER_CCTimerStart
 .text.PROTIMER_ScheduleTxEnable
                0x0000ffcc       0x28 C:\Users\Ayush\SimplicityStudio\v4_workspace\Blinky_SDK_2_9\platform\radio\rail_lib\autogen\librail_release\librail_efr32xg13_gcc_release.a(protimer.o)
                0x0000ffcc                PROTIMER_ScheduleTxEnable
 .text.PROTIMER_ScheduleRxEnable
                0x0000fff4       0x28 C:\Users\Ayush\SimplicityStudio\v4_workspace\Blinky_SDK_2_9\platform\radio\rail_lib\autogen\librail_release\librail_efr32xg13_gcc_release.a(protimer.o)
                0x0000fff4                PROTIMER_ScheduleRxEnable
 .text.PROTIMER_ScheduleRxDisable
                0x0001001c       0x34 C:\Users\Ayush\SimplicityStudio\v4_workspace\Blinky_SDK_2_9\platform\radio\rail_lib\autogen\librail_release\librail_efr32xg13_gcc_release.a(protimer.o)
                0x0001001c                PROTIMER_ScheduleRxDisable
 .text.PROTIMER_DelayUs
                0x00010050       0x16 C:\Users\Ayush\SimplicityStudio\v4_workspace\Blinky_SDK_2_9\platform\radio\rail_lib\autogen\librail_release\librail_efr32xg13_gcc_release.a(protimer.o)
                0x00010050                PROTIMER_DelayUs
 *fill*         0x00010066        0x2 
 .text.PTI_EnableAppendedInfo
                0x00010068       0x18 C:\Users\Ayush\SimplicityStudio\v4_workspace\Blinky_SDK_2_9\platform\radio\rail_lib\autogen\librail_release\librail_efr32xg13_gcc_release.a(pti.o)
                0x00010068                PTI_EnableAppendedInfo
 .text.PTI_Enable
                0x00010080       0x50 C:\Users\Ayush\SimplicityStudio\v4_workspace\Blinky_SDK_2_9\platform\radio\rail_lib\autogen\librail_release\librail_efr32xg13_gcc_release.a(pti.o)
                0x00010080                PTI_Enable
 .text.PTI_AuxdataOutput
                0x000100d0       0x1c C:\Users\Ayush\SimplicityStudio\v4_workspace\Blinky_SDK_2_9\platform\radio\rail_lib\autogen\librail_release\librail_efr32xg13_gcc_release.a(pti.o)
                0x000100d0                PTI_AuxdataOutput
 .text.PTI_EnableSyncword
                0x000100ec       0x18 C:\Users\Ayush\SimplicityStudio\v4_workspace\Blinky_SDK_2_9\platform\radio\rail_lib\autogen\librail_release\librail_efr32xg13_gcc_release.a(pti.o)
                0x000100ec                PTI_EnableSyncword
 .text.RADIO_SetAndForgetWrite
                0x00010104       0x74 C:\Users\Ayush\SimplicityStudio\v4_workspace\Blinky_SDK_2_9\platform\radio\rail_lib\autogen\librail_release\librail_efr32xg13_gcc_release.a(radio.o)
                0x00010104                RADIO_SetAndForgetWrite
 .text.RADIO_RewriteCcTableData
                0x00010178       0x34 C:\Users\Ayush\SimplicityStudio\v4_workspace\Blinky_SDK_2_9\platform\radio\rail_lib\autogen\librail_release\librail_efr32xg13_gcc_release.a(radio.o)
                0x00010178                RADIO_RewriteCcTableData
 .text.RADIO_SeqInit
                0x000101ac       0x64 C:\Users\Ayush\SimplicityStudio\v4_workspace\Blinky_SDK_2_9\platform\radio\rail_lib\autogen\librail_release\librail_efr32xg13_gcc_release.a(radio.o)
                0x000101ac                RADIO_SeqInit
 .text.RADIO_ClockEnable
                0x00010210       0x14 C:\Users\Ayush\SimplicityStudio\v4_workspace\Blinky_SDK_2_9\platform\radio\rail_lib\autogen\librail_release\librail_efr32xg13_gcc_release.a(radio.o)
                0x00010210                RADIO_ClockEnable
 .text.RADIO_Init
                0x00010224       0x5c C:\Users\Ayush\SimplicityStudio\v4_workspace\Blinky_SDK_2_9\platform\radio\rail_lib\autogen\librail_release\librail_efr32xg13_gcc_release.a(radio.o)
                0x00010224                RADIO_Init
 .text.RADIO_ClockPrescGet
                0x00010280       0x10 C:\Users\Ayush\SimplicityStudio\v4_workspace\Blinky_SDK_2_9\platform\radio\rail_lib\autogen\librail_release\librail_efr32xg13_gcc_release.a(radio.o)
                0x00010280                RADIO_ClockPrescGet
 .text.RADIO_ClockFreqGet
                0x00010290       0x14 C:\Users\Ayush\SimplicityStudio\v4_workspace\Blinky_SDK_2_9\platform\radio\rail_lib\autogen\librail_release\librail_efr32xg13_gcc_release.a(radio.o)
                0x00010290                RADIO_ClockFreqGet
 .text.RADIO_Config
                0x000102a4       0xb0 C:\Users\Ayush\SimplicityStudio\v4_workspace\Blinky_SDK_2_9\platform\radio\rail_lib\autogen\librail_release\librail_efr32xg13_gcc_release.a(radio.o)
                0x000102a4                RADIO_Config
 .text.RADIO_IsRxOnForRssi
                0x00010354       0x18 C:\Users\Ayush\SimplicityStudio\v4_workspace\Blinky_SDK_2_9\platform\radio\rail_lib\autogen\librail_release\librail_efr32xg13_gcc_release.a(radio.o)
                0x00010354                RADIO_IsRxOnForRssi
 .text.RADIO_RxTrailDataLength
                0x0001036c       0x3c C:\Users\Ayush\SimplicityStudio\v4_workspace\Blinky_SDK_2_9\platform\radio\rail_lib\autogen\librail_release\librail_efr32xg13_gcc_release.a(radio.o)
                0x0001036c                RADIO_RxTrailDataLength
 .text.RADIO_ComputeTxBaudrate
                0x000103a8       0x24 C:\Users\Ayush\SimplicityStudio\v4_workspace\Blinky_SDK_2_9\platform\radio\rail_lib\autogen\librail_release\librail_efr32xg13_gcc_release.a(radio.o)
                0x000103a8                RADIO_ComputeTxBaudrate
 .text.RADIO_ComputeTxSymbolRate
                0x000103cc       0x54 C:\Users\Ayush\SimplicityStudio\v4_workspace\Blinky_SDK_2_9\platform\radio\rail_lib\autogen\librail_release\librail_efr32xg13_gcc_release.a(radio.o)
                0x000103cc                RADIO_ComputeTxSymbolRate
 .text.RADIO_ComputeTxBitRate
                0x00010420       0x44 C:\Users\Ayush\SimplicityStudio\v4_workspace\Blinky_SDK_2_9\platform\radio\rail_lib\autogen\librail_release\librail_efr32xg13_gcc_release.a(radio.o)
                0x00010420                RADIO_ComputeTxBitRate
 .text.RADIO_GetRssi
                0x00010464       0x64 C:\Users\Ayush\SimplicityStudio\v4_workspace\Blinky_SDK_2_9\platform\radio\rail_lib\autogen\librail_release\librail_efr32xg13_gcc_release.a(radio.o)
                0x00010464                RADIO_GetRssi
 .text.RADIO_SetCRCInitVal
                0x000104c8       0x10 C:\Users\Ayush\SimplicityStudio\v4_workspace\Blinky_SDK_2_9\platform\radio\rail_lib\autogen\librail_release\librail_efr32xg13_gcc_release.a(radio.o)
                0x000104c8                RADIO_SetCRCInitVal
 .text.RADIO_RACClearRxOverflow
                0x000104d8       0x20 C:\Users\Ayush\SimplicityStudio\v4_workspace\Blinky_SDK_2_9\platform\radio\rail_lib\autogen\librail_release\librail_efr32xg13_gcc_release.a(radio.o)
                0x000104d8                RADIO_RACClearRxOverflow
 .text.RFSENSE_IRQHandler
                0x000104f8       0x10 C:\Users\Ayush\SimplicityStudio\v4_workspace\Blinky_SDK_2_9\platform\radio\rail_lib\autogen\librail_release\librail_efr32xg13_gcc_release.a(rfsense.o)
                0x000104f8                RFSENSE_IRQHandler
 .text.PRORTC_IRQHandler
                0x00010508       0x10 C:\Users\Ayush\SimplicityStudio\v4_workspace\Blinky_SDK_2_9\platform\radio\rail_lib\autogen\librail_release\librail_efr32xg13_gcc_release.a(rtccsync.o)
                0x00010508                PRORTC_IRQHandler
 .text.RTCCSYNC_Init
                0x00010518       0x88 C:\Users\Ayush\SimplicityStudio\v4_workspace\Blinky_SDK_2_9\platform\radio\rail_lib\autogen\librail_release\librail_efr32xg13_gcc_release.a(rtccsync.o)
                0x00010518                RTCCSYNC_Init
 .text.SYNTH_RfFreqGet
                0x000105a0        0xc C:\Users\Ayush\SimplicityStudio\v4_workspace\Blinky_SDK_2_9\platform\radio\rail_lib\autogen\librail_release\librail_efr32xg13_gcc_release.a(synth.o)
                0x000105a0                SYNTH_RfFreqGet
 .text.SYNTH_ChSpacingGet
                0x000105ac        0xc C:\Users\Ayush\SimplicityStudio\v4_workspace\Blinky_SDK_2_9\platform\radio\rail_lib\autogen\librail_release\librail_efr32xg13_gcc_release.a(synth.o)
                0x000105ac                SYNTH_ChSpacingGet
 .text.SYNTH_LoDivGet
                0x000105b8       0x20 C:\Users\Ayush\SimplicityStudio\v4_workspace\Blinky_SDK_2_9\platform\radio\rail_lib\autogen\librail_release\librail_efr32xg13_gcc_release.a(synth.o)
                0x000105b8                SYNTH_LoDivGet
 .text.SYNTH_Is2p4GHz
                0x000105d8       0x14 C:\Users\Ayush\SimplicityStudio\v4_workspace\Blinky_SDK_2_9\platform\radio\rail_lib\autogen\librail_release\librail_efr32xg13_gcc_release.a(synth.o)
                0x000105d8                SYNTH_Is2p4GHz
 .text.SYNTH_VcoRangeIsValid
                0x000105ec       0x30 C:\Users\Ayush\SimplicityStudio\v4_workspace\Blinky_SDK_2_9\platform\radio\rail_lib\autogen\librail_release\librail_efr32xg13_gcc_release.a(synth.o)
                0x000105ec                SYNTH_VcoRangeIsValid
 .text.SYNTH_RetimeLimitsConfig
                0x0001061c       0x64 C:\Users\Ayush\SimplicityStudio\v4_workspace\Blinky_SDK_2_9\platform\radio\rail_lib\autogen\librail_release\librail_efr32xg13_gcc_release.a(synth.o)
                0x0001061c                SYNTH_RetimeLimitsConfig
 .text.SYNTH_RetimeClkConfig
                0x00010680       0xb4 C:\Users\Ayush\SimplicityStudio\v4_workspace\Blinky_SDK_2_9\platform\radio\rail_lib\autogen\librail_release\librail_efr32xg13_gcc_release.a(synth.o)
                0x00010680                SYNTH_RetimeClkConfig
 .text.SYNTH_Config
                0x00010734      0x104 C:\Users\Ayush\SimplicityStudio\v4_workspace\Blinky_SDK_2_9\platform\radio\rail_lib\autogen\librail_release\librail_efr32xg13_gcc_release.a(synth.o)
                0x00010734                SYNTH_Config
 .text.SYNTH_ChannelSet
                0x00010838       0x40 C:\Users\Ayush\SimplicityStudio\v4_workspace\Blinky_SDK_2_9\platform\radio\rail_lib\autogen\librail_release\librail_efr32xg13_gcc_release.a(synth.o)
                0x00010838                SYNTH_ChannelSet
 .text.SYNTH_DCDCRetimeClkSet
                0x00010878       0x68 C:\Users\Ayush\SimplicityStudio\v4_workspace\Blinky_SDK_2_9\platform\radio\rail_lib\autogen\librail_release\librail_efr32xg13_gcc_release.a(synth.o)
                0x00010878                SYNTH_DCDCRetimeClkSet
 .text.SYNTH_DCDCRetimeEnable
                0x000108e0       0x18 C:\Users\Ayush\SimplicityStudio\v4_workspace\Blinky_SDK_2_9\platform\radio\rail_lib\autogen\librail_release\librail_efr32xg13_gcc_release.a(synth.o)
                0x000108e0                SYNTH_DCDCRetimeEnable
 .text.SYNTH_DCDCRetimeDisable
                0x000108f8       0x18 C:\Users\Ayush\SimplicityStudio\v4_workspace\Blinky_SDK_2_9\platform\radio\rail_lib\autogen\librail_release\librail_efr32xg13_gcc_release.a(synth.o)
                0x000108f8                SYNTH_DCDCRetimeDisable
 .text.SYNTH_KvnFreqCompensationEnable
                0x00010910        0xc C:\Users\Ayush\SimplicityStudio\v4_workspace\Blinky_SDK_2_9\platform\radio\rail_lib\autogen\librail_release\librail_efr32xg13_gcc_release.a(synth.o)
                0x00010910                SYNTH_KvnFreqCompensationEnable
 .text.TEMPCAL_Init
                0x0001091c       0x38 C:\Users\Ayush\SimplicityStudio\v4_workspace\Blinky_SDK_2_9\platform\radio\rail_lib\autogen\librail_release\librail_efr32xg13_gcc_release.a(tempcal.o)
                0x0001091c                TEMPCAL_Init
 .text.TIMING_NsToStimerTickCalc
                0x00010954       0x2c C:\Users\Ayush\SimplicityStudio\v4_workspace\Blinky_SDK_2_9\platform\radio\rail_lib\autogen\librail_release\librail_efr32xg13_gcc_release.a(timings.o)
 .text.TIMING_Recalculate
                0x00010980      0x1ec C:\Users\Ayush\SimplicityStudio\v4_workspace\Blinky_SDK_2_9\platform\radio\rail_lib\autogen\librail_release\librail_efr32xg13_gcc_release.a(timings.o)
 .text.TIMING_InitStimer
                0x00010b6c       0x8c C:\Users\Ayush\SimplicityStudio\v4_workspace\Blinky_SDK_2_9\platform\radio\rail_lib\autogen\librail_release\librail_efr32xg13_gcc_release.a(timings.o)
                0x00010b6c                TIMING_InitStimer
 .text.TIMING_SeqTimingInit
                0x00010bf8       0x90 C:\Users\Ayush\SimplicityStudio\v4_workspace\Blinky_SDK_2_9\platform\radio\rail_lib\autogen\librail_release\librail_efr32xg13_gcc_release.a(timings.o)
                0x00010bf8                TIMING_SeqTimingInit
 .text.TIMING_SetTransitionTime
                0x00010c88       0x18 C:\Users\Ayush\SimplicityStudio\v4_workspace\Blinky_SDK_2_9\platform\radio\rail_lib\autogen\librail_release\librail_efr32xg13_gcc_release.a(timings.o)
                0x00010c88                TIMING_SetTransitionTime
 .text.TIMING_RxSearchTimeSet
                0x00010ca0       0x10 C:\Users\Ayush\SimplicityStudio\v4_workspace\Blinky_SDK_2_9\platform\radio\rail_lib\autogen\librail_release\librail_efr32xg13_gcc_release.a(timings.o)
                0x00010ca0                TIMING_RxSearchTimeSet
 .text.TIMING_TxToRxSearchTimeSet
                0x00010cb0       0x10 C:\Users\Ayush\SimplicityStudio\v4_workspace\Blinky_SDK_2_9\platform\radio\rail_lib\autogen\librail_release\librail_efr32xg13_gcc_release.a(timings.o)
                0x00010cb0                TIMING_TxToRxSearchTimeSet
 .text.TIMING_RecalculateAll
                0x00010cc0        0x6 C:\Users\Ayush\SimplicityStudio\v4_workspace\Blinky_SDK_2_9\platform\radio\rail_lib\autogen\librail_release\librail_efr32xg13_gcc_release.a(timings.o)
                0x00010cc0                TIMING_RecalculateAll
 .text.TIMING_RecalculatePaRampChanged
                0x00010cc6        0x6 C:\Users\Ayush\SimplicityStudio\v4_workspace\Blinky_SDK_2_9\platform\radio\rail_lib\autogen\librail_release\librail_efr32xg13_gcc_release.a(timings.o)
                0x00010cc6                TIMING_RecalculatePaRampChanged
 .text.TIMING_RecalculateViterbiChanged
                0x00010ccc        0x6 C:\Users\Ayush\SimplicityStudio\v4_workspace\Blinky_SDK_2_9\platform\radio\rail_lib\autogen\librail_release\librail_efr32xg13_gcc_release.a(timings.o)
                0x00010ccc                TIMING_RecalculateViterbiChanged
 .text.TIMING_SetChainDelays
                0x00010cd2        0x8 C:\Users\Ayush\SimplicityStudio\v4_workspace\Blinky_SDK_2_9\platform\radio\rail_lib\autogen\librail_release\librail_efr32xg13_gcc_release.a(timings.o)
                0x00010cd2                TIMING_SetChainDelays
 *fill*         0x00010cda        0x2 
 .text.TIMING_CalcAdjustUs
                0x00010cdc       0x40 C:\Users\Ayush\SimplicityStudio\v4_workspace\Blinky_SDK_2_9\platform\radio\rail_lib\autogen\librail_release\librail_efr32xg13_gcc_release.a(timings.o)
                0x00010cdc                TIMING_CalcAdjustUs