Archive member included to satisfy reference by file (symbol)

C:\Users\Ayush\SimplicityStudio\v4_workspace\soc-btmesh-AD\protocol\bluetooth\lib\EFR32XG13X\GCC\libbluetooth_mesh.a(bgapi.c.obj)
                              ./main.o (symbol from plugin) (gecko_cmd_msg_buf)
C:\Users\Ayush\SimplicityStudio\v4_workspace\soc-btmesh-AD\protocol\bluetooth\lib\EFR32XG13X\GCC\libbluetooth_mesh.a(bgapi_gatt.c.obj)
                              bgapi.c.obj (symbol from plugin) (bgapi_gatt_listener)
C:\Users\Ayush\SimplicityStudio\v4_workspace\soc-btmesh-AD\protocol\bluetooth\lib\EFR32XG13X\GCC\libbluetooth_mesh.a(bgapi_gatt_lib.c.obj)
                              ./main.o (symbol from plugin) (sli_bt_cmd_gatt_server_write_attribute_value)
C:\Users\Ayush\SimplicityStudio\v4_workspace\soc-btmesh-AD\protocol\bluetooth\lib\EFR32XG13X\GCC\libbluetooth_mesh.a(bgapi_hardware.c.obj)
                              ./main.o (symbol from plugin) (sli_bt_cmd_hardware_set_soft_timer)
C:\Users\Ayush\SimplicityStudio\v4_workspace\soc-btmesh-AD\protocol\bluetooth\lib\EFR32XG13X\GCC\libbluetooth_mesh.a(bgapi_le_connection.c.obj)
                              ./main.o (symbol from plugin) (sli_bt_cmd_le_connection_close)
C:\Users\Ayush\SimplicityStudio\v4_workspace\soc-btmesh-AD\protocol\bluetooth\lib\EFR32XG13X\GCC\libbluetooth_mesh.a(bgapi_ps.c.obj)
                              ./main.o (symbol from plugin) (sli_bt_cmd_flash_ps_erase_all)
C:\Users\Ayush\SimplicityStudio\v4_workspace\soc-btmesh-AD\protocol\bluetooth\lib\EFR32XG13X\GCC\libbluetooth_mesh.a(bgapi_system.c.obj)
                              ./main.o (symbol from plugin) (sli_bt_cmd_system_get_bt_address)
C:\Users\Ayush\SimplicityStudio\v4_workspace\soc-btmesh-AD\protocol\bluetooth\lib\EFR32XG13X\GCC\libbluetooth_mesh.a(bgbuf.c.obj)
                              bgapi.c.obj (symbol from plugin) (bgbuf_chain_free)
C:\Users\Ayush\SimplicityStudio\v4_workspace\soc-btmesh-AD\protocol\bluetooth\lib\EFR32XG13X\GCC\libbluetooth_mesh.a(bglib.c.obj)
                              ./main.o (symbol from plugin) (gecko_stack_init)
C:\Users\Ayush\SimplicityStudio\v4_workspace\soc-btmesh-AD\protocol\bluetooth\lib\EFR32XG13X\GCC\libbluetooth_mesh.a(btl_interface.c.obj)
                              bgapi.c.obj (symbol from plugin) (bootloader_getInfo)
C:\Users\Ayush\SimplicityStudio\v4_workspace\soc-btmesh-AD\protocol\bluetooth\lib\EFR32XG13X\GCC\libbluetooth_mesh.a(gap.c.obj)
                              bglib.c.obj (symbol from plugin) (gap_reset_state)
C:\Users\Ayush\SimplicityStudio\v4_workspace\soc-btmesh-AD\protocol\bluetooth\lib\EFR32XG13X\GCC\libbluetooth_mesh.a(gap_adv.c.obj)
                              gap.c.obj (symbol from plugin) (gap_set_advertising_timeout)
C:\Users\Ayush\SimplicityStudio\v4_workspace\soc-btmesh-AD\protocol\bluetooth\lib\EFR32XG13X\GCC\libbluetooth_mesh.a(gap_resolver.c.obj)
                              gap.c.obj (symbol from plugin) (gap_address_resolver_step)
C:\Users\Ayush\SimplicityStudio\v4_workspace\soc-btmesh-AD\protocol\bluetooth\lib\EFR32XG13X\GCC\libbluetooth_mesh.a(gap_scan.c.obj)
                              gap.c.obj (symbol from plugin) (gap_status_set_scan_packet)
C:\Users\Ayush\SimplicityStudio\v4_workspace\soc-btmesh-AD\protocol\bluetooth\lib\EFR32XG13X\GCC\libbluetooth_mesh.a(gatt.c.obj)
                              gap.c.obj (symbol from plugin) (gatt_init_connection)
C:\Users\Ayush\SimplicityStudio\v4_workspace\soc-btmesh-AD\protocol\bluetooth\lib\EFR32XG13X\GCC\libbluetooth_mesh.a(gatt_client.c.obj)
                              bgapi_gatt_lib.c.obj (symbol from plugin) (gatt_client_init)
C:\Users\Ayush\SimplicityStudio\v4_workspace\soc-btmesh-AD\protocol\bluetooth\lib\EFR32XG13X\GCC\libbluetooth_mesh.a(gatt_db_minimal.c.obj)
                              gap_adv.c.obj (symbol from plugin) (gatt_db_handle_active)
C:\Users\Ayush\SimplicityStudio\v4_workspace\soc-btmesh-AD\protocol\bluetooth\lib\EFR32XG13X\GCC\libbluetooth_mesh.a(gatt_server.c.obj)
                              gatt_db_minimal.c.obj (symbol from plugin) (gatt_server_send_attribute_value_event)
C:\Users\Ayush\SimplicityStudio\v4_workspace\soc-btmesh-AD\protocol\bluetooth\lib\EFR32XG13X\GCC\libbluetooth_mesh.a(gecko_bgapi_dfu.c.obj)
                              ./main.o (symbol from plugin) (gecko_bgapi_class_dfu_init)
C:\Users\Ayush\SimplicityStudio\v4_workspace\soc-btmesh-AD\protocol\bluetooth\lib\EFR32XG13X\GCC\libbluetooth_mesh.a(gecko_bgapi_endpoint.c.obj)
                              ./main.o (symbol from plugin) (gecko_bgapi_class_endpoint_init)
C:\Users\Ayush\SimplicityStudio\v4_workspace\soc-btmesh-AD\protocol\bluetooth\lib\EFR32XG13X\GCC\libbluetooth_mesh.a(gecko_bgapi_flash.c.obj)
                              ./main.o (symbol from plugin) (gecko_bgapi_class_flash_init)
C:\Users\Ayush\SimplicityStudio\v4_workspace\soc-btmesh-AD\protocol\bluetooth\lib\EFR32XG13X\GCC\libbluetooth_mesh.a(gecko_bgapi_gap.c.obj)
[...]
Memory Configuration

Name             Origin             Length             Attributes
FLASH_BOOTLOADER 0x0fe10000         0x00004000         xr
FLASH            0x00000000         0x0007f000         xr
RAM              0x20000000         0x00010000         xrw
*default*        0x00000000         0xffffffff

Linker script and memory map

LOAD c:/siliconlabs/simplicitystudio/v4/developer/toolchains/gnu_arm/7.2_2017q4/bin/../lib/gcc/arm-none-eabi/7.2.1/thumb/v7e-m/fpv4-sp/softfp/crti.o
LOAD c:/siliconlabs/simplicitystudio/v4/developer/toolchains/gnu_arm/7.2_2017q4/bin/../lib/gcc/arm-none-eabi/7.2.1/thumb/v7e-m/fpv4-sp/softfp/crtbegin.o
LOAD c:/siliconlabs/simplicitystudio/v4/developer/toolchains/gnu_arm/7.2_2017q4/bin/../lib/gcc/arm-none-eabi/7.2.1/../../../../arm-none-eabi/lib/thumb/v7e-m/fpv4-sp/softfp/crt0.o
START GROUP
LOAD C:\Users\Ayush\AppData\Local\Temp\ccHSn1mw.ltrans0.ltrans.o
LOAD C:\Users\Ayush\AppData\Local\Temp\ccHSn1mw.ltrans1.ltrans.o
LOAD C:\Users\Ayush\AppData\Local\Temp\ccHSn1mw.ltrans2.ltrans.o
LOAD C:\Users\Ayush\AppData\Local\Temp\ccHSn1mw.ltrans3.ltrans.o
LOAD C:\Users\Ayush\AppData\Local\Temp\ccHSn1mw.ltrans4.ltrans.o
LOAD C:\Users\Ayush\AppData\Local\Temp\ccHSn1mw.ltrans5.ltrans.o
LOAD C:\Users\Ayush\AppData\Local\Temp\ccHSn1mw.ltrans6.ltrans.o
LOAD C:\Users\Ayush\AppData\Local\Temp\ccHSn1mw.ltrans7.ltrans.o
LOAD C:\Users\Ayush\AppData\Local\Temp\ccHSn1mw.ltrans8.ltrans.o
LOAD C:\Users\Ayush\AppData\Local\Temp\ccHSn1mw.ltrans9.ltrans.o
LOAD C:\Users\Ayush\AppData\Local\Temp\ccHSn1mw.ltrans10.ltrans.o
LOAD C:\Users\Ayush\SimplicityStudio\v4_workspace\soc-btmesh-AD\protocol\bluetooth\lib\EFR32XG13X\GCC\libbluetooth_mesh.a
LOAD C:\Users\Ayush\SimplicityStudio\v4_workspace\soc-btmesh-AD\protocol\bluetooth\lib\EFR32XG13X\GCC\binapploader.o
LOAD C:\Users\Ayush\SimplicityStudio\v4_workspace\soc-btmesh-AD\protocol\bluetooth\lib\EFR32XG13X\GCC\libcoex.a
LOAD c:/siliconlabs/simplicitystudio/v4/developer/toolchains/gnu_arm/7.2_2017q4/bin/../lib/gcc/arm-none-eabi/7.2.1/../../../../arm-none-eabi/lib/thumb/v7e-m/fpv4-sp/softfp\libm.a
END GROUP
START GROUP
LOAD c:/siliconlabs/simplicitystudio/v4/developer/toolchains/gnu_arm/7.2_2017q4/bin/../lib/gcc/arm-none-eabi/7.2.1/thumb/v7e-m/fpv4-sp/softfp\libgcc.a
LOAD c:/siliconlabs/simplicitystudio/v4/developer/toolchains/gnu_arm/7.2_2017q4/bin/../lib/gcc/arm-none-eabi/7.2.1/../../../../arm-none-eabi/lib/thumb/v7e-m/fpv4-sp/softfp\libc_nano.a
LOAD c:/siliconlabs/simplicitystudio/v4/developer/toolchains/gnu_arm/7.2_2017q4/bin/../lib/gcc/arm-none-eabi/7.2.1/../../../../arm-none-eabi/lib/thumb/v7e-m/fpv4-sp/softfp\libnosys.a
END GROUP
START GROUP
LOAD c:/siliconlabs/simplicitystudio/v4/developer/toolchains/gnu_arm/7.2_2017q4/bin/../lib/gcc/arm-none-eabi/7.2.1/thumb/v7e-m/fpv4-sp/softfp\libgcc.a
LOAD c:/siliconlabs/simplicitystudio/v4/developer/toolchains/gnu_arm/7.2_2017q4/bin/../lib/gcc/arm-none-eabi/7.2.1/../../../../arm-none-eabi/lib/thumb/v7e-m/fpv4-sp/softfp\libg_nano.a
LOAD c:/siliconlabs/simplicitystudio/v4/developer/toolchains/gnu_arm/7.2_2017q4/bin/../lib/gcc/arm-none-eabi/7.2.1/../../../../arm-none-eabi/lib/thumb/v7e-m/fpv4-sp/softfp\libc_nano.a
END GROUP
START GROUP
LOAD c:/siliconlabs/simplicitystudio/v4/developer/toolchains/gnu_arm/7.2_2017q4/bin/../lib/gcc/arm-none-eabi/7.2.1/thumb/v7e-m/fpv4-sp/softfp\libgcc.a
LOAD c:/siliconlabs/simplicitystudio/v4/developer/toolchains/gnu_arm/7.2_2017q4/bin/../lib/gcc/arm-none-eabi/7.2.1/../../../../arm-none-eabi/lib/thumb/v7e-m/fpv4-sp/softfp\libc_nano.a
END GROUP
LOAD c:/siliconlabs/simplicitystudio/v4/developer/toolchains/gnu_arm/7.2_2017q4/bin/../lib/gcc/arm-none-eabi/7.2.1/thumb/v7e-m/fpv4-sp/softfp/crtend.o
LOAD c:/siliconlabs/simplicitystudio/v4/developer/toolchains/gnu_arm/7.2_2017q4/bin/../lib/gcc/arm-none-eabi/7.2.1/thumb/v7e-m/fpv4-sp/softfp/crtn.o

.text_bootloader
                0x0fe10000        0x0
 *(.binbootloader*)
                0x0fe10000                . = ALIGN (0x4000)

.text_apploader
                0x00000000     0x8fc0
 *(.binapploader*)
 .binapploader  0x00000000     0x8fc0 C:\Users\Ayush\SimplicityStudio\v4_workspace\soc-btmesh-AD\protocol\bluetooth\lib\EFR32XG13X\GCC\binapploader.o

.text_signature
                0x00008fc0       0x40
                0x00009000                . = ALIGN (0x800)
 *fill*         0x00008fc0       0x40 
                0x00009000                __text_start__ = .

.text_application
                0x00009000    0x50354
 *(.vectors)
 .vectors       0x00009000       0xfc C:\Users\Ayush\AppData\Local\Temp\ccHSn1mw.ltrans3.ltrans.o
                0x00009000                __Vectors
                0x000090fc                __Vectors_End = .
                0x000000fc                __Vectors_Size = (__Vectors_End - __Vectors)
                0x000090fc                __end__ = .
 *(.application_properties)
 .application_properties
                0x000090fc       0x38 C:\Users\Ayush\AppData\Local\Temp\ccHSn1mw.ltrans9.ltrans.o
                0x000090fc                bg_application_properties
 *(.gecko_configuration)
 *(.xo_configuration)
 *(.gatt_header)
 .gatt_header   0x00009134       0x34 C:\Users\Ayush\AppData\Local\Temp\ccHSn1mw.ltrans3.ltrans.o
                0x00009134                bg_gattdb_data
 *(.gatt_data)
 .gatt_data     0x00009168      0x26c C:\Users\Ayush\AppData\Local\Temp\ccHSn1mw.ltrans3.ltrans.o
                0x00009168                bg_gattdb_data_attribute_field_26
                0x00009170                bg_gattdb_data_attribute_field_25
                0x00009188                bg_gattdb_data_attribute_field_24
                0x0000919c                bg_gattdb_data_attribute_field_22
                0x000091a4                bg_gattdb_data_attribute_field_21
                0x000091ac                bg_gattdb_data_attribute_field_20
                0x000091b4                bg_gattdb_data_attribute_field_19
                0x000091bc                bg_gattdb_data_attribute_field_18
                0x000091c0                bg_gattdb_data_attribute_field_16
                0x000091c8                bg_gattdb_data_attribute_field_15
                0x000091d0                bg_gattdb_data_attribute_field_14
                0x000091d8                bg_gattdb_data_attribute_field_13
                0x000091e0                bg_gattdb_data_attribute_field_12
                0x000091e4                bg_gattdb_data_attribute_field_11
                0x000091f4                bg_gattdb_data_attribute_field_10
                0x000091fc                bg_gattdb_data_attribute_field_9
                0x00009200                bg_gattdb_data_attribute_field_8
                0x00009204                bg_gattdb_data_attribute_field_7
                0x0000920c                bg_gattdb_data_attribute_field_6
                0x00009214                bg_gattdb_data_attribute_field_5
                0x0000921c                bg_gattdb_data_attribute_field_4
                0x00009220                bg_gattdb_data_attribute_field_2
                0x00009228                bg_gattdb_data_attribute_field_1
                0x00009230                bg_gattdb_data_attribute_field_0
                0x00009234                bg_gattdb_data_adv_uuid128_map
                0x00009238                bg_gattdb_data_adv_uuid16_map
                0x0000923c                bg_gattdb_data_attributes_dynamic_mapping_map
                0x0000924c                bg_gattdb_data_uuidtable_128_map
                0x0000926c                bg_gattdb_data_uuidtable_16_map
                0x00009290                bg_gattdb_data_attributes_map
 *(.text*)
 .text          0x000093d4       0x40 c:/siliconlabs/simplicitystudio/v4/developer/toolchains/gnu_arm/7.2_2017q4/bin/../lib/gcc/arm-none-eabi/7.2.1/thumb/v7e-m/fpv4-sp/softfp/crtbegin.o
 .text          0x00009414       0x74 c:/siliconlabs/simplicitystudio/v4/developer/toolchains/gnu_arm/7.2_2017q4/bin/../lib/gcc/arm-none-eabi/7.2.1/../../../../arm-none-eabi/lib/thumb/v7e-m/fpv4-sp/softfp/crt0.o
                0x00009414                _mainCRTStartup
                0x00009414                _start
 .text          0x00009488     0x6654 C:\Users\Ayush\AppData\Local\Temp\ccHSn1mw.ltrans0.ltrans.o
                0x00009488                sd4ee9692d1a99ea23f5b564ae1776ad070051cfb7b308478bc86fa7d0c7c2b1d.lto_priv.638
                0x000095a8                s79fd3a056a8997c55d39265bbf224238ecc15d413da2dd2ce411f9a7e4b11ca6.lto_priv.543
                0x000095b8                s1f6b407bfd5cdc3b17a91c2efd8de68c761c9aaa717844be0227a1dae4f22603.lto_priv.639
                0x00009604                sd1b90c41cc41383bba37ad3d3df15029e986986ba50c81da10090012a8b749ef.lto_priv.684
                0x0000962c                sbca880c632ac6b8f1d146e4017c270d537ed894fd385fc81d0a721b8050692dd.lto_priv.685
                0x00009748                s5f0f676392d7e10f8c575c6c354c5766c421ec30b82ca05be774446ebe612745
                0x00009798                s813fa74d502af07067c5c842dc584f86639950923830eadb25a9db6ae4cabbd9
                0x000097e8                sdd28e73c2cf8afb84c6a4cd81aed0df22e2a845bf0184f143a578df8422dd5e7
                0x00009860                s16072083f22643f6ff166020acad05e3e3a4f1df68e5f716319515eeb55b7ead
                0x000098a4                s0e44e79ce761088814936b906b7d7226f7a8be90591101f10b3280e25e1c0152
                0x00009978                sf5ec0752c88ca99fa1bc5fac0e55794012aca3f0202430f3b53c6899db6fe7c4
                0x00009bcc                sc1579457d93a966d6f7aaa207f6ff2760e415d4751b524febad19bb68ba8d461
                0x00009c30                s838219210bdd0ec8ccf4b4259807111a6d86ab93c38e2709afee9dfc22208661
                0x00009c94                s8d1cc0fb00130af216e8ac3e925884682980ad2b166067caf72682ee6552276f
                0x00009ce8                s3c07e3150bc968d6a581492ed394f9b8cceee9f2ce6f6cc2146326a7f5253277
                0x00009d88                s8f7de03f43ebe7d78b8d730f5a00790960a80035fbf4fab53b8431ca78356c93.lto_priv.403
                0x00009ddc                scb7e2bf5627225d472efa274a4705069a70081ebf5885662356540ec959a6ca3
                0x00009e28                s4cf3b5c26a53dedff69801eb7533bfd4e99f05885216bb14935b3c9a6c315c0b
                0x00009e64                s51e5a7c161c676a54a257bb1bbb291bad688859158a5823f54d348d149623921
                0x00009ea8                s2752c6a68d8c2ae6512ae7af8cc2a74f46be5e33428f59c0beaf8f7a2641f5ef
                0x00009ecc                s1ff37494c7eac6c6c4cb18278dda679225964a89d2c9af167d905e83a5b0d605.lto_priv.391
                0x00009eec                s683859e15c32f7b8a9cb479e68db95c1dbf58d9354e4cd118d2df038521ceea0.lto_priv.695
                0x0000a11c                sc97c2d27e7feaf5fd1be7c4b84ef74af20ca722b4cf5df849117260cbcfa7a92.lto_priv.634
                0x0000a144                bgbuf_chain_links.lto_priv.591.lto_priv.631
                0x0000a144                bgbuf_chain_links.lto_priv.582.lto_priv.583
                0x0000a144                bgbuf_chain_links.lto_priv.590.lto_priv.794
                0x0000a144                bgbuf_chain_links.lto_priv.581.lto_priv.589
                0x0000a154                sfc099dc11021be6dc5106eb53344f54f51e12ff0c88b6473e9d627b7f9587510.lto_priv.417
                0x0000a1cc                s0847f073e90010e66f2b06a8f122be530cd502225bb170ef04b278f100d566b5.lto_priv.354
                0x0000a234                saa309ec52159fb7243ad8d3d79a17f0758da9f52f2561fdd5346e35d1ccac94c.lto_priv.416
                0x0000a2f4                s7093a4bff9bfe0401843e7743ce40c200d11ffc2181c2f2f0d7c0dc38036157b
                0x0000a360                sc33e8458521ca746243f4b8886155e15d2585e09ec9e862745446ca864c43e7b
                0x0000a362                se19f6dd1e4ecbad7a45ea6207213ee444fc59a7492f06cf0fc544b89727e3881.lto_priv.584
                0x0000a3ca                sb8dd468bf49f81ec54a3658669979d10148398d553131819004037c0cd69e211
                0x0000a51c                sd569e3eed4b0dc24fd478c154963550cc178d8cc078021e4fbff5e3fae742a7e
                0x0000a590                sf2e3f909527cbee49b821cbbbce431e194bba4fcef034fe94f618f6bb033950d.part.1
                0x0000a7bc                sec87af4e5219ffb6a0ae0a4ce22c245a9f1173f8f29eabf64d326211df962025
                0x0000a944                s49e96b74b519df1afe9939ce7b503168d6d6a05f77cd3cf726da9c775bb8a014
                0x0000aa78                sb77164fbc43875acca07c501d8e7233bfa625bccfaeca0f2f24bebc5b0e5a883
                0x0000abb0                sdde68630e68b05a46153fa6695d69eb0e06e5d754a3107dc9c9ffcde9f7e14ca
                0x0000abf8                sfb5c66a466d3b08da715e79f414db68be462f43cbee84ab9e0b346da5e30026e
                0x0000ac24                s3bd25953b9c1a887c2c0f99033e7fd2ebb0200877649379a70ee7e1af29f1f23.lto_priv.407
                0x0000ac48                sce979ba6d98a413da921e2b83c5e03754c25ce18542758e6b7536aba6f01f45c.lto_priv.703
                0x0000ac68                s49b707d1987eac012ea497d59327e850324665f3337c9cc225d6f8337455972f.lto_priv.568
                0x0000ac84                s9c2e998b67e38d2934839cf5ac66cf863f4be1c037846c687f2d20badb47642d.lto_priv.525
                0x0000acf0                s934f11665e2b058f2298da331c841826dc55b00d255b552f70bf44809b9731fc.lto_priv.702
                0x0000ae20                s6a8f4364e482e0ebda5d469da9c8eb4a7c5202f8181d1caaf5759d3d15254a7e.lto_priv.575
                0x0000ae40                s44501da34dcf08c5e8b1318ac72561431157625d04089a8861a180c9de877a08.lto_priv.542
                0x0000afe0                s2ca917b6d45e2183e80d0d9a7a23c4180aad3264450793da13bff5129bd3e620
                0x0000b62a                sd04e7e8e1bd3ec1c3f73cc8e95f5b3467b8069ef77d498f71a6fb64309cf9d20
                0x0000b694                s4f9122f652ec12db16aefc48c8c1686358f2ef022bb014b46b180f495722d3fb
                0x0000bd34                sdab2176a8c11f91c65e01ec2b4924e0835e5272a885df03d1a9af553d02744f2
                0x0000bd48                s7efbfa21c2c2eccae7cf00693a22c6b80f05c41901dae3bba1e68ba8a1ab7960
                0x0000bd5a                s31447604eddc5646f9c521e7df99b9de4bf0b7543c317850b371e994cfc2cadd
                0x0000bdf0                s4ff1bb9ca97f8ec5fc6562deaaecc18b9379dec4f09f3714ee20b7f1164521d3
                0x0000be06                s1ac8e93480210e77effdd58bd95c65bf2609d9c72c6838f3ffae38bd3dda9a2a.isra.12.lto_priv.399
                0x0000be08                sa5f94a8d8b9a908adb4ad82d059aa110e199e5adb934bc769e466f0ad8971fef.isra.8.lto_priv.578
                0x0000be0a                s855f4276f84548fe38aba55256fd0cb490e414d325ad5a8b35f81aec35ba3d05.isra.7.lto_priv.576
                0x0000be0c                s77b728fb5c81a851924867ab59edfe74185118be83d1f32a4f3e9123e3e7c80f.lto_priv.520
                0x0000be74                s284a22f4757f80499f5033ee854522c904a18edac617e2caadde3daf3e8f052d.lto_priv.518
                0x0000bf08                s5ff853a925e0d050fc7581d7e20e0f58e27f5b41edc1e805e93fe0f4078a7b58.lto_priv.667
                0x0000c020                s2a70afd8763005873d546185b667566d214490de6a714e989701012953ad5a59
                0x0000c170                sd1e395d8111eb8d8809c27fdf0c512b3338760e7243d8a7882c2ca5d12ec5abd
                0x0000c1a0                sd873b33f065f3c254791dcd8e102befe51073cef638aefffc5eab9017a3553aa.lto_priv.401
                0x0000c1f0                s065265c88d2c3acaaf55e74b39d35b260ea27e1828bb13c15bbd14b2549000b2.lto_priv.579
                0x0000c228                s9816a5c44032dbc5032745d62c6456f14fa95ebf7cfdff0047a0aa4ccffa925c.lto_priv.666
                0x0000c2ac                s2c84453a5319c24593458f3d42ac8a4cac030033420efb7070ee2279edd8ca12.part.21
                0x0000c42c                se7433314ba1da000186c3256aeef6d55002d069f7d0235f26b1212fded243137
                0x0000c470                s1d10521382d0533e7e1aff1985c029f02bd22dcb14f18cdd7a4d3b160311fbfb
                0x0000c48a                s9957647cd6e8ff4264cfd135e5353273cb90f430ec1005e65607526f7650e7dd
                0x0000c48c                s214d62745dc9e5ce0d47b1287a4d1dfd865e4d04ea3e05e37326907aece2a40b
                0x0000c48e                s0335982a907df229715d32cad64d9a195494e551ffb1aabf86e5a6c51e734e9a
                0x0000c490                s189d432a7abbe68b7a29029b6f35cc27d51503f95ddd020c1ca9d344b93ceb6c
                0x0000c492                s7b6aa44935c9f47f348f069f08ef4d45bb69640444a3d73df0e645024f610861
                0x0000c494                s36040ca32eb7d9b4218a89bb544f85c7b28a8b32980cf9a0770c14a94ce638c9
                0x0000c496                s26d1ce34fd38b2b2b5c7a065f9ff6ce148b8950ae9ee1589d91d1c905fb51a53
                0x0000c498                sc90918a3b1af47bb153d3140b12e9d6266398d7b58b35138e21b2f22bd2cea04
                0x0000c49a                s1454ffd58a020b2da2923ec71899080c107590ee3a7c20ea3b4ebe5da4e8fae5
                0x0000c49c                sb1586f5fae6d401aa3332dce4c846d2f5b6f4e877353f5946574f2efd61b5014
                0x0000c49e                s301f6ee358cc2a0a9193e6acc28080df16bb2b54a80af828a9cee6a507a6e630
                0x0000c4a0                s33c1f06d3ba59be0f5e5fd5a87a857e917f1f9e9fd1781c7764d0a15500d8d05
                0x0000c4a2                see123b8d35ff408d4a131c861b6834d67aff1d39aaabd3fa861fe3421af4a00f
                0x0000c5ec                sf8e2600e5fb0802f032db91badc5517a3d414087f7e3dfe5a0ae5c464e93e3e1
                0x0000cc6e                s72dd908cae44b273ac6c8e3c655ea6f94806c9cd5898dd88ab244940c198c1e5.lto_priv.686
                0x0000ce94                sfb221a8cfc95c8fc1e9890cbe098a1f7b512cb836aeb081c1969ce6eb753cb64.isra.22.lto_priv.577
                0x0000cfd4                mesh_trans_send_sdu
                0x0000d324                sdbdba6af23d254015f128a73fdfd80e535a87b286f992521c6f3a3b1026be07d
                0x0000d3b8                se1bcbc2d8abf7a0a532ec7312ae60b8a50ef97f79823763caa2f6c577f4bf993
                0x0000d4a0                s4f722afee9c7e782375523e5aedf0e0c61986b84b1f6098469e298b685859487.lto_priv.637
                0x0000df5c                s27aa042d3dff6beba3ebccfbf51ab103801a2a460c4644e1761b824abe5bfe80.lto_priv.355
                0x0000e44c                s04fd9939449bc3e9cd2359d5b258cdf77ce40c61cba023963ba0113398787976.lto_priv.400
                0x0000e664                sf412032d0872e25428029b0d065c2e0cd5998728fb78818f8f0c47d5bea60440.lto_priv.574
                0x0000e6b8                sf7ba9de589e288f6a8e6c99495aff74e64f0ac94991769f48ed0d393ee0e49b1.isra.3.lto_priv.629
                0x0000e72a                sc6b3c01efe36ea05119a58a41a0eb767ca1f2718730ae1e74c84295e5646adee
                0x0000ec34                s1946dff6e10fe33781d46ccceb688b5bb564743fb0b5d2a71e06770db2eeb32c
 .text.unlikely
                0x0000fadc       0x9c C:\Users\Ayush\AppData\Local\Temp\ccHSn1mw.ltrans0.ltrans.o
                0x0000fadc                s59f138f637a81dbdb4c83edb8022dc6738efa2db238f5f6a841d2d01ecc343a2
                0x0000fb18                sf28ddbb27e224bb87e53e0b03b1f3c346d957c78ab61c77a52103fc1cc5bf67f
                0x0000fb52                sb943c32a0dc538a8eb2129f46d7fd49078d3dc9509c78dd92513dc6e07f323af
 .text          0x0000fb78     0x6048 C:\Users\Ayush\AppData\Local\Temp\ccHSn1mw.ltrans1.ltrans.o
                0x0000fb84                ll_llcpCallbackLocalTerminate.lto_priv.725
                0x0000fca0                gecko_init_alloc
                0x0000fe28                ll_llcpCallbackConnectionUpdatePreListen.lto_priv.718
                0x0000fe68                ll_llcpCallbackChannelMapUpdate.lto_priv.717
                0x000101cc                ll_connAbortLlcp
                0x000101f8                ll_llcpCallbackEncryption.lto_priv.716
                0x0001025e                ll_llcpFeatureExchange
                0x00010298                ll_llcpSend
                0x000103a0                ll_llcpUpdateChannelMap_sender.lto_priv.433
                0x00010408                ll_llcpConnectionUpdate_sender.lto_priv.722
                0x000104b8                ll_llcpSendReject
                0x000104f4                ll_hciSendHCIEvent
                0x00010500                ll_hciSendAdvSetTerminated.part.3
                0x0001053a                ll_hciSendEncryptionChange
                0x0001056a                ll_hciSendLeConnectionComplete
                0x000105d6                ll_hciSetCommandStatusHeader
                0x000105ee                ll_hciSetCommandCompleteHeader
                0x000108ac                ll_hciSendGenericCommandComplete
                0x000108ba                hci_command_alloc
                0x000108e8                hci_state_listener
                0x0001091c                hci_increase_token.lto_priv.385
                0x0001092e                handle_bgapi_output.lto_priv.514
                0x000109a4                sli_bt_cmd_handler_delegate
                0x00010a4c                gecko_bgapi_class_system_init
                0x00010a6c                gecko_bgapi_class_le_connection_init
                0x00010a72                gecko_bgapi_class_hardware_init
                0x00010a90                gecko_bgapi_class_gatt_server_init
                0x00010a96                gecko_bgapi_class_gatt_init
                0x00010ab0                gecko_bgapi_class_le_gap_init
                0x00010ab6                gecko_bgapi_class_flash_init
                0x00010abc                gecko_bgapi_class_endpoint_init
                0x00010ac2                gecko_bgapi_class_dfu_init
                0x00010ac8                gatt_db_find_attribute_by_type
                0x00010b00                gatt_db_get_16bit_char_handle
                0x00010b26                gatt_db_user_value
                0x00010b44                gatt_db_get_char_properties
                0x00010b88                gatt_db_handle_active
                0x00010bb8                gatt_db_get_data
                0x00010c64                gatt_db_find_by_type_value
                0x00010e1c                abort_long_write.lto_priv.388
                0x00010e3a                free_params_data.lto_priv.387
                0x00010e46                end_procedure.lto_priv.389
                0x00010e86                gatt_handle_write_response
                0x00010e98                gatt_handle_execute_write_response
                0x00010ed0                gatt_get_next_connection
                0x00010ef8                gatt_get_connection
                0x00010f04                gatt_start_procedure_timeout_timer
                0x00010f1e                send_notification.lto_priv.838
                0x00010fc8                gatt_server_report_gattdb_change
                0x00011220                send_gatt_mtu_exchanged_event
                0x0001124a                gap_set_advertising_timeout.part.6
                0x000112b8                use_legacy_advertising.lto_priv.462
                0x000112ee                check_private_address_and_timer
                0x000113bc                gecko_stack_update_callback
                0x000113cc                gecko_external_signal
                0x000113e8                bgbuf_chain_defragment
                0x00011474                bgbuf_chain_drop_end
                0x000114b6                bgbuf_chain_drop
                0x000114e4                bgbuf_chain_append_data
                0x00011548                bgbuf_chain_append_byte.lto_priv.464.lto_priv.466
                0x00011548                bgbuf_chain_append_byte.lto_priv.465.lto_priv.467
                0x0001155e                gap_adv_add_name.lto_priv.461
                0x00011602                gap_adv_add_attribute.lto_priv.463
                0x000116a0                bgbuf_chain_add
                0x000116b4                bgbuf_chain_len
                0x000116c8                gatt_db_set_data
                0x00011868                gatt_handle_read_by_group_type_response
                0x00011928                gatt_handle_find_by_type_value_response
                0x000119de                gatt_handle_find_information_response
                0x00011bb4                send_characteristic_value_event.lto_priv.516
                0x00011c26                gatt_handle_read_multiple_response
                0x00011cf0                gatt_handle_read_blob_response
                0x00011d26                gatt_handle_read_response
                0x00011e10                gatt_handle_read_by_type_response
                0x000121b4                gap_adv_update
                0x00012490                cache_adv_scan_packet.lto_priv.460
                0x000124b0                ubt_gap_set_adv_data
                0x0001258c                bgbuf_split
                0x000125dc                bgbuf_prepend_no_alloc
                0x0001261e                bgbuf_prepend
                0x00012642                bgbuf_chain_pop_packet
                0x0001266a                finish_execute_write_req.lto_priv.839
                0x00012840                ll_hciSendNumberOfCompletedPackets
                0x000128ec                hci_send_acl
                0x00012a24                l2cap_message_handler
                0x00012a58                l2cap_send_fixed_channel
                0x00012a9a                hci_send_command
                0x00012ad4                hci_close_acl
                0x0001423c                gap_scan_update
                0x00014340                gap_listener
                0x0001450c                gecko_wait_event
                0x00014bd4                gecko_stack_init
                0x00015668                ll_llcpLinkLost
                0x000156a0                ll_llcpStartEncryption_sender.lto_priv.721
                0x0001579c                ll_llcpSendLengthReq
                0x0001580c                ll_llcpReadVersionInformation_sender.lto_priv.723
                0x00015840                ll_llcpHandleFeatureReq.lto_priv.762
                0x0001589c                ll_llcpHandlePacketCommon
 .text.unlikely
                0x00015bc0      0x3a0 C:\Users\Ayush\AppData\Local\Temp\ccHSn1mw.ltrans1.ltrans.o
 .text          0x00015f60     0xca4c C:\Users\Ayush\AppData\Local\Temp\ccHSn1mw.ltrans2.ltrans.o
                0x00015f60                sli_bt_cmd_system_reset
                0x00016cb8                sli_bt_cmd_system_get_bt_address
                0x00016d04                bgapi_system_listener
                0x00016d34                sli_bt_cmd_flash_ps_load
                0x00016dbc                sli_bt_cmd_flash_ps_save
                0x00016e20                sli_bt_cmd_flash_ps_erase_all
                0x00016e58                sli_bt_cmd_le_connection_close
                0x00016e98                bgapi_hardware_soft_timer_listener
                0x00016f08                sli_bt_cmd_hardware_set_soft_timer
                0x00016fb4                sli_bt_cmd_gatt_server_send_characteristic_notification
                0x00017088                sli_bt_cmd_gatt_server_send_user_write_response
                0x00017128                sli_bt_cmd_gatt_set_characteristic_notification
                0x000171ac                sli_bt_cmd_gatt_write_characteristic_value_without_response
                0x00017228                sli_bt_cmd_gatt_discover_characteristics
                0x000172a4                sli_bt_cmd_gatt_discover_primary_services_by_uuid
                0x000177c2                bgbuf_append_data
                0x00019a36                mesh_lib_generic_server_publish
                0x00019a62                mesh_lib_generic_server_update
                0x00019abe                mesh_lib_generic_server_response
                0x00019b70                mesh_lib_init
                0x00019da8                mesh_lib_generic_server_event_handler
                0x00019f58                mesh_lib_generic_server_register_handler
                0x0001a4f6                USART_TxDouble
                0x0001a51e                USART_Tx
                0x0001a546                USART_SpiTransfer
                0x0001a5f2                USART_Rx
                0x0001a618                USART_Reset
                0x0001a726                USART_Enable
                0x0001aa50                TIMER_InitCC
                0x0001aaec                TIMER_Init
                0x0001ac14                SYSTEM_ChipRevisionGet
                0x0001ad48                RTCC_Init
                0x0001addc                RTCC_Enable
                0x0001ae58                RMU_ResetCauseGet
                0x0001af04                RMU_ResetCauseClear
                0x0001b73c                MSC_Deinit
                0x0001b760                MSC_Init
                0x0001bb5c                LETIMER_Init
                0x0001bc2c                LETIMER_Enable
                0x0001bc56                LETIMER_CompareSet
                0x0001cdd8                I2C_Enable
                0x0001cef4                GPIO_PinModeSet
                0x0001d18c                gpio_init
                0x0001e010                EMU_DCDCLnRcoBandSet
                0x0001e158                EMU_DCDCInit
                0x0001e300                EMU_EM23Init
                0x0001e4c0                EMU_EnterEM4
                0x0001f2a4                CRYPTO_KeyRead
                0x0001f2dc                CRYPTO_ModulusSet
                0x0001f3bc                CORE_InitNvicVectorTable
                0x0001f484                CORE_SetNvicRamTableHandler
                0x0001f6fe                CORE_ExitAtomic
                0x0001f718                CORE_EnterAtomic
                0x0001f738                bgbuf_free
                0x0001f7bc                bgbuf_chain_free
                0x0001f7d0                bgapi_ubt_listener
                0x0001feb4                bgbuf_alloc_int.lto_priv.390
                0x0001ff60                bgbuf_clone
                0x0001ffd2                bgbuf_alloc_copy_data
                0x0001fffc                sli_bt_cmd_gatt_server_write_attribute_value
                0x0002004c                bgbuf_alloc_size
                0x0002005a                bgbuf_alloc
                0x000202d0                CORE_AtomicEnableIrq
                0x000202de                CORE_AtomicDisableIrq
                0x00020310                CORE_ExitCritical
                0x0002032a                CORE_EnterCritical
                0x00020a08                CMU_ClockSelectGet
                0x00020d08                CMU_ClockEnable
                0x00020e6c                CMU_ClockDivGet
                0x00020fb0                EMU_EM01Init
                0x000210d0                CMU_OscillatorEnable
                0x000212e2                CMU_LFXOInit
                0x00021330                CMU_HFXOInit
                0x00021410                CMU_HFXOAutostartEnable
                0x0002149c                CMU_ClockFreqGet
                0x00021750                USART_InitSync
                0x000219bc                USART_InitAsync
                0x00021df0                I2C_Init
                0x000221c0                CMU_ClockSelectSet
                0x00022488                cmu_init
                0x0002265c                EMU_Restore
                0x00022668                EMU_Save
                0x00022674                EMU_EnterEM3
                0x000226e4                EMU_EnterEM2
                0x00022990                CMU_ClockDivSet
 .text          0x000229ac     0x60ec C:\Users\Ayush\AppData\Local\Temp\ccHSn1mw.ltrans3.ltrans.o
                0x000229b0                s410cd6b3454d409c7393ac37475dec9eb641545e1a07a735ac9dd08fae6ae868
                0x00022ab0                SYNTH_IRQHandler
                0x00022ac0                GENERIC_PHY_RxOverflowHook.lto_priv.740
                0x00022d60                sbe84d11db9cf75e25a1e96e244cb01dbfeb8cd241973d4c7bd6360338f4ccf61
                0x00022d7c                s6e8855ee3fb617136bdd959f1c659f636e37fce7df3be5b1a889ccbad2e5ca20
                0x00022e7c                AGC_IRQHandler
                0x0002330c                ecp_mod_p256.lto_priv.351
                0x000237d0                sb090fa19a70190098a351f29787b86fb9e26836a4cb6f33511600b6269d9da6c.lto_priv.418
                0x0002382c                sa34c3a13ca125617a51e4614ccf4c19d3c8392689846e2f1f445e1b25892c6e2.lto_priv.419
                0x00023854                s246c7f1a97d502347b63abb9ca7f69f76b0cdaa417130dd620152ea10a9b6a46
                0x00023afe                s224727b6886d0766158450d2dc2d96926e0ee77d4cdf97f38871fa9df58bf379
                0x00023cb2                sdb16c8e1c62786f8a2010d52f545c18f3624fb525e03134c33a5ca5781352f56
                0x00023cbe                s703af546c8ac40ce1f264d9f1d599c9761404666d3de127b7597a3b9c22ec197.lto_priv.585
                0x00023cd8                s91cc1dff62e254727a1e6f2f53e4510e2ed6d11467357b6f4fd8b4b967ff616c
                0x00023d28                sb293b353d9644d6a6656782f756dc971d12d86da9b05f8e9bfb2962c4fd5e7d4
                0x00023d40                s73b0b85334b597f113ef7d95003584edde16ec3553fdcfd62c453c862d06994d.lto_priv.406
                0x00023d60                sc60499367cbc7706a54a35b3a5b3b487beca91e245094ff80573d89cd3f29c49.lto_priv.404
                0x00023e56                s5c8699d07e7a989b119ea996fa67825b41ad9b3d2d3d154601316c39c341a1b9
                0x00023e9e                sd07c3da16da3bc60dc2ee61930e89d7ca9b2be7a59dbb6dbe68165dc2cfc53e8.lto_priv.405
                0x00023f74                seff9c75f9d9b0d9622e4214784368a38561b2fad95e634ea60898bb9fea17d26
                0x000240f4                s147872f248d143028df54a1a57125346531ea702c241dedcfa5b94171989b6d8
                0x00024132                s905026993713f2ef1e26b1a7d6dbcbcc6db35b97548d925e3c7e88a25c77d49d
                0x00024148                sc79e3c9233eb828e6efab44c5b3d253ad04924ad9b3c042415c0e145d7f1890c.lto_priv.701
                0x000241c4                RADIO_RxTrailDataLength
                0x00024200                RADIO_RACStateGet.lto_priv.424.lto_priv.705
                0x00024200                RADIO_RACStateGet.lto_priv.425.lto_priv.774
                0x00024200                RADIO_RACStateGet.lto_priv.423.lto_priv.714
                0x00024200                RADIO_RACStateGet.lto_priv.427.lto_priv.709
                0x00024210                RAC_RSM_IRQHandler
                0x00024260                PROTIMER_PrecntOverflowToUs
                0x00024290                PA_SelectBand
                0x000242f0                PA_SetPowerLevel
                0x00024428                GENERIC_PHY_PacketTxCommon
                0x00024468                BUFC_WriteBuffer
                0x00024518                ll_linkGetWindowWidening
                0x00024570                ll_connEncDataToBuffer
                0x00024598                ll_connEncBufferToData
                0x000245c4                ll_connValidateParams
                0x000245fe                ll_connUpdateMaxPacketLengths
                0x00024670                ll_connGetHandleByConn
                0x000246a0                ll_connGetByHandle
                0x000246c8                bg_bit_clr_exclusive.lto_priv.436.lto_priv.766
                0x000246c8                bg_bit_clr_exclusive.lto_priv.438.lto_priv.761
                0x000246c8                bg_bit_clr_exclusive.lto_priv.439.lto_priv.758
                0x000246c8                bg_bit_clr_exclusive.lto_priv.435.lto_priv.760
                0x000246c8                bg_bit_clr_exclusive.lto_priv.437.lto_priv.768
                0x000246c8                bg_bit_clr_exclusive.lto_priv.434.lto_priv.763
                0x000246da                bg_bit_set_exclusive.lto_priv.442.lto_priv.772
                0x000246da                bg_bit_set_exclusive.lto_priv.445.lto_priv.515
                0x000246da                bg_bit_set_exclusive.lto_priv.440.lto_priv.526
                0x000246da                bg_bit_set_exclusive.lto_priv.447.lto_priv.759
                0x000246da                bg_bit_set_exclusive.lto_priv.444.lto_priv.713
                0x000246da                bg_bit_set_exclusive.lto_priv.443.lto_priv.769
                0x000246da                bg_bit_set_exclusive.lto_priv.441.lto_priv.775
                0x000246ea                ll_connEncryptionConnectionInit
                0x00024720                ll_connRaiseEvents
                0x00024d84                ll_channelmapUpdate
                0x00024dfe                ll_connInitNew
                0x00024fe0                ll_channelmapUsedChannels
                0x00025008                ll_channelmapGetChannelMap
                0x00025020                ll_connUpdatedChannelClassification
                0x0002508c                ll_advExtUpdateChannelMap
                0x000250ac                ll_advGetByHandle
                0x000250f4                scan_getRadioPhy.lto_priv.767
                0x000250f4                adv_getRadioPhy.lto_priv.793
                0x00025108                set_change_awareness
                0x00025124                set_client_features
                0x00025162                ubt_gap_set_le_mode
                0x00025630                s827131d505b4f07b5e1d62902896d3c639da41993642f403891f9c6097e06a25
                0x00025678                s2001b61be3a91127a03b7280b7ba397a7fce2ff18c964f82903b557a9303ac1d
                0x000256bc                s441848ce43f90ae081416c0d91b1ec82e0cb7cc8e4ec4d990b0a7dfa59e2011d.lto_priv.665
                0x000256ce                s08a8bfcf661a4e2888f72d6772a3714c98538526f27902b303385e6a6d07ae84
                0x00025784                sfca0cd9d9958e3aa5a34911e8cd550256731e6d2597f37139066c7c0221c42be
                0x00025898                mbedtls_ecp_point_free.part.8
                0x000258b4                mbedtls_ecp_point_init.part.5
                0x000258cc                ecp_modp.lto_priv.413
                0x00025954                mbedtls_ecp_check_pubkey
                0x00025afc                mbedtls_ecp_copy
                0x00025b28                mbedtls_ecp_point_free
                0x00025b2e                mbedtls_zeroize.lto_priv.383.lto_priv.384
                0x00025b2e                mbedtls_zeroize.lto_priv.382.lto_priv.414
                0x00025b2e                mbedtls_zeroize.lto_priv.448.lto_priv.513
                0x00025b2e                mbedtls_zeroize.lto_priv.449.lto_priv.512
                0x00025b3e                mbedtls_ecp_group_free
                0x00025b9a                crypto_management_release
                0x00025bd0                mbedtls_aes_init.part.3
                0x00025bd8                RADIO_ClockFreqGet
                0x00025bf4                PTI_Enable
                0x00025c74                PA_SetRampTime
                0x00025d90                PROTIMER_GetTime
                0x00025dcc                PROTIMER_GetUsTime
                0x00025de4                GENERIC_PHY_SeqAtomicLock
                0x00025e94                ll_dtmTaskHandler
                0x00025fe8                ll_connEncryptionSetSessionKey
                0x00026080                ll_connFree
                0x000260d4                ll_advTaskStopHandle
                0x000263b4                ll_advExtTaskHandlerWaitTx
                0x00026610                ll_advTaskHandlerWaitTx
                0x00026734                ll_connAlloc
                0x00026790                ll_advUpdateMaxEventLength
                0x00026894                PROTIMER_CCTimerStart
                0x00026a88                GENERIC_PHY_EnableRadioIrqs.lto_priv.706
                0x00026ac0                GENERIC_PHY_DisableRadioIrqs.lto_priv.708
                0x00026b74                GENERIC_PHY_ConfigureInterrupts.lto_priv.707
                0x00026d04                GENERIC_PHY_ClearPendedRxWindowEnd.lto_priv.704
                0x00026d60                RADIO_RACRxAbort.lto_priv.386
                0x00026d98                BUFC_RxBufferReset
                0x00026dec                GENERIC_PHY_ResetRxFifo
                0x00026e20                FRC_IRQHandler
                0x0002754c                FRC_PRI_IRQHandler
                0x0002754e                MODEM_IRQHandler
                0x00027550                RAC_SEQ_IRQHandler
                0x00027552                PROTIMER_IRQHandler
                0x00027554                BUFC_IRQHandler
                0x00027556                GENERIC_PHY_RadioIdle
                0x000276c8                mbedtls_aes_crypt_ctr
                0x00027860                crypto_management_release_preemption
                0x00027cb8                ll_connSendData
                0x00027e68                ll_connEnableDataFlow
                0x00027e8e                ll_connEncryptionFail
                0x00027ea4                ecp_double_jac.lto_priv.410
                0x000284c4                ecp_add_mixed.lto_priv.412
 .text.unlikely
                0x00028a98      0x540 C:\Users\Ayush\AppData\Local\Temp\ccHSn1mw.ltrans3.ltrans.o
                0x00028a98                fill_buffer_byte.lto_priv.765
                0x00028ac0                ecp_safe_invert_jac.lto_priv.408
                0x00028b08                ecp_normalize_jac.lto_priv.409
                0x00028bd6                ecp_normalize_jac_many.lto_priv.411
 .text          0x00028fd8     0x67ac C:\Users\Ayush\AppData\Local\Temp\ccHSn1mw.ltrans4.ltrans.o
                0x00029000                sc25c7bb05ff45ffd09352364f391908338d20456509c8b3d2562ccc5542bbf7e
                0x00029030                s0ea8b5ab0953e494b31b6055f8cf4de5d29d82ad254cb57ff9bad23506651eba
                0x00029164                s13a7ee9958563577b2282fc1a5b5ef6ba3af9a1f629248ab5996deff4fb2d665
                0x000291b8                s27523be5dd72728502143a46df48b11bd58c0b2ec4c8fbb5f98ef5b30a3863ce.lto_priv.643
                0x000294c4                sd2a70f85afb3726c1aa16712911540c18ebf6ec365d42af91de790bce8a5841b
                0x00029aa8                s245fc778353013d3a43bf47cbd623c6cb7fd19a079ce56b16baf732f1feb2bd7
                0x0002a140                s8089ba360e21db72dbac5a237dc912044b6f487022872eba469160aebf22eb75
                0x0002a168                sfd2f0f2511b7d9a259473426e31aed44bad3e4b0503eabdcdff8cdfafd84c613
                0x0002a194                sd3ed4ad001b01c2db42bb3ee30fbbcd04f59ab3706f70865dfa286d4957f7f95
                0x0002a2b4                s71c2cd8b28cf62649796a483b0045f28cc045f5bd7aaafc2c97757350b76bcab
                0x0002a354                sli_bt_cmd_mesh_generic_server_init
                0x0002a420                sli_bt_cmd_mesh_generic_server_publish
                0x0002a480                sli_bt_cmd_mesh_generic_server_update
                0x0002a524                sli_bt_cmd_mesh_generic_server_response
                0x0002a634                sli_bt_cmd_mesh_generic_client_publish
                0x0002a738                sli_bt_cmd_mesh_generic_client_set
                0x0002a810                sli_bt_cmd_mesh_generic_client_get
                0x0002a8a0                sli_bt_cmd_mesh_node_start_unprov_beaconing
                0x0002aadc                sd27a309b50c165a45be08145afbcd4b52e8d431f825f23379e9d192671146613
                0x0002aaee                se14dee9107056ef447c103e291d511d78f61ddce59e603f8893fe66402dccbb3
                0x0002ab46                s83553b8f27220ad9bfa20a93c3ef2eabd1aa30ffa86007262c54bae4e790281e
                0x0002ab7a                s204e395ef05479353c223b01b4727fa35a414847590a946caca0a03c7d53cb5d
                0x0002abd6                s220a2f4900f75b2e7fc3ecc165d8d6f8aa6b30a087c5ffd7c7d42ffcaf3b5f4e.lto_priv.415
                0x0002abe8                s7a62d7fd0b827ce2bce0d5332161397c3f1676b4b67aff85314463df5cb1b81a
                0x0002b008                scbc8a5558374ddf0147bca8e39ac829a52a7aaa43fe51089913bb1dd03369c95
                0x0002b120                s391ab8a3a0d4eeae2ca5f987acb8b96d722a0b9da89439bb648ee97b77e10554
                0x0002b154                se7f010186443df19bf63228c0eccb0d26f96e806b53edec62f6e623b4c70ac78
                0x0002b1b4                saffb41abcc8ea4648b692d75c28b7a485df412c338a246e289d32a4ba62f323f
                0x0002b1da                sce1a03bf013de9fb178db1062f8796d8547237f7e44d9df7da406b88f45c9140
                0x0002b1fc                scee74d63fc2b39964a2422232d6474f58b150ef70bac34c64e07e2ce7b521258.part.0
                0x0002b304                s60ba2f87c2983372bffd75874f9bbd2f9ae36cf01fbbbd6ea7a87ddc49714ca2
                0x0002b34c                s58e665513ab257bb979bcf33cd0225428edfbef7762f123ab4567ebd1487f96a
                0x0002b394                s8a872785302e4c7e707ba8f778be2443e60bd1914f946c395c0b46bd733bf9f8
                0x0002b3b0                sc082b4687beaaec31b10ce5afdef1e73b8a41497f7279d50d3dbf6659f7a3dcb
                0x0002b3d4                safdf5a25892ffa2256f0e0cabb53c0696ace5f49e9ad604eb0a501226359a90b
                0x0002b440                s18efa635f10e527fdf6b27534bf13ef99a945e90661db2ede05490ee689492c3.lto_priv.696
                0x0002b50c                sc900146bd350efbfc8d5f7dd18edd7028dde2e0afc602c6982170169ee3aabd5
                0x0002b5c0                header_invalid
                0x0002b5de                crc32_calc.lto_priv.711
                0x0002b60c                find_obj
                0x0002b66c                gecko_bgapi_class_mesh_generic_server_init
                0x0002b672                s9d1a9dc9915ee6cba302f313d01dcc7f605f99ebe2fb5693b9ceb8e4873afd45.part.4
                0x0002b6ac                s9d1a9dc9915ee6cba302f313d01dcc7f605f99ebe2fb5693b9ceb8e4873afd45
                0x0002b6e8                s5230d150008820025fc72e0ebf5162331aa42e8265a17af21c03530ce58d5b37
                0x0002bc66                s15705643ff70a9db75a513a2bfa94b967490d35423bf567891ff34adc3a15cd4.lto_priv.569
                0x0002bd40                s93f72479e2d5f99343f76b34ded575377196f936fb162527096af43711d78778
                0x0002bd94                s6d958aff5e4d1606ddb5a16abf7974efd9d4846fabaf71c9dccde4804ff27a1f
                0x0002c250                s0f13c1c21af7cbbfef25cc29ec81ceb2dd3d203e01530565a604f18d8abbc0f4
                0x0002c2c8                s1127c4fa3ee01490ef9217689b391b54b4b16d4fdf38695e7a6e7c364ee5f377.lto_priv.642
                0x0002e428                flash_write_u32.lto_priv.710
                0x0002e43e                store_write
                0x0002e6d0                erase_db
                0x0002f698                sfcb9bc866e02aec5197bf2ca835fc0396190860888096d2edc9c6accb3d9263d
 .text.unlikely
                0x0002f784      0x194 C:\Users\Ayush\AppData\Local\Temp\ccHSn1mw.ltrans4.ltrans.o
                0x0002f7d4                s8e566d50c7694bae12d2ac27304a956e5ee4a2d81285876c4f7515f4d4d7adb8
 .text          0x0002f918     0x5bd8 C:\Users\Ayush\AppData\Local\Temp\ccHSn1mw.ltrans5.ltrans.o
                0x0002fa10                sabd79f15c289a92fc1e0f0f03c6c49aa2c629aafa722c7aab7fbcc29f3e3f1b8.lto_priv.653
                0x0002faa0                s274c3b8ab77f468732558fa51f7f77061c241c1798d9608d46aaca8ef87a36b3.lto_priv.652
                0x0002faec                sb067a88be0a28dbd0339f0948f080501ad79ea40a733141e6b8c4711d337c314
                0x0002fbd4                s20747ba844a0fe94c7e5ad3dfba8b7fca7ad378bfc3f58f50c5b8785903bf8ef.lto_priv.690
                0x0002fc38                sc590d24106db6e925a651aefb0ac337d10c8759c85168c5d21f85462e20505b0.lto_priv.689
                0x0002fc68                sc6695c398cf65f6a61823f414b9fb0e5eb174ad2cee16028da0484dfaf4c6cf0
                0x0002fc78                ccm_aes_setkey_wrap.lto_priv.379
                0x0002fc7c                aes_ctx_free.lto_priv.378
                0x0002fc90                aes_crypt_ctr_wrap.lto_priv.374
                0x0002fc94                sli_bt_cmd_le_gap_set_scan_parameters
                0x0002fd00                sli_bt_cmd_le_gap_bt5_set_adv_parameters
                0x0002fdf4                sli_bt_cmd_le_gap_end_procedure
                0x0002fe3c                sli_bt_cmd_le_gap_discover
                0x0002febc                sli_bt_cmd_le_gap_bt5_set_adv_data
                0x0002ff20                sli_bt_cmd_le_gap_bt5_set_mode
                0x0002ff90                att_gatt_client_handler
                0x00030358                s9e16276a59b60599ee22aff6978ecab0a1988316af42f005ff3a6543d2adb936
                0x000306ba                s8416c5883cfc255a107835fc1e510a7aba3c7498fe0b498fec027ca2de3131be
                0x000306be                s3124d70d18e755b80e44f02a8127c51499b23dbdd42ca5b3341ddc4ff0a6a284
                0x000306c2                s7b8086ab79d282ad99a9f33f64f23f6a13cbffd465b0ef2c0a7d497b9bb99a03
                0x000306c6                s69bc9eab5d711cc0c902632c9680117ddf00900bda368431741605db16c391d0
                0x000306ca                sf2dbb87f42938d2ad47026c86c375b4eb47f7a9ac219d0df59c97fdcdc3256f2
                0x000306ce                s0e239bb73ae1d57145263488ac95431c9f228c367fd43f001f50499e29bb757b
                0x0003079c                s623a271c1776de493bcfd625995d18009b5092a96826394132416c14d707e5b4
                0x000308d4                s47551b29b8853ee77bfa302dfff71f1900c26fc4aef5361a76549a1eac67c491
                0x00030db8                sf4364e7b7bd22f221715e914e9f1b8d052d9de85f4796bf6715ed313afa3ecd0.lto_priv.692
                0x00030dbc                s4672eac5d1efdd7ac1aa5d4dd81924d8fa0f4ae12d22d12c01ea0961f0f60283.lto_priv.687
                0x00030dec                mbedtls_aes_setkey_enc
                0x00030e28                aes_setkey_enc_wrap.lto_priv.375
                0x00030e68                CRYPTO_KeyBufWrite.lto_priv.480
                0x00030ea2                mbedtls_cipher_update
                0x00030f44                mbedtls_cipher_cmac_update
                0x0003100c                mbedtls_cipher_setup
                0x00031040                bondingdb_handle_valid.lto_priv.712
                0x00031064                ubt_sm_get_bond_data
                0x00031094                ubt_sm_set_bond_data
                0x000310c2                mbedtls_mpi_cmp_mpi
                0x00031142                mbedtls_mpi_cmp_int
                0x0003115c                mbedtls_mpi_bitlen
                0x0003119c                mbedtls_mpi_free
                0x000311c8                bg_random_get_data
                0x0003128c                sc400441ef8613ca3ed0ada15e0086e4b41fd0cae226f0baf53b95199c81383db.lto_priv.691
                0x0003131c                s5f8d88ad41beb2f58a217cedfa34b4027b86a34fe26d679080632529b7bbdd28.lto_priv.693
                0x000313aa                s272ff8b712fa6f828f7948647374ef11b721113c1f6b727469191a6601e32254.lto_priv.694
                0x00031410                sc200cc806e602bdf131a612a1b01216103c790a6167f7c27794f18d84f53c557.lto_priv.688
                0x00031466                bg_pool_free
                0x000314aa                bg_pool_alloc
                0x000314c4                bg_message_run
                0x0003154c                bg_message_call
                0x0003157a                bg_message_remove_receivers
                0x000315ac                bg_message_send_later_alloc_pool
                0x00031648                bg_message_send
                0x00031690                bg_message_cancel_matching
                0x000316e8                bg_malloc
                0x00031706                bg_message_add_receiver
                0x0003172a                bg_zalloc
                0x00031742                aes_ctx_alloc.lto_priv.377
                0x00031756                ccm_ctx_alloc.lto_priv.380
                0x0003176e                mbedtls_mpi_grow
                0x000317c4                mbedtls_mpi_shift_l
                0x00031852                mbedtls_mpi_lset
                0x0003187a                mbedtls_mpi_shift_r
                0x000318ee                mbedtls_mpi_read_binary
                0x0003195a                mbedtls_mpi_copy
                0x000319b2                mbedtls_mpi_mul_mpi
                0x00031fb4                mbedtls_mpi_mul_int
                0x00031fce                mbedtls_mpi_sub_abs
                0x0003215c                mbedtls_mpi_sub_mpi
                0x000321a6                mbedtls_mpi_add_mpi
                0x000321ee                mbedtls_mpi_mod_mpi
                0x00032582                mbedtls_mpi_shrink
                0x00032698                s04501f1925e2ec50b97e1d2ce11de55e8e5370895eec5b9b4d52c2bb1acb42c9
                0x000326fc                s742e7dc10dfe34b61d39a84a61bd1d368a80615de064316364e8ba82269a9860
                0x000327e0                s8df64a28463a928f7690a9bdf32144aa7aa0c05059315babc105486c6d5262d5
                0x000328dc                s67f7ba97496e2b4aa07103b0f386f6d79ee25f925a1328e59fd39bab9111b1a2
                0x00032940                s2613b7d0a7400d9d8a0189268260e9a4f8c6e817702ae1d5261df8baeecbecf7
                0x00032a08                bg_event_raise
                0x00032a34                bg_event_allocate
                0x00032a60                bg_bit_popcount
                0x00032a86                att_buf_send
                0x00032a90                att_send_pdu
                0x00032a9c                att_send_prepare_write_request
                0x00032b50                att_alloc_pdu_copy_data
                0x00032b8a                att_alloc_buf
                0x00032ba2                att_alloc_pdu
                0x00032bb2                att_send_execute_write_request
                0x00032bce                att_send_find_information_request
                0x00032bf2                att_send_execute_write_response
                0x00032c0c                att_send_write_response
                0x00032c26                att_send_error_response
                0x00032c4c                acl_find_by_addr
                0x00032c7c                acl_find_by_index
                0x00032c98                acl_find_by_hci_handle
                0x00032cb4                acl_release_
                0x00032d5c                sc2f6f3c1f75026b9c4377dae81b53b1f0dc8acbbe675a1a04b0ba55205e46294.lto_priv.490.lto_priv.551
                0x00032d5c                sc2f6f3c1f75026b9c4377dae81b53b1f0dc8acbbe675a1a04b0ba55205e46294.lto_priv.397.lto_priv.398
                0x00032d5c                sc2f6f3c1f75026b9c4377dae81b53b1f0dc8acbbe675a1a04b0ba55205e46294.lto_priv.487.lto_priv.602
                0x00032d5c                sc2f6f3c1f75026b9c4377dae81b53b1f0dc8acbbe675a1a04b0ba55205e46294.lto_priv.494.lto_priv.552
                0x00032d5c                sc2f6f3c1f75026b9c4377dae81b53b1f0dc8acbbe675a1a04b0ba55205e46294.lto_priv.495.lto_priv.550
                0x00032d5c                sc2f6f3c1f75026b9c4377dae81b53b1f0dc8acbbe675a1a04b0ba55205e46294.lto_priv.491.lto_priv.598
                0x00032d5c                sc2f6f3c1f75026b9c4377dae81b53b1f0dc8acbbe675a1a04b0ba55205e46294.lto_priv.486.lto_priv.630
                0x00032d5c                sc2f6f3c1f75026b9c4377dae81b53b1f0dc8acbbe675a1a04b0ba55205e46294.lto_priv.488.lto_priv.600
                0x00032d5c                sc2f6f3c1f75026b9c4377dae81b53b1f0dc8acbbe675a1a04b0ba55205e46294.lto_priv.489.lto_priv.599
                0x00032d5c                sc2f6f3c1f75026b9c4377dae81b53b1f0dc8acbbe675a1a04b0ba55205e46294.lto_priv.396.lto_priv.421
                0x00032d5c                sc2f6f3c1f75026b9c4377dae81b53b1f0dc8acbbe675a1a04b0ba55205e46294.lto_priv.492.lto_priv.597
                0x00032d5c                sc2f6f3c1f75026b9c4377dae81b53b1f0dc8acbbe675a1a04b0ba55205e46294.lto_priv.493.lto_priv.558
                0x00032d80                se0fe74183ff7288225450644afe2f16b8636e2af095d10a1e24f0d994a0bcd80
                0x00032df6                s54dd0267f966802976814c7ec97bc3b92441586d1808034aaa42e614f4ceb199
                0x00032ea6                sdf8fab133110f78e898124752ca3fb3f8588307be8d8c3b0f13c4c67fc739787
                0x00032fe8                sa0c156570b521fbc443189f98ea5e47b99ca51e771ffc1e5ee115ae47375fbbd.part.1.lto_priv.606
                0x00033018                s5e4c729ecc0bd4293f6a014d0864ae8d8978aa220eedac37ef08a81827ddd84d.lto_priv.402
                0x00033074                s3e51f689fb09c161845ae1b8472f764515604fa4a0701a3fe6b2147bc3cadee3.lto_priv.566
                0x00033104                s6dc7d5874cd6666c600a6dc8656dd87fceb172ec9739e6053d952972d587bd11.lto_priv.561
                0x00033118                s91b90511bcf648b3208a6ec9b0a26f16009a95d7a78cb0aceb1488b02e26d743.lto_priv.565
                0x00033130                s32b990cecfc63a41e04c1cb1911b3579bc20abce6250d285d09a9a439c5eb95d.lto_priv.560
                0x00033170                sbbae2403bbe900e8144cfd94c854c066bb252679e7a380d4e6b2af0c92fd4c17.lto_priv.562
                0x00033250                s33d0674f7d0d4ce77da72e018c1fbd4ae1b744478a44d4e5c6848f1357d453bc.lto_priv.605
                0x00033280                sdfec51f42d35b93e0c18778cd605425d65c8a5228af1c2dee0454294dee10b7c
                0x00033328                s1c59c9e3865e6fa9dc520f05c7bf684a06ef24e23a9bed665db52bbfb2f5108f
                0x000333fc                sbc729c3856c974a27eeb7fa76b554e63bb084ed4304b639b76f547cd93b2af86.lto_priv.559
                0x000334b0                sf0d01b2b1142285f6657c91dece4a1d4086f319597508069766187a9ca1a3b5d
                0x000334e0                s09fa8e5b0471018ec0ca94db615d176fc60867cd1a513e69d91f05148e99538e.lto_priv.563
                0x00033500                s8157e5c8b57d11cdeebba662ad6af0300191592a03ae961d5f7f2c374593a7e2.lto_priv.395
                0x00033500                s8157e5c8b57d11cdeebba662ad6af0300191592a03ae961d5f7f2c374593a7e2.lto_priv.500.lto_priv.553
                0x00033500                s8157e5c8b57d11cdeebba662ad6af0300191592a03ae961d5f7f2c374593a7e2.lto_priv.501.lto_priv.567
                0x0003350e                s8790629cc3ff6344f12912aed40930b119aa53ae55f06697a8723974dfc91ee4.lto_priv.564
                0x00033590                s83ac33b95f4c286c58130babec40cde39817ebeb8a43990b97f63b8dd2345368
                0x000335e0                sd6f7f6acdcb6bcf3516911bf8a75c1c5fe75c2f8db785ee181ded6b12054b204.lto_priv.557
                0x00033656                sb4f1f11fe0aebc7c744f6193a1f25970e75984afb7b6883ba73a45133c720e57.lto_priv.505.lto_priv.554
                0x00033656                sb4f1f11fe0aebc7c744f6193a1f25970e75984afb7b6883ba73a45133c720e57.lto_priv.504.lto_priv.556
                0x00033656                sb4f1f11fe0aebc7c744f6193a1f25970e75984afb7b6883ba73a45133c720e57.lto_priv.502.lto_priv.587
                0x00033656                sb4f1f11fe0aebc7c744f6193a1f25970e75984afb7b6883ba73a45133c720e57.lto_priv.503.lto_priv.586
                0x00033666                scc3365c1df798b26808743ac85b7a3c8655f2d674e79baef31319cf9052ab78d.lto_priv.580
                0x0003380c                s537fb7c5eda83ea26ffe800e7d2ef073cc24f6e0e1cdab1228fa7a9de2cf1343
                0x00033838                sccabdcd1c32af0e6761b86ece260627fdb4f2574bfbcde7843cfe06f827f38a4
                0x00033ac0                s86bd369eaf917dca0cfb27756b583324b115fc60ca4f762c5279eb6e8039816f
                0x00033e0e                s42ce63c050c4adf701118b6bc406861b423002316b818b8ba576e0b8ca45f14d.part.6
                0x00033e5e                s5f0f7356e787b3369663054b6bd0b1bce53b0c5b84a56e39b225d7709ba1dd35
                0x00033ebe                s0497ae667526ec873e417d8bc5c521b85e8038274b233e98d33880d366ae0328.part.1
                0x000341ac                sf13dfac8b83b5a0a44b177becdf414f20d660eef2a4efea4c261256e4017f0e2
                0x000341e6                sbcf1de4539448962e2b3e09d287bd5256fb04109aeadec5f4a56186ccb4c962d
                0x0003422c                sbb2d76b1cd0094f1eaceb8936b5805b41b6d11bb120e5626966875676e0c1db1
                0x0003425a                s577aabdcf7e0a251e6bde6701177ab03a63a2979f91930350e9a34793ff28ebe
                0x000342b8                sf760beb5b56baad283ca005e8b7bf64a319220d5d1906817d48671d43fff53ec.lto_priv.654
                0x000343ac                sa8dfbc5b8a8b402287a7d1db9744bcb755c84607cc222cfac5c81a1cff1e35f9
                0x0003445e                s4568ee9094f2201860d1e6348564963c69babbe49e2838ea2e0a83ec2031ffcd
                0x000344c4                s9820693b8b71d78ad3e2ff764838189083d69ba7960ff99ae111dbd538a575f2
                0x0003451e                s1b54d0aaa385a556348e5eacb1ef84269f0dc12aab4fd59657d8a614508112d4
                0x000345d0                s0952916ade171e2e29137c76d428992579a3be37f862bdb6eb00abaf59fd3512
                0x00034642                s58f1f3d7c1ef7d44058da688fffa89251f1fd3acd5de00f8ba9287fea4faa5df
                0x00034658                s51a9e1590aa3071d6ec2f77a487945b851882174034d8e884f29478806794a6d
                0x00034674                saf34396edb610bb7166ccfaf0ccfcda9cdc40528b487aaa761eb36ed40eb7fd7
                0x0003468c                s90a6c604cbb41d0e7dbda2f0445e3350b58d157326de13de1b573fee3ddb1e27.lto_priv.570
                0x00034744                se8c10638544ecd693973da0f0a7732e4b168d5f38cb045da9f2235cbc282d73d
                0x0003480e                sac31d73ce085d394b197c51a6869387ec575c95f055bc3c14a8c0168981bd7bb
                0x0003485c                s675b0f9aaa14b27d094a92a10b6e3fbfae12c98aebeeba328c9abc1e68dd9aad
                0x000348be                mbedtls_aes_crypt_ecb
                0x00034964                aes_crypt_ecb_wrap.lto_priv.373
                0x00034966                aes_setkey_dec_wrap.lto_priv.376
                0x000349fc                mbedtls_cipher_cmac_finish
                0x00034b10                mbedtls_cipher_free
                0x00034b40                mbedtls_ccm_free
                0x00034b54                ccm_ctx_free.lto_priv.381
                0x00034b66                s9fa0f72e981ad65fdd3bdc0884af7b8bda4e40e8bebe44fcab8b05bc4a6138b6
                0x00034d44                seedf85a4467c57ae7bb92da422a37d35e3ee4669597a60e8eaa0fe5ca0e111cb
                0x00034f20                s7e9a8b9e4f08427566a0da6e18dd1c2996f802b7edf6335d12f041a0b4697969
                0x00035150                s98f395ecacf19e88f9efb374f41f6f1f96bffbee552e9cf0e78ab5522e49b1ed
                0x00035254                s8e3c20d632bad73d2eac3d216aa0c4e9ca17fde9249466897876c3e145cd3f4e
 .text.unlikely
                0x000354f0      0x670 C:\Users\Ayush\AppData\Local\Temp\ccHSn1mw.ltrans5.ltrans.o
                0x000354f0                mbedtls_mpi_safe_cond_assign
                0x00035558                mbedtls_mpi_inv_mod
                0x00035910                sf930c4a6c036ff1e373d44b790720fb545a912d8ba7cbd17b988d7065b8edc8d.part.3.lto_priv.608
                0x00035974                s94e24e017c770a8f1242c7cc5b5b784e8340070d0a308707a851abc980b26480.lto_priv.607
                0x000359a8                s97f026172ef33073712b3b37ae029c9fe7a03a46db263c7cc6dc094b2894205f.lto_priv.507.lto_priv.588
                0x000359a8                s97f026172ef33073712b3b37ae029c9fe7a03a46db263c7cc6dc094b2894205f.lto_priv.508.lto_priv.555
                0x000359ae                se66409bf6128cd77c30bf62eb1b713389f835ac35e8d6c5d1d49d505b78613f8.lto_priv.632
                0x000359c0                s21507a50ec720d62554877e97d3d5b2c031a1fdbcc9aec166466f4dd7917b5e0.lto_priv.700
                0x000359f8                sdab0d80786bb975e09dceb1d372ec15b7fe516ac11b3ba02283f428123da7a2c
                0x00035a9c                s559dab69e4f38cb8d2b25c1adee3a86f0fe1f077e84ffc725ffd7de91491714d
                0x00035b06                s426bb8ac671a05377280fd4158743ee2ab3bcc1371960aef15a1f423c3519201
 .text          0x00035b60     0x45c4 C:\Users\Ayush\AppData\Local\Temp\ccHSn1mw.ltrans6.ltrans.o
                0x00035c98                ll_radioTimerExpired.lto_priv.681
                0x00036010                ll_radioSetTxPowerRaw.part.0
                0x00036030                ll_radioRawToTXPower
                0x000360e8                ll_radioTXPowerToRaw
                0x00036114                ll_radioLoadPacket
                0x00036164                ll_radioGetPacketTimeWithPhy
                0x00036188                ll_radioConfigurePhy.lto_priv.456
                0x00036248                ll_radioConfigureChannel
                0x00036334                ll_radioRandom
                0x0003634e                ll_llcpCommonTimeout.isra.1.lto_priv.792
                0x000365f6                ll_startOrQueueProcedure
                0x0003664e                ll_connSetLlcpCallback
                0x000366b2                ll_connClearLlcpCallback
                0x0003676a                ll_llcpCallbackPhyUpdate
                0x00036948                ll_radioStop
                0x00036978                ll_scanExtEnd
                0x00036a5e                ll_radioTxAfterRx
                0x00036e88                ll_radioRxAfterTx
                0x00036ecc                ll_radioRxSchedule
                0x00036f38                ll_radioRxStart
                0x000370f8                ll_radioSetMaxTxPower
                0x0003714c                ll_radioSetRfPathCompensation
                0x00037170                ll_radioTxSchedule
                0x0003722c                ll_radioTxStart
                0x00037290                ll_radioReadRxPacketDetails
                0x00037480                ll_radioInit
                0x00037c68                gecko_priority_handle
                0x00039a50                ll_radioReadRxPacket
                0x00039e08                ll_scanTaskPrimaryHandler
 .text.unlikely
                0x0003a124      0x140 C:\Users\Ayush\AppData\Local\Temp\ccHSn1mw.ltrans6.ltrans.o
 *fill*         0x0003a264        0x4 
 .text          0x0003a268     0x3de4 C:\Users\Ayush\AppData\Local\Temp\ccHSn1mw.ltrans7.ltrans.o
                0x0003a268                PRORTC_IRQHandler
                0x0003a278                RFSENSE_IRQHandler
                0x0003a27a                getMultiTimer.lto_priv.757
                0x0003a27e                isMultiTimerExpired.lto_priv.756
                0x0003a282                cancelMultiTimer.lto_priv.754
                0x0003a286                isMultiTimerRunning.lto_priv.755
                0x0003a28a                setMultiTimer.lto_priv.753
                0x0003a28e                RFHAL_IsTimerRunning
                0x0003a2a0                RFHAL_IsTimerExpired
                0x0003a2bc                RFHAL_GetTimer
                0x0003a2c8                eventDefault.lto_priv.739
                0x0003a2ca                radioConfigChangedDefault.lto_priv.372
                0x0003a2cc                BG_PRORTC_IRQHandler
                0x0003a2fc                ll_task_default_callback.lto_priv.788
                0x0003a34c                sli_bt_cmd_mesh_lpn_configure
                0x0003a4e8                sli_bt_cmd_mesh_lpn_init
                0x0003a57c                sli_bt_cmd_mesh_lpn_establish_friendship
                0x0003a5e0                sli_bt_cmd_mesh_lpn_deinit
                0x0003a634                gecko_bgapi_class_mesh_proxy_init
                0x0003a63a                s43945718ec2174008529447cf60dcfe8d5c786d42a336ebcf5c4f004dbe5151f
                0x0003a658                s1f2868aabdc3cc94e4555c388c5dff8013a8bdfb9ec8b2d2faffed06b768589d.lto_priv.636
                0x0003a6b4                gecko_bgapi_class_mesh_lpn_init
                0x0003a6ba                gecko_bgapi_class_mesh_proxy_server_init
                0x0003a780                gecko_bgapi_class_mesh_node_init
                0x0003a786                mesh_native_bgapi_init
                0x0003a828                TIMING_NsToStimerTickCalc.lto_priv.771
                0x0003a854                TIMING_Recalculate.lto_priv.455
                0x0003aa48                SYNTH_LoDivGet
                0x0003aa68                RFHAL_GetBitRate
                0x0003ab2c                RFHAL_GetRadioState
                0x0003ab74                isTransitionState.lto_priv.773
                0x0003ab86                RFHAL_BLEPreambleSyncWordSet
                0x0003abcc                RFHAL_IsBleLongRangeEnabled
                0x0003abe4                RFHAL_WriteTxFifo
                0x0003ac44                RAIL_ConvertDbmToRaw
                0x0003ad2c                uuid_to_handle
                0x0003ad90                timer_get_time
                0x0003adb8                smp_ah
                0x0003ae48                usch_SendEvent
                0x0003ae58                usch_RemoveTask
                0x0003ae88                task_fail.lto_priv.764
                0x0003ae90                usch_Schedule
                0x0003afd4                add_task.lto_priv.457
                0x0003b028                usch_currentTaskRemainingTime
                0x0003b03c                ubt_pskey_read_callback
                0x0003b058                ubt_pskey_write_callback
                0x0003b074                BTLE_LL_EventRaise
                0x0003b090                mesh_bgapi_listener
                0x0003b6cc                SYNTH_DCDCRetimeClkSet
                0x0003b834                RTCCSYNC_RTCCClockFreqGet.lto_priv.795
                0x0003b878                RFRAND_GetRadioEntropy
                0x0003bc18                RFHAL_CancelTimer
                0x0003bc5c                RFHAL_SetTimer
                0x0003bce4                RFHAL_NotifyUserOfIrCal.lto_priv.770
                0x0003bd78                nvm3_deleteObjects
                0x0003beb4                BTLE_LLToHCIEventSAP
                0x0003beec                ll_to_hci_event_handler.lto_priv.787
                0x0003c0f4                sli_bt_cmd_mesh_node_init_oob
                0x0003da44                RAILInt_SetChannel
                0x0003dc10                RAILCore_ScheduleRx
                0x0003ddd0                RFHAL_SetTxPower
                0x0003de0e                RAILCore_ConfigChannels
                0x0003de54                GENERIC_PHY_EventCallback
 .text          0x0003e04c     0x477c C:\Users\Ayush\AppData\Local\Temp\ccHSn1mw.ltrans8.ltrans.o
                0x0003e070                s53405c4e74654ca8e287e154d16e218a89897a34981d36568a54cedf8eb5c234.lto_priv.683
                0x0003e0a4                RAIL_YieldRadio
                0x0003e0a6                sc05678dda3e4ada41547d970ff6442687aed8a4b67246c40ca934272253ebe97
                0x0003e160                s60630b08788d5f4650a6573ec4ae910e042fdc8e28950a238139746afc4427da.lto_priv.511
                0x0003e22c                s053d1cf6090af282343f3c4ccfd35ebb04229e3643112571ce16a7ad44dace8b.lto_priv.356
                0x0003e258                s6868a825f326a08d6ae9025eeabf24ebe7918e07274d90a1d3a0b6297330e2f4
                0x0003e270                s1f4c4d45700e1117c1b488259b8ab128a35b5b57e15e37e60723c9851fc5c293
                0x0003e29c                sd0f5d405fa47fb57fd3cfd676c4faa7b9382d27ad36a85f33dabf1d0f363f531.lto_priv.523
                0x0003e2bc                se2dfbfdadc3adeb242907f4e166f9cdfbad9edce4a02bde82577a5fa4ea790fe.lto_priv.522
                0x0003e2d8                s8b8c25562ff5df460542008e837b0715e647554b809585ace017f3d6e2581067.lto_priv.521
                0x0003e2e8                sd373cd11b18c17987cd65ef8e8d21ac9594fd75665ddeff204cdf5655ec72459
                0x0003e2f4                s996d9bc07b2764a5df560aa444f5849262abbbf850c2ff11d35aef9f98e11326.lto_priv.393.lto_priv.394
                0x0003e2f4                s996d9bc07b2764a5df560aa444f5849262abbbf850c2ff11d35aef9f98e11326.lto_priv.392.lto_priv.420
                0x0003e2f4                s996d9bc07b2764a5df560aa444f5849262abbbf850c2ff11d35aef9f98e11326.lto_priv.529.lto_priv.609
                0x0003e300                s2b1d516ba166a9b50349a9b7598efbe6e359a91c876a4771175b1e94ecbdb40f.lto_priv.531.lto_priv.698
                0x0003e310                s6691aef8637cffe37b8a64b08c0bcf3a439dc7172ca2accb44bd9402beae3ef2.lto_priv.533.lto_priv.604
                0x0003e310                s6691aef8637cffe37b8a64b08c0bcf3a439dc7172ca2accb44bd9402beae3ef2.lto_priv.534.lto_priv.601
                0x0003e31a                s51e5067254024a2fa09db40530160a23ded29a0ad4a57c42ab386b7835cb9d08.lto_priv.635
                0x0003e464                sd21fe30c240a3e4b1e3ec12a8273a70f5024de12aa6ccb86fdd298374a13f1a0.lto_priv.682
                0x0003e550                _mesh_foundation_send_byte_array_impl
                0x0003e606                seb52d257fca06f9181a292aed2eceb2a000caf4c5902513d475daafc91b057cc
                0x0003e67e                se1985b6fe6b9c26590b498459b784d13e1d9a0243bcf15db2b89d0139210f55f.lto_priv.610
                0x0003e6c8                se28d7a54260cc5211ddf95118b985c0dd1b1412c29a8eda6b06dc3872de31b56
                0x0003e73e                sdcd0c5e5f91adf6b973bcbe6b1512d121008eba9c4987a889a4a9ca9056823ed
                0x0003e77a                bgbuf_copy_to
                0x0003e77a                s487d789d64f5f69f5b3e2d9e99bce5aac095bba89dfb14a49f7206b0720fb57e
                0x0003f0f4                sb7917d9a972470e36e12e08ce9cb9b75e17354a6ff9c065f07d78e8639514ef2
                0x0003f13c                swapl.lto_priv.519
                0x0003f140                s30587a28baa9ba8f5600f90eb43ddd23eb65becdddc12637d57a4954f872256c
                0x0003f314                s4ad3e592ca0c22b75b30cc9d883c04599322674c2959f9466b23ea7500b85717
                0x0003f4aa                s93c5b4d5e0fac4d3f1ae32d616d6fa071c38c6e51920b78aa4e7516a2bafa81c
                0x0003f4c0                sfc393d913802b93d95215ee05a0c9b26aa63eb169454d993e454c18cdccee618
                0x0003f504                s87d00ef77433e43d488d7b8ff03f02d7bf4e89be6613d8bb083aafdc3a93f43c
                0x0003f540                se493da5f85db0d2a373a8b79e342b3bbeb3f269acefd48be31ae0ba4c0729619.lto_priv.517
                0x0003f570                s6466dfa91c1531c73e2ad0b7bb494f51f4b15a98e0056b70ba493275adbf0712
                0x0003f59a                s045a5023d088d44e3ae2dea85ed4a409a29fcf1ea1092245a02ca6cb116724df
                0x0003f5c4                s44d00d72053b92ff605c009b0da6d780f2022a0c8a5835243b91730c9a4d4b91.lto_priv.633
                0x0003f624                sa7819c7f994d039501d9a45a4bcd781431441a10bfd3318fd3a316f4f9be2365
                0x0003f660                s1ba7a37a15c9ec22cc72cba2d8737b96706bd851598af1937b9371e14cc2fb19
                0x0003f69c                s48805e0168eed6fafbe354d9c37bce11476fad2be0e8c7c42f7586dfe02052eb.lto_priv.596
                0x0003f6d8                s13c724c93a8490d5a9d32f9f50638f911f4c99baebc7c530d29e863bcbae0ef3
                0x0003f754                s6b0ae27c1e436dc874ee07ac1651761db4ae51391755cb783d1c68475b6aabdf
                0x0003f7c4                sa557cd298c6e3ee0c6334b1e04ea0209d2c3f82d77869ba488d075d2d1413f99
                0x0003f8b4                sa02a3c946acde7e448f4813ff2b950cefd22f97fe9d086baa6b5a27d1032f5df.part.11
                0x0003f910                sf62a30a962d5629b797050918f58d08d0bfc458629cd5927ded74379e3b395c9
                0x0003f928                s03edbcb03a8d964eff66bbd15c97373ce60e29dfca7f33e72280a6b37fb9ebc0
                0x0003fa20                s789baa7635127f6187d528d92cdbe7f24bab6d8ceafeb457d3adf8a004a9f810
                0x0003faa4                s7ffe0f78d7d7c1405727988289d95c9eefc56a372006af144d1347b723ebc850
                0x0003faf0                s9d8e308dd5d27e98c0b8ee7f93bb1632cb37dc65ed9777389b1ae6a08f2fd4ab
                0x0003fb30                s7116396e5bd304a21798cbad55a150a2f09bad3413b2364d85ed6b289cdf2ac4
                0x0003fb7c                s7923c8add841d12c9b517ef033d07a5f0cba380e6f243c36645d4c133a956377
                0x0003fbd8                s0ecfc7aec9954529ad313838bf61385d94efbe6f9b7ebecb2c4ffde98a41f2ef
                0x0003fc2c                sf6b66b26b1c4b31e54ed53289d2d42251b132f9b37088bc436a4a757605be82d
                0x0003fc4c                sf2d72966300ccce13e7b57139c9e56b853226b43d99608eb5af0b8f6f2d4693e
                0x0003fc64                s53af7aad28b438669ddf2af9804447c73f1ca43fca16862c8c6e37c68a703fb9.part.14
                0x00040020                saf79a4199b288150589b19fd355e2e03d3cdbf10a6d68a8680400f7e66d89896
                0x000400b0                sd4b7e92fb576ff6cd4646b02087e5081c9206fcde5fefa3c1f6096ec25be6c6a
                0x000400d0                s4b5d7111ca3e4f4b1b3fa108b259519e7651ad84d0c7d13f727b26811851a742
                0x0004012c                s1600ea3c459cdd06d029936b9fdb5d324c6e17e5f548d615e64f2928ad41baa6.lto_priv.697
                0x00040220                s677035f18f19b8698e72dcdaf3e794a043187f4f3bb58812ed276ab42c499822
                0x00040430                s14b1ce95a784bee849b6df67931bc2e0d1cc32fba2687edbfbd8124b55fd533c
                0x00040540                s01bbc32bd84510244ccc70862066a295a9434b39b6beb93937f6e0db35b62e39
                0x0004063c                s388cb745538ba932d7e8484848e71c6a7f6ea58b5cf64f75514a2e8f0a6f3ccd.lto_priv.699
                0x000406a0                s896b74fa69469516e40fe525152f23d6159b57876b06c0dea09f5200c957fde0
                0x000406d0                s8c2d4ef2a42e7e3c3c55eae848625ff6483e2a593af075f3b04d21711aa4b397
                0x00040700                s884ebc32c2f4287559bddf44089f02e2553bfc7928b10f388a3d95ce31781af7
                0x0004077c                s4245de3149eb29c7b0357b6f5127a0f89e7904d31c2cdc519911bcca4e7718d9.lto_priv.524
                0x00040948                sb794c21b166ff1d0d917edb265196fb82327d4d07918ad25f164624115ea1457
                0x00040978                s6cbd245a1e8869c2a5cc09ee98cfae0152845bdda3cb4a75f32cb3cabcfd39d5
                0x00040cf0                s6a8991ca41de7c22352620eadd5b7988a83e5a0c8ffd0212131c3ec48594b377
                0x0004101c                sc4c76efa895dfcab5ccc8e28c82528bdf1cc788dc012cea11ee5cf9b34002b0f
                0x00041194                s50b5434ad4f25a564131711d5a6fee4010f75ae8b4884025bda7a06bd54b4671
                0x00041544                sbcf8f263743fbfe38223982e14a7671a61411c92ef9c88f62c15ab10323539dc
                0x000415d0                s3b32d4e48a284ef7f845898b186158968ab1bec386677a17d8cbcf3b89854994
                0x0004163c                s3a556dc9bee3cd7ae7ab5a6b54ad175908e98f75d5483d0562e1febc0b5e6a3d.lto_priv.603
                0x0004166c                s226d6ad54a5da013f27d23809488ab33714e3d137953d76d045d014133772d52
                0x00041708                s0cb405217cac05c8abcfaa9adf1f69ca61404c45cc9960bd9b511d3112abd2d2
 .text.unlikely
                0x000427c8      0x1a8 C:\Users\Ayush\AppData\Local\Temp\ccHSn1mw.ltrans8.ltrans.o
                0x000427c8                sadbe999ac54415eecd88466503b20a0104688cf73684e71d4ef7b71d1c1b82c2
                0x00042812                s6caa9e8c27bf74c11852eb0f5bc5a750125ccb07c6a7bff24cee19207af93deb
                0x0004285c                sa32e4b2fe32292fbb0dfec94daba50302fddd13dcaaf6d57fc1dec5fcc9764af
                0x000428a8                s3f4fad945a8bce5ef6153e2a0404ff71e67b03ac5e8717fd170f058f7ee5ff3f
 .text          0x00042970     0x9240 C:\Users\Ayush\AppData\Local\Temp\ccHSn1mw.ltrans9.ltrans.o
                0x00043510                WDOG0_IRQHandler
                0x00043510                USART2_RX_IRQHandler
                0x00043510                CMU_IRQHandler
                0x00043510                WDOG1_IRQHandler
                0x00043510                LEUART0_IRQHandler
                0x00043510                CSEN_IRQHandler
                0x00043510                I2C0_IRQHandler
                0x00043510                MemManage_Handler
                0x00043510                ACMP0_IRQHandler
                0x00043510                GPIO_ODD_IRQHandler
                0x00043510                NMI_Handler
                0x00043510                USART2_TX_IRQHandler
                0x00043510                LDMA_IRQHandler
                0x00043510                DebugMon_Handler
                0x00043510                CRYPTO1_IRQHandler
                0x00043510                BusFault_Handler
                0x00043510                SysTick_Handler
                0x00043510                CRYOTIMER_IRQHandler
                0x00043510                SMU_IRQHandler
                0x00043510                IDAC0_IRQHandler
                0x00043510                RTCC_IRQHandler
                0x00043510                USART0_TX_IRQHandler
                0x00043510                USART1_RX_IRQHandler
                0x00043510                VDAC0_IRQHandler
                0x00043510                WTIMER0_IRQHandler
                0x00043510                TRNG0_IRQHandler
                0x00043510                USART1_TX_IRQHandler
                0x00043510                EMU_IRQHandler
                0x00043510                MSC_IRQHandler
                0x00043510                PCNT0_IRQHandler
                0x00043510                UsageFault_Handler
                0x00043510                SVC_Handler
                0x00043510                Default_Handler
                0x00043510                ADC0_IRQHandler
                0x00043510                PendSV_Handler
                0x00043510                CRYPTO0_IRQHandler
                0x00043510                I2C1_IRQHandler
                0x00043510                LESENSE_IRQHandler
                0x00043510                FPUEH_IRQHandler
                0x00043510                HardFault_Handler
                0x00043510                GPIO_EVEN_IRQHandler
                0x00043df8                hfperClkOptimizedPrescaler.lto_priv.844
                0x00043e04                hfperClkSafePrescaler.lto_priv.845
                0x00043e10                syncReg.lto_priv.847
                0x00043e44                setHfxoTuningMode.lto_priv.842
                0x00043e6c                getHfxoTuningMode.lto_priv.840
                0x00043e88                getRegIshUpperVal.lto_priv.841
                0x00043f44                CMU_UpdateWaitStates
                0x00043f84                auxClkGet.lto_priv.851
                0x00043fa4                CMU_Log2ToDiv.lto_priv.849
                0x00043fc0                CMU_PrescToLog2.lto_priv.848
                0x00043fe6                BUS_RegMaskedWrite.lto_priv.831
                0x00044008                BUS_RegBitRead.lto_priv.815
                0x00044148                EMU_VScaleWait.lto_priv.836
                0x00044160                EMU_VScaleGet.lto_priv.834
                0x0004417c                BUS_RegBitWrite.lto_priv.818
                0x000441a8                setHfLeConfig.lto_priv.843
                0x00044c88                SLEEP_LowestEnergyModeGet
                0x00044cc8                SLEEP_SleepBlockEnd
                0x00044d1c                SLEEP_SleepBlockBegin
                0x00044d60                SystemLFXOClockGet
                0x00044d78                SystemULFRCOClockGet
                0x00044d8a                SystemLFRCOClockGet
                0x00044dbc                Reset_Handler
                0x00044e08                SystemHFXOClockGet
                0x00044e20                SystemHFClockGet
                0x00044ecc                flashWaitStateMax.lto_priv.846
                0x00044f0c                SystemCoreClockGet
                0x000481e4                _sbrk
                0x00048224                _lseek
                0x00048258                _isatty
                0x0004827e                _fstat
                0x0004829e                _exit
                0x000482a8                _close
                0x00048960                TIMER1_IRQHandler
                0x00048af0                TIMER0_IRQHandler
                0x0004916c                lfClkGet.lto_priv.853
                0x00049254                adcAsyncClkGet.lto_priv.850
                0x000492d0                dbgClkGet.lto_priv.852
                0x00049538                SLEEP_Sleep
                0x000495c8                SLEEP_Init
                0x00049df8                _write
                0x00049eb0                _read
                0x00049f02                USART0_RX_IRQHandler
                0x0004b0a8                LETIMER0_IRQHandler
                0x0004ba94                main
 .text          0x0004bbb0     0x3f64 C:\Users\Ayush\AppData\Local\Temp\ccHSn1mw.ltrans10.ltrans.o
                0x0004bcac                sf4716fcd13c544769bf5032a00a8bb4d9476757fcbd26bbfe47f4f1047029a81.lto_priv.544
                0x0004bd60                sd227d5a5f49601ab9810a94eb8ae2c8d0ec2107a4f1da1ff045379c72824c2ff
                0x0004bd64                sb656e1470715054f01a9e02b37b5d58cc22c942912d39611b720cf0671e3890b
                0x0004bdc8                s27434cd79077db22635d632144a42a6260fbb2e9ace1a38a8bab6313df6993f3
                0x0004bf3e                s7e945e9c3e1e9f3915893410131c7619ba18c7764f2c1ece02fe3db8552ddb40
                0x0004c348                RAIL_EnablePti.constprop.350
                0x0004c34c                ccm_auth_crypt.constprop.346
                0x0004c5f8                mbedtls_ccm_setkey.constprop.342
                0x0004c650                sa2b373de5c191cdc2667d3c9c930bde50e44393137bef92020d1e2a23cd1033f.constprop.335
                0x0004c6e8                s8df131c1e38798c88cb7fbf3afc7ec0b2ed2dde5f1bae6de29c2c7d4a26941fe.constprop.324
                0x0004c738                s14deb4d2c5dd48723fea9d152ea99f898fb97f3b6e2bcd0eea7632e719191648.constprop.323
                0x0004c76a                gecko_register_bgapi_library.constprop.315
                0x0004c7a8                hci_le_set_ext_scan_enable.constprop.311
                0x0004c7dc                nvm3_writeData.constprop.307
                0x0004c7f8                PA_Config.constprop.296
                0x0004c92c                nvm3_readData.constprop.293
                0x0004c960                RFHAL_ConfigRxOptions.constprop.283
                0x0004ca40                RFHAL_ResetTxFifo.constprop.274
                0x0004ca6c                bg_pool_init_pool.constprop.253
                0x0004caf0                alloc_params_data.constprop.247
                0x0004cb1a                att_send_read_by_type_request.constprop.246
                0x0004cb44                hci_command_init_shared_bgbuf.constprop.236
                0x0004cb98                swap_endianess.constprop.234
                0x0004cbb4                bondingdb_find_by_data.part.2.constprop.230
                0x0004cc04                validate_scanning_phymask.constprop.220
                0x0004cc14                gatt_handle_prepare_write_response.constprop.209
                0x0004cd84                gatt_set_enabled_caps.constprop.207
                0x0004ce3c                find_address.constprop.184
                0x0004ce9c                preTxOps.constprop.161
                0x0004cf84                ll_scanTaskExtCommonHandler.constprop.154
                0x0004d018                gecko_cmd_le_gap_bt5_set_adv_data.constprop.143
                0x0004d070                sc662b6b9b807fbe47326a057076903277d2b604cb9ba3cfe6502a62cae4b0b62.constprop.139
                0x0004d07e                s27c8a9d8ea2da8d5f357c969ead44e22cca71977c3171259543af6b0a6eb8855.constprop.130
                0x0004d144                s0103c12f9480344912fd15365aa7f266106e4817dd34b36786098723ea0a5309.part.4.constprop.117
                0x0004d1c8                s0cc22d415d2812e5bca9266720ea843d434474e5fdcc5c620657478bce53890c.part.3.constprop.115
                0x0004d236                s7a5d41a3880b25a238995a87556b8a47d9f10777fe19b205eb02b8896ac4817f.constprop.97
                0x0004d254                seccc44b69ca0df219359b294fdd6fa0a4c9266d262b4bcc289d1ebcc7500ce88.constprop.79
                0x0004d328                s506265de40ccd842fcb7b0a518600c3aed869fe4372009bbf9fc7d3a76fc1a65.constprop.78
                0x0004d424                mbedtls_mpi_write_binary.constprop.69
                0x0004d46a                mbedtls_ecp_group_load.constprop.51
                0x0004d4e0                sd0ca0ef7fe4e36bf429d944aa2d985c21e51ba039d8eea0751b123e448319656.constprop.44
                0x0004d656                s519afcc0428b79d94755abc6bbd7a8ef10f3db9756861c99df43c84ba2a96098.constprop.41
                0x0004d838                s89d4822f9c1bfe3ba46237942ace046d544dbcc50433b7cc07d8a1aec3d02622.constprop.18
                0x0004d888                s783f6ad80ccc94550fd8b92730f7487d9ea4f00a1c3659d3456d647f14cd5b1f.constprop.17
                0x0004d8ec                s6fef564396ef769161034a16f92c09de85d7c79b1dc797c467ff01feb8cd2fa6.constprop.9
                0x0004d934                s43d23c95e746e43f35398a09f21820962193106b0c51bd5442f354a9e93ffc9b.constprop.6
                0x0004d998                s4866b8b36aae74c398422879743e8185ff4298701dad63181d91cd148bd9ae41.constprop.5
                0x0004d9fc                mbedtls_internal_ecp_grp_capable
                0x0004da06                ecp_crypto_ddata_write.lto_priv.470
                0x0004da7c                mpitobigint.lto_priv.474
                0x0004daba                CRYPTO_InstructionSequenceWait.lto_priv.358.lto_priv.469
                0x0004daba                CRYPTO_InstructionSequenceWait.lto_priv.357.lto_priv.481
                0x0004dac2                CRYPTO_DDataRead.lto_priv.364.lto_priv.473
                0x0004dac2                CRYPTO_DDataRead.lto_priv.363.lto_priv.483
                0x0004dafc                CRYPTO_DDataWrite.lto_priv.366.lto_priv.476
                0x0004dafc                CRYPTO_DDataWrite.lto_priv.367.lto_priv.472
                0x0004dafc                CRYPTO_DDataWrite.lto_priv.365.lto_priv.482
                0x0004db20                CRYPTO_DData0Write260.lto_priv.359.lto_priv.477
                0x0004db38                CRYPTO_DataReadUnaligned.lto_priv.369.lto_priv.458
                0x0004db38                CRYPTO_DataReadUnaligned.lto_priv.368.lto_priv.478
                0x0004db76                CRYPTO_DataWriteUnaligned.lto_priv.371.lto_priv.459
                0x0004db76                CRYPTO_DataWriteUnaligned.lto_priv.370.lto_priv.479
                0x0004dbbc                sf2ebf45e573956ec9ec68246a84e14e3854fdec9a00b4d999782834449299464.lto_priv.573
                0x0004dbfa                sda1879579ef0012cfaa2b0a8254b43d645928f4b3a1e537517063603cd1659de.lto_priv.572
                0x0004dc24                s003355049b469d77f076482ebb85dc65c49abf7cf0ba0cb2617d9ce532c32786
                0x0004de80                s410425f4837993707b053b78945b5597eb39b2ceb74ee21ca3c531bb83610f81
                0x0004df00                s46793617a73244990f874b1782f46a73c1bc6cc5cf6d4f65eeb503d7207dd721
                0x0004df8e                s7a099f4e63f24b9e94338010fcc36a34dece99abb4a3b99ec62b941e54b3d692
                0x0004e008                s57fc31885176ae06864794feeb49b5cca4a97d638143be7446b8d45a4735a8e7
                0x0004e0e8                s756dd0163cb06f5976015528bfbfbd8aa2041320ea59cb8528071add3d6cce0a.lto_priv.549
                0x0004e110                s9a578a54d87c559e7c7c81eb65b1cf66823b28d4cf5afc55b758f69f86d3f6dd.lto_priv.546
                0x0004e140                sb5f8241ccde5e5727c7793a8b2415fb2fc86ab3f54f1fc73e5f80d85b4851b2c.lto_priv.545
                0x0004e174                sb52963d201199c63729ad362a4547d47e7aad102f45fa19a8192a226ac966f65
                0x0004e19c                sdc6bd19fe7df46b9a3ffda523815469abda2c3b9d6d682ac558795d4589b25af
                0x0004e298                s5b9983fb101d3c77a90734e3dfd565a6356b8ae95fc381314403192df329c0f0
                0x0004e398                sc033980d6ceeb1a688db41d50f708e818f6b18a953aaa892badf365ad3042c6c
                0x0004e3d0                RAIL_ConfigPti.constprop.349
                0x0004e498                crypto_management_acquire_preemption.constprop.195
                0x0004e5dc                ll_advSetData.constprop.183
                0x0004e65e                mbedtls_cipher_cmac_starts.constprop.338
                0x0004e6a8                mbedtls_ecp_mul.constprop.55
                0x0004ead8                ecp_crypto_device_init.isra.0.lto_priv.471