Archive member included to satisfy reference by file (symbol)

C:\Users\Ayush\SimplicityStudio\v4_workspace\Blinky_SDK_2_9\platform\radio\rail_lib\autogen\librail_release\librail_efr32xg13_gcc_release.a(rail_pti.o)
                              ./pti.o (RAIL_ConfigPti)
C:\Users\Ayush\SimplicityStudio\v4_workspace\Blinky_SDK_2_9\platform\radio\rail_lib\autogen\librail_release\librail_efr32xg13_gcc_release.a(rail_rf_hal.o)
                              C:\Users\Ayush\SimplicityStudio\v4_workspace\Blinky_SDK_2_9\platform\radio\rail_lib\autogen\librail_release\librail_efr32xg13_gcc_release.a(rail_pti.o) (RFHAL_ConfigPti)
C:\Users\Ayush\SimplicityStudio\v4_workspace\Blinky_SDK_2_9\platform\radio\rail_lib\autogen\librail_release\librail_efr32xg13_gcc_release.a(rail_ieee802154_rf_hal.o)
                              C:\Users\Ayush\SimplicityStudio\v4_workspace\Blinky_SDK_2_9\platform\radio\rail_lib\autogen\librail_release\librail_efr32xg13_gcc_release.a(rail_rf_hal.o) (RFHAL_IEEE802154IsEnabled)
C:\Users\Ayush\SimplicityStudio\v4_workspace\Blinky_SDK_2_9\platform\radio\rail_lib\autogen\librail_release\librail_efr32xg13_gcc_release.a(ieee802154_efr32xg13_configurator_out.o)
                              C:\Users\Ayush\SimplicityStudio\v4_workspace\Blinky_SDK_2_9\platform\radio\rail_lib\autogen\librail_release\librail_efr32xg13_gcc_release.a(rail_ieee802154_rf_hal.o) (ieee802154_coherent_min)
C:\Users\Ayush\SimplicityStudio\v4_workspace\Blinky_SDK_2_9\platform\radio\rail_lib\autogen\librail_release\librail_efr32xg13_gcc_release.a(ieee802154_gb868_efr32xg13_configurator_out.o)
                              C:\Users\Ayush\SimplicityStudio\v4_workspace\Blinky_SDK_2_9\platform\radio\rail_lib\autogen\librail_release\librail_efr32xg13_gcc_release.a(rail_ieee802154_rf_hal.o) (ieee802154_gb868_config_915_min)
C:\Users\Ayush\SimplicityStudio\v4_workspace\Blinky_SDK_2_9\platform\radio\rail_lib\autogen\librail_release\librail_efr32xg13_gcc_release.a(rail_ble_rf_hal.o)
                              C:\Users\Ayush\SimplicityStudio\v4_workspace\Blinky_SDK_2_9\platform\radio\rail_lib\autogen\librail_release\librail_efr32xg13_gcc_release.a(rail_rf_hal.o) (RFHAL_IsBleLongRangeEnabled)
C:\Users\Ayush\SimplicityStudio\v4_workspace\Blinky_SDK_2_9\platform\radio\rail_lib\autogen\librail_release\librail_efr32xg13_gcc_release.a(ble_efr32xg13_configurator_out.o)
                              C:\Users\Ayush\SimplicityStudio\v4_workspace\Blinky_SDK_2_9\platform\radio\rail_lib\autogen\librail_release\librail_efr32xg13_gcc_release.a(rail_ble_rf_hal.o) (ble_viterbi2M_min)
C:\Users\Ayush\SimplicityStudio\v4_workspace\Blinky_SDK_2_9\platform\radio\rail_lib\autogen\librail_release\librail_efr32xg13_gcc_release.a(rail_singleprotocol.o)
                              C:\Users\Ayush\SimplicityStudio\v4_workspace\Blinky_SDK_2_9\platform\radio\rail_lib\autogen\librail_release\librail_efr32xg13_gcc_release.a(rail_rf_hal.o) (RAIL_ActiveHandle)
C:\Users\Ayush\SimplicityStudio\v4_workspace\Blinky_SDK_2_9\platform\radio\rail_lib\autogen\librail_release\librail_efr32xg13_gcc_release.a(rail_rf.o)
                              C:\Users\Ayush\SimplicityStudio\v4_workspace\Blinky_SDK_2_9\platform\radio\rail_lib\autogen\librail_release\librail_efr32xg13_gcc_release.a(rail_singleprotocol.o) (RAILCore_Init)
C:\Users\Ayush\SimplicityStudio\v4_workspace\Blinky_SDK_2_9\platform\radio\rail_lib\autogen\librail_release\librail_efr32xg13_gcc_release.a(rail_rx.o)
                              C:\Users\Ayush\SimplicityStudio\v4_workspace\Blinky_SDK_2_9\platform\radio\rail_lib\autogen\librail_release\librail_efr32xg13_gcc_release.a(rail_rf_hal.o) (RAILCore_StartRx)
C:\Users\Ayush\SimplicityStudio\v4_workspace\Blinky_SDK_2_9\platform\radio\rail_lib\autogen\librail_release\librail_efr32xg13_gcc_release.a(rail_tx.o)
                              C:\Users\Ayush\SimplicityStudio\v4_workspace\Blinky_SDK_2_9\platform\radio\rail_lib\autogen\librail_release\librail_efr32xg13_gcc_release.a(rail_singleprotocol.o) (RAILCore_StartTxStream)
C:\Users\Ayush\SimplicityStudio\v4_workspace\Blinky_SDK_2_9\platform\radio\rail_lib\autogen\librail_release\librail_efr32xg13_gcc_release.a(rail_calibration.o)
                              C:\Users\Ayush\SimplicityStudio\v4_workspace\Blinky_SDK_2_9\platform\radio\rail_lib\autogen\librail_release\librail_efr32xg13_gcc_release.a(rail_rf_hal.o) (RAILInt_PendCal)
C:\Users\Ayush\SimplicityStudio\v4_workspace\Blinky_SDK_2_9\platform\radio\rail_lib\autogen\librail_release\librail_efr32xg13_gcc_release.a(rail_data.o)
                              C:\Users\Ayush\SimplicityStudio\v4_workspace\Blinky_SDK_2_9\platform\radio\rail_lib\autogen\librail_release\librail_efr32xg13_gcc_release.a(rail_rf_hal.o) (RAILCb_SetupRxFifo)
C:\Users\Ayush\SimplicityStudio\v4_workspace\Blinky_SDK_2_9\platform\radio\rail_lib\autogen\librail_release\librail_efr32xg13_gcc_release.a(rail_assert.o)
[...]
Memory Configuration

Name             Origin             Length             Attributes
FLASH_BOOTLOADER 0x0fe10000         0x00004000         xr
FLASH            0x00000000         0x0007f000         xr
RAM              0x20000000         0x00010000         xrw
*default*        0x00000000         0xffffffff

Linker script and memory map

LOAD c:/siliconlabs/simplicitystudio/v4/developer/toolchains/gnu_arm/7.2_2017q4/bin/../lib/gcc/arm-none-eabi/7.2.1/thumb/v7e-m/fpv4-sp/softfp/crti.o
LOAD c:/siliconlabs/simplicitystudio/v4/developer/toolchains/gnu_arm/7.2_2017q4/bin/../lib/gcc/arm-none-eabi/7.2.1/thumb/v7e-m/fpv4-sp/softfp/crtbegin.o
LOAD c:/siliconlabs/simplicitystudio/v4/developer/toolchains/gnu_arm/7.2_2017q4/bin/../lib/gcc/arm-none-eabi/7.2.1/../../../../arm-none-eabi/lib/thumb/v7e-m/fpv4-sp/softfp/crt0.o
START GROUP
LOAD ./application_properties.o
LOAD ./gatt_db.o
LOAD ./init_app.o
LOAD ./init_board.o
LOAD ./init_mcu.o
LOAD ./letimer.o
LOAD ./main.o
LOAD ./pti.o
LOAD ./sleep.o
LOAD ./hardware/kit/common/bsp/bsp_stk.o
LOAD ./hardware/kit/common/drivers/i2cspm.o
LOAD ./hardware/kit/common/drivers/mx25flash_spi.o
LOAD ./hardware/kit/common/drivers/si7013.o
LOAD ./hardware/kit/common/drivers/tempsens.o
LOAD ./hardware/kit/common/drivers/udelay.o
LOAD ./platform/Device/SiliconLabs/EFR32BG13P/Source/GCC/startup_efr32bg13p.o
LOAD ./platform/Device/SiliconLabs/EFR32BG13P/Source/system_efr32bg13p.o
LOAD ./platform/emdrv/sleep/src/sleep.o
LOAD ./platform/emlib/src/em_acmp.o
LOAD ./platform/emlib/src/em_adc.o
LOAD ./platform/emlib/src/em_aes.o
LOAD ./platform/emlib/src/em_assert.o
LOAD ./platform/emlib/src/em_burtc.o
LOAD ./platform/emlib/src/em_can.o
LOAD ./platform/emlib/src/em_cmu.o
LOAD ./platform/emlib/src/em_core.o
LOAD ./platform/emlib/src/em_cryotimer.o
LOAD ./platform/emlib/src/em_crypto.o
LOAD ./platform/emlib/src/em_csen.o
LOAD ./platform/emlib/src/em_dac.o
LOAD ./platform/emlib/src/em_dbg.o
LOAD ./platform/emlib/src/em_dma.o
LOAD ./platform/emlib/src/em_ebi.o
LOAD ./platform/emlib/src/em_emu.o
LOAD ./platform/emlib/src/em_gpcrc.o
LOAD ./platform/emlib/src/em_gpio.o
LOAD ./platform/emlib/src/em_i2c.o
LOAD ./platform/emlib/src/em_idac.o
LOAD ./platform/emlib/src/em_int.o
LOAD ./platform/emlib/src/em_lcd.o
LOAD ./platform/emlib/src/em_ldma.o
LOAD ./platform/emlib/src/em_lesense.o
LOAD ./platform/emlib/src/em_letimer.o
LOAD ./platform/emlib/src/em_leuart.o
LOAD ./platform/emlib/src/em_mpu.o
LOAD ./platform/emlib/src/em_msc.o
LOAD ./platform/emlib/src/em_opamp.o
LOAD ./platform/emlib/src/em_pcnt.o
LOAD ./platform/emlib/src/em_prs.o
LOAD ./platform/emlib/src/em_qspi.o
LOAD ./platform/emlib/src/em_rmu.o
LOAD ./platform/emlib/src/em_rtc.o
LOAD ./platform/emlib/src/em_rtcc.o
LOAD ./platform/emlib/src/em_system.o
LOAD ./platform/emlib/src/em_timer.o
LOAD ./platform/emlib/src/em_usart.o
LOAD ./platform/emlib/src/em_vcmp.o
LOAD ./platform/emlib/src/em_vdac.o
LOAD ./platform/emlib/src/em_wdog.o
LOAD ./src/cmu.o
LOAD ./src/gpio.o
LOAD C:\Users\Ayush\SimplicityStudio\v4_workspace\Blinky_SDK_2_9\platform\radio\rail_lib\autogen\librail_release\librail_efr32xg13_gcc_release.a
LOAD C:\Users\Ayush\SimplicityStudio\v4_workspace\Blinky_SDK_2_9\protocol\bluetooth\lib\EFR32BG13P\GCC\binapploader.o
LOAD C:\Users\Ayush\SimplicityStudio\v4_workspace\Blinky_SDK_2_9\protocol\bluetooth\lib\EFR32BG13P\GCC\libbluetooth.a
LOAD C:\Users\Ayush\SimplicityStudio\v4_workspace\Blinky_SDK_2_9\protocol\bluetooth\lib\EFR32BG13P\GCC\libpsstore.a
LOAD C:\Users\Ayush\SimplicityStudio\v4_workspace\Blinky_SDK_2_9\protocol\bluetooth\lib\EFR32BG13P\GCC\libmbedtls.a
LOAD c:/siliconlabs/simplicitystudio/v4/developer/toolchains/gnu_arm/7.2_2017q4/bin/../lib/gcc/arm-none-eabi/7.2.1/../../../../arm-none-eabi/lib/thumb/v7e-m/fpv4-sp/softfp\libm.a
END GROUP
START GROUP
LOAD c:/siliconlabs/simplicitystudio/v4/developer/toolchains/gnu_arm/7.2_2017q4/bin/../lib/gcc/arm-none-eabi/7.2.1/thumb/v7e-m/fpv4-sp/softfp\libgcc.a
LOAD c:/siliconlabs/simplicitystudio/v4/developer/toolchains/gnu_arm/7.2_2017q4/bin/../lib/gcc/arm-none-eabi/7.2.1/../../../../arm-none-eabi/lib/thumb/v7e-m/fpv4-sp/softfp\libc_nano.a
LOAD c:/siliconlabs/simplicitystudio/v4/developer/toolchains/gnu_arm/7.2_2017q4/bin/../lib/gcc/arm-none-eabi/7.2.1/../../../../arm-none-eabi/lib/thumb/v7e-m/fpv4-sp/softfp\libnosys.a
END GROUP
START GROUP
LOAD c:/siliconlabs/simplicitystudio/v4/developer/toolchains/gnu_arm/7.2_2017q4/bin/../lib/gcc/arm-none-eabi/7.2.1/thumb/v7e-m/fpv4-sp/softfp\libgcc.a
LOAD c:/siliconlabs/simplicitystudio/v4/developer/toolchains/gnu_arm/7.2_2017q4/bin/../lib/gcc/arm-none-eabi/7.2.1/../../../../arm-none-eabi/lib/thumb/v7e-m/fpv4-sp/softfp\libg_nano.a
LOAD c:/siliconlabs/simplicitystudio/v4/developer/toolchains/gnu_arm/7.2_2017q4/bin/../lib/gcc/arm-none-eabi/7.2.1/../../../../arm-none-eabi/lib/thumb/v7e-m/fpv4-sp/softfp\libc_nano.a
END GROUP
START GROUP
LOAD c:/siliconlabs/simplicitystudio/v4/developer/toolchains/gnu_arm/7.2_2017q4/bin/../lib/gcc/arm-none-eabi/7.2.1/thumb/v7e-m/fpv4-sp/softfp\libgcc.a
LOAD c:/siliconlabs/simplicitystudio/v4/developer/toolchains/gnu_arm/7.2_2017q4/bin/../lib/gcc/arm-none-eabi/7.2.1/../../../../arm-none-eabi/lib/thumb/v7e-m/fpv4-sp/softfp\libc_nano.a
END GROUP
LOAD c:/siliconlabs/simplicitystudio/v4/developer/toolchains/gnu_arm/7.2_2017q4/bin/../lib/gcc/arm-none-eabi/7.2.1/thumb/v7e-m/fpv4-sp/softfp/crtend.o
LOAD c:/siliconlabs/simplicitystudio/v4/developer/toolchains/gnu_arm/7.2_2017q4/bin/../lib/gcc/arm-none-eabi/7.2.1/thumb/v7e-m/fpv4-sp/softfp/crtn.o

.text_bootloader
                0x0fe10000        0x0
 *(.binbootloader*)
                0x0fe10000                . = ALIGN (0x4000)

.text_apploader
                0x00000000     0x8fc0
 *(.binapploader*)
 .binapploader  0x00000000     0x8fc0 C:\Users\Ayush\SimplicityStudio\v4_workspace\Blinky_SDK_2_9\protocol\bluetooth\lib\EFR32BG13P\GCC\binapploader.o

.text_signature
                0x00008fc0       0x40
                0x00009000                . = ALIGN (0x800)
 *fill*         0x00008fc0       0x40 
                0x00009000                __text_start__ = .

.text_application
                0x00009000    0x215f8
 *(.vectors)
 .vectors       0x00009000       0xfc ./platform/Device/SiliconLabs/EFR32BG13P/Source/GCC/startup_efr32bg13p.o
                0x00009000                __Vectors
                0x000090fc                __Vectors_End = .
                0x000000fc                __Vectors_Size = (__Vectors_End - __Vectors)
                0x000090fc                __end__ = .
 *(.application_properties)
 .application_properties
                0x000090fc       0x38 ./application_properties.o
                0x000090fc                applicationProperties
 *(.gecko_configuration)
 *(.xo_configuration)
 *(.gatt_header)
 .gatt_header   0x00009134       0x34 ./gatt_db.o
                0x00009134                bg_gattdb_data
 *(.gatt_data)
 .gatt_data     0x00009168      0x1c6 ./gatt_db.o
                0x00009168                bg_gattdb_data_adv_uuid128_map
                0x0000916c                bg_gattdb_data_adv_uuid16_map
                0x00009170                bg_gattdb_data_attributes_dynamic_mapping_map
                0x00009178                bg_gattdb_data_attributes_map
                0x0000925c                bg_gattdb_data_attribute_field_0
                0x00009260                bg_gattdb_data_attribute_field_1
                0x00009268                bg_gattdb_data_attribute_field_2
                0x00009270                bg_gattdb_data_attribute_field_4
                0x00009274                bg_gattdb_data_attribute_field_5
                0x0000927c                bg_gattdb_data_attribute_field_6
                0x00009284                bg_gattdb_data_attribute_field_7
                0x0000928c                bg_gattdb_data_attribute_field_8
                0x00009290                bg_gattdb_data_attribute_field_9
                0x00009294                bg_gattdb_data_attribute_field_10
                0x0000929c                bg_gattdb_data_attribute_field_11
                0x000092ac                bg_gattdb_data_attribute_field_12
                0x000092b0                bg_gattdb_data_attribute_field_13
                0x000092b8                bg_gattdb_data_attribute_field_14
                0x000092c0                bg_gattdb_data_attribute_field_16
                0x000092d4                bg_gattdb_data_attribute_field_17
                0x000092ec                bg_gattdb_data_attribute_field_18
                0x000092f4                bg_gattdb_data_uuidtable_128_map
                0x00009314                bg_gattdb_data_uuidtable_16_map
 *(.text*)
 *fill*         0x0000932e        0x2 
 .text          0x00009330       0x40 c:/siliconlabs/simplicitystudio/v4/developer/toolchains/gnu_arm/7.2_2017q4/bin/../lib/gcc/arm-none-eabi/7.2.1/thumb/v7e-m/fpv4-sp/softfp/crtbegin.o
 .text          0x00009370       0x74 c:/siliconlabs/simplicitystudio/v4/developer/toolchains/gnu_arm/7.2_2017q4/bin/../lib/gcc/arm-none-eabi/7.2.1/../../../../arm-none-eabi/lib/thumb/v7e-m/fpv4-sp/softfp/crt0.o
                0x00009370                _start
                0x00009370                _mainCRTStartup
 .text.initBoard
                0x000093e4       0x48 ./init_board.o
                0x000093e4                initBoard
 .text.initMcu  0x0000942c      0x104 ./init_mcu.o
                0x0000942c                initMcu
 .text.LETimer0Setup
                0x00009530      0x144 ./letimer.o
                0x00009530                LETimer0Setup
 .text.LETIMER0_IRQHandler
                0x00009674       0x48 ./letimer.o
                0x00009674                LETIMER0_IRQHandler
 .text.main     0x000096bc       0x5c ./main.o
                0x000096bc                main
 .text.blockSleepmode
                0x00009718       0x20 ./sleep.o
                0x00009718                blockSleepmode
 .text.sleep    0x00009738       0x4c ./sleep.o
                0x00009738                sleep
 .text.Wait_Flash_WarmUp
                0x00009784       0x1e ./hardware/kit/common/drivers/mx25flash_spi.o
                0x00009784                Wait_Flash_WarmUp
 *fill*         0x000097a2        0x2 
 .text.MX25_init
                0x000097a4       0x90 ./hardware/kit/common/drivers/mx25flash_spi.o
                0x000097a4                MX25_init
 .text.InsertDummyCycle
                0x00009834       0x20 ./hardware/kit/common/drivers/mx25flash_spi.o
                0x00009834                InsertDummyCycle
 .text.SendByte
                0x00009854       0x14 ./hardware/kit/common/drivers/mx25flash_spi.o
                0x00009854                SendByte
 .text.MX25_DP  0x00009868       0x38 ./hardware/kit/common/drivers/mx25flash_spi.o
                0x00009868                MX25_DP
 .text.Default_Handler
                0x000098a0        0x2 ./platform/Device/SiliconLabs/EFR32BG13P/Source/GCC/startup_efr32bg13p.o
                0x000098a0                DebugMon_Handler
                0x000098a0                USART0_TX_IRQHandler
                0x000098a0                I2C0_IRQHandler
                0x000098a0                HardFault_Handler
                0x000098a0                SysTick_Handler
                0x000098a0                USART1_RX_IRQHandler
                0x000098a0                PendSV_Handler
                0x000098a0                NMI_Handler
                0x000098a0                I2C1_IRQHandler
                0x000098a0                WTIMER0_IRQHandler
                0x000098a0                CRYPTO0_IRQHandler
                0x000098a0                WDOG0_IRQHandler
                0x000098a0                USART1_TX_IRQHandler
                0x000098a0                SMU_IRQHandler
                0x000098a0                MSC_IRQHandler
                0x000098a0                ADC0_IRQHandler
                0x000098a0                UsageFault_Handler
                0x000098a0                WDOG1_IRQHandler
                0x000098a0                LEUART0_IRQHandler
                0x000098a0                FPUEH_IRQHandler
                0x000098a0                GPIO_EVEN_IRQHandler
                0x000098a0                VDAC0_IRQHandler
                0x000098a0                LDMA_IRQHandler
                0x000098a0                CSEN_IRQHandler
                0x000098a0                CRYPTO1_IRQHandler
                0x000098a0                TIMER0_IRQHandler
                0x000098a0                TIMER1_IRQHandler
                0x000098a0                TRNG0_IRQHandler
                0x000098a0                USART2_RX_IRQHandler
                0x000098a0                Default_Handler
                0x000098a0                EMU_IRQHandler
                0x000098a0                CRYOTIMER_IRQHandler
                0x000098a0                PCNT0_IRQHandler
                0x000098a0                ACMP0_IRQHandler
                0x000098a0                USART0_RX_IRQHandler
                0x000098a0                MemManage_Handler
                0x000098a0                SVC_Handler
                0x000098a0                RTCC_IRQHandler
                0x000098a0                CMU_IRQHandler
                0x000098a0                GPIO_ODD_IRQHandler
                0x000098a0                LESENSE_IRQHandler
                0x000098a0                BusFault_Handler
                0x000098a0                USART2_TX_IRQHandler
                0x000098a0                IDAC0_IRQHandler
 *fill*         0x000098a2        0x2 
 .text.Reset_Handler
                0x000098a4       0x2c ./platform/Device/SiliconLabs/EFR32BG13P/Source/GCC/startup_efr32bg13p.o
                0x000098a4                Reset_Handler
 .text.SystemMaxCoreClockGet
                0x000098d0        0x8 ./platform/Device/SiliconLabs/EFR32BG13P/Source/system_efr32bg13p.o
                0x000098d0                SystemMaxCoreClockGet
 .text.SystemHFClockGet
                0x000098d8       0x50 ./platform/Device/SiliconLabs/EFR32BG13P/Source/system_efr32bg13p.o
                0x000098d8                SystemHFClockGet
 .text.SystemCoreClockGet
                0x00009928       0x24 ./platform/Device/SiliconLabs/EFR32BG13P/Source/system_efr32bg13p.o
                0x00009928                SystemCoreClockGet
 .text.SystemHFXOClockGet
                0x0000994c        0xc ./platform/Device/SiliconLabs/EFR32BG13P/Source/system_efr32bg13p.o
                0x0000994c                SystemHFXOClockGet
 .text.SystemHFXOClockSet
                0x00009958       0x24 ./platform/Device/SiliconLabs/EFR32BG13P/Source/system_efr32bg13p.o
                0x00009958                SystemHFXOClockSet
 .text.SystemInit
                0x0000997c       0x14 ./platform/Device/SiliconLabs/EFR32BG13P/Source/system_efr32bg13p.o
                0x0000997c                SystemInit
 .text.SystemLFRCOClockGet
                0x00009990        0x6 ./platform/Device/SiliconLabs/EFR32BG13P/Source/system_efr32bg13p.o
                0x00009990                SystemLFRCOClockGet
 .text.SystemULFRCOClockGet
                0x00009996        0x6 ./platform/Device/SiliconLabs/EFR32BG13P/Source/system_efr32bg13p.o
                0x00009996                SystemULFRCOClockGet
 .text.SystemLFXOClockGet
                0x0000999c        0xc ./platform/Device/SiliconLabs/EFR32BG13P/Source/system_efr32bg13p.o
                0x0000999c                SystemLFXOClockGet
 .text.SystemLFXOClockSet
                0x000099a8       0x24 ./platform/Device/SiliconLabs/EFR32BG13P/Source/system_efr32bg13p.o
                0x000099a8                SystemLFXOClockSet
 .text.sleepCallbackWrapper
                0x000099cc       0x14 ./platform/emdrv/sleep/src/sleep.o
 .text.SLEEP_Init
                0x000099e0       0x44 ./platform/emdrv/sleep/src/sleep.o
                0x000099e0                SLEEP_Init
 .text.SLEEP_SleepBlockBegin
                0x00009a24       0x28 ./platform/emdrv/sleep/src/sleep.o
                0x00009a24                SLEEP_SleepBlockBegin
 .text.setHfLeConfig
                0x00009a4c       0x44 ./platform/emlib/src/em_cmu.o
 .text.flashWaitStateControl
                0x00009a90       0x54 ./platform/emlib/src/em_cmu.o
 .text.flashWaitStateMax
                0x00009ae4       0x24 ./platform/emlib/src/em_cmu.o
 .text.CMU_UpdateWaitStates
                0x00009b08       0x20 ./platform/emlib/src/em_cmu.o
                0x00009b08                CMU_UpdateWaitStates
 .text.CMU_ClockEnable
                0x00009b28       0x8c ./platform/emlib/src/em_cmu.o
                0x00009b28                CMU_ClockEnable
 .text.CMU_ClockSelectGet
                0x00009bb4       0xf4 ./platform/emlib/src/em_cmu.o
                0x00009bb4                CMU_ClockSelectGet
 .text.lfClkGet
                0x00009ca8       0x8c ./platform/emlib/src/em_cmu.o
 .text.CMU_ClockFreqGet
                0x00009d34      0x1c4 ./platform/emlib/src/em_cmu.o
                0x00009d34                CMU_ClockFreqGet
 .text.CMU_ClockPrescSet
                0x00009ef8      0x268 ./platform/emlib/src/em_cmu.o
                0x00009ef8                CMU_ClockPrescSet
 .text.CMU_ClockDivSet
                0x0000a160        0xa ./platform/emlib/src/em_cmu.o
                0x0000a160                CMU_ClockDivSet
 *fill*         0x0000a16a        0x2 
 .text.CMU_HFXOAutostartEnable
                0x0000a16c       0x64 ./platform/emlib/src/em_cmu.o
                0x0000a16c                CMU_HFXOAutostartEnable
 .text.CMU_OscillatorTuningSet
                0x0000a1d0       0xac ./platform/emlib/src/em_cmu.o
                0x0000a1d0                CMU_OscillatorTuningSet
 .text.CMU_OscillatorTuningWait
                0x0000a27c       0x50 ./platform/emlib/src/em_cmu.o
                0x0000a27c                CMU_OscillatorTuningWait
 .text.CMU_OscillatorTuningOptimize
                0x0000a2cc       0x2c ./platform/emlib/src/em_cmu.o
                0x0000a2cc                CMU_OscillatorTuningOptimize
 .text.CMU_OscillatorEnable
                0x0000a2f8      0x11c ./platform/emlib/src/em_cmu.o
                0x0000a2f8                CMU_OscillatorEnable
 .text.CMU_ClockSelectSet
                0x0000a414      0x1c4 ./platform/emlib/src/em_cmu.o
                0x0000a414                CMU_ClockSelectSet
 .text.CMU_HFXOInit
                0x0000a5d8       0x7c ./platform/emlib/src/em_cmu.o
                0x0000a5d8                CMU_HFXOInit
 .text.CMU_LFXOInit
                0x0000a654       0x40 ./platform/emlib/src/em_cmu.o
                0x0000a654                CMU_LFXOInit
 .text.CORE_EnterCritical
                0x0000a694        0x8 ./platform/emlib/src/em_core.o
                0x0000a694                CORE_EnterCritical
 .text.CORE_ExitCritical
                0x0000a69c        0x6 ./platform/emlib/src/em_core.o
                0x0000a69c                CORE_ExitCritical
 .text.CORE_AtomicDisableIrq
                0x0000a6a2        0x4 ./platform/emlib/src/em_core.o
                0x0000a6a2                CORE_AtomicDisableIrq
 .text.CORE_AtomicEnableIrq
                0x0000a6a6        0x4 ./platform/emlib/src/em_core.o
                0x0000a6a6                CORE_AtomicEnableIrq
 .text.CORE_EnterAtomic
                0x0000a6aa        0x8 ./platform/emlib/src/em_core.o
                0x0000a6aa                CORE_EnterAtomic
 .text.CORE_ExitAtomic
                0x0000a6b2        0x6 ./platform/emlib/src/em_core.o
                0x0000a6b2                CORE_ExitAtomic
 .text.CORE_SetNvicRamTableHandler
                0x0000a6b8       0x10 ./platform/emlib/src/em_core.o
                0x0000a6b8                CORE_SetNvicRamTableHandler
 .text.CORE_InitNvicVectorTable
                0x0000a6c8       0x58 ./platform/emlib/src/em_core.o
                0x0000a6c8                CORE_InitNvicVectorTable
 .text.CRYPTO_ModulusSet
                0x0000a720       0x2e ./platform/emlib/src/em_crypto.o
                0x0000a720                CRYPTO_ModulusSet
 .text.CRYPTO_KeyRead
                0x0000a74e       0x2c ./platform/emlib/src/em_crypto.o
                0x0000a74e                CRYPTO_KeyRead
 *fill*         0x0000a77a        0x2 
 .text.vScaleDownEM23Setup
                0x0000a77c       0x34 ./platform/emlib/src/em_emu.o
 .text.vScaleAfterWakeup
                0x0000a7b0       0x30 ./platform/emlib/src/em_emu.o
 .text.lpGetDevinfoVrefLowHigh
                0x0000a7e0       0xbc ./platform/emlib/src/em_emu.o
 .text.emState  0x0000a89c       0xfc ./platform/emlib/src/em_emu.o
 .text.EMU_EnterEM2
                0x0000a998       0x38 ./platform/emlib/src/em_emu.o
                0x0000a998                EMU_EnterEM2
 .text.EMU_EnterEM3
                0x0000a9d0       0x5c ./platform/emlib/src/em_emu.o
                0x0000a9d0                EMU_EnterEM3
 .text.EMU_VScaleEM01
                0x0000aa2c       0x70 ./platform/emlib/src/em_emu.o
                0x0000aa2c                EMU_VScaleEM01
 .text.EMU_VScaleEM01ByClock
                0x0000aa9c       0x48 ./platform/emlib/src/em_emu.o
                0x0000aa9c                EMU_VScaleEM01ByClock
 .text.EMU_EM01Init
                0x0000aae4       0x18 ./platform/emlib/src/em_emu.o
                0x0000aae4                EMU_EM01Init
 .text.EMU_EM23Init
                0x0000aafc       0x18 ./platform/emlib/src/em_emu.o
                0x0000aafc                EMU_EM23Init
 .text.EMU_DCDCModeSet
                0x0000ab14       0x9c ./platform/emlib/src/em_emu.o
                0x0000ab14                EMU_DCDCModeSet
 .text.EMU_DCDCOutputVoltageSet
                0x0000abb0      0x1e0 ./platform/emlib/src/em_emu.o
                0x0000abb0                EMU_DCDCOutputVoltageSet
 .text.EMU_DCDCOptimizeSlice
                0x0000ad90      0x10c ./platform/emlib/src/em_emu.o
                0x0000ad90                EMU_DCDCOptimizeSlice
 .text.EMU_DCDCLnRcoBandSet
                0x0000ae9c       0x28 ./platform/emlib/src/em_emu.o
                0x0000ae9c                EMU_DCDCLnRcoBandSet
 .text.EMU_DCDCInit
                0x0000aec4       0xf0 ./platform/emlib/src/em_emu.o
                0x0000aec4                EMU_DCDCInit
 .text.GPIO_DriveStrengthSet
                0x0000afb4       0x20 ./platform/emlib/src/em_gpio.o
                0x0000afb4                GPIO_DriveStrengthSet
 .text.GPIO_PinModeSet
                0x0000afd4       0xb4 ./platform/emlib/src/em_gpio.o
                0x0000afd4                GPIO_PinModeSet
 .text.LETIMER_CompareSet
                0x0000b088       0x12 ./platform/emlib/src/em_letimer.o
                0x0000b088                LETIMER_CompareSet
 .text.LETIMER_Enable
                0x0000b09a        0xe ./platform/emlib/src/em_letimer.o
                0x0000b09a                LETIMER_Enable
 .text.LETIMER_Init
                0x0000b0a8       0x66 ./platform/emlib/src/em_letimer.o
                0x0000b0a8                LETIMER_Init
 *fill*         0x0000b10e        0x2 
 .text.MSC_Init
                0x0000b110       0x20 ./platform/emlib/src/em_msc.o
                0x0000b110                MSC_Init
 .text.MSC_Deinit
                0x0000b130       0x14 ./platform/emlib/src/em_msc.o
                0x0000b130                MSC_Deinit
 .text.RMU_ResetCauseClear
                0x0000b144        0xc ./platform/emlib/src/em_rmu.o
                0x0000b144                RMU_ResetCauseClear
 .text.RMU_ResetCauseGet
                0x0000b150       0x68 ./platform/emlib/src/em_rmu.o
                0x0000b150                RMU_ResetCauseGet
 .text.RTCC_Init
                0x0000b1b8       0x64 ./platform/emlib/src/em_rtcc.o
                0x0000b1b8                RTCC_Init
 .text.SYSTEM_ChipRevisionGet
                0x0000b21c       0x34 ./platform/emlib/src/em_system.o
                0x0000b21c                SYSTEM_ChipRevisionGet
 .text.USART_BaudrateSyncSet
                0x0000b250       0x24 ./platform/emlib/src/em_usart.o
                0x0000b250                USART_BaudrateSyncSet
 .text.USART_Reset
                0x0000b274       0x5c ./platform/emlib/src/em_usart.o
                0x0000b274                USART_Reset
 .text.USART_InitSync
                0x0000b2d0       0x82 ./platform/emlib/src/em_usart.o
                0x0000b2d0                USART_InitSync
 .text.USART_SpiTransfer
                0x0000b352       0x18 ./platform/emlib/src/em_usart.o
                0x0000b352                USART_SpiTransfer
 *fill*         0x0000b36a        0x2 
 .text.cmu_init
                0x0000b36c       0x7c ./src/cmu.o
                0x0000b36c                cmu_init
 .text.gpio_init
                0x0000b3e8       0x1a ./src/gpio.o
                0x0000b3e8                gpio_init
 .text.eventDefault
                0x0000b402        0x2 C:\Users\Ayush\SimplicityStudio\v4_workspace\Blinky_SDK_2_9\platform\radio\rail_lib\autogen\librail_release\librail_efr32xg13_gcc_release.a(rail_rf_hal.o)
 .text.RFHAL_NotifyUserOfIrCal
                0x0000b404       0x78 C:\Users\Ayush\SimplicityStudio\v4_workspace\Blinky_SDK_2_9\platform\radio\rail_lib\autogen\librail_release\librail_efr32xg13_gcc_release.a(rail_rf_hal.o)
 *fill*         0x0000b47c        0x4 
 .text.GENERIC_PHY_EventCallback
                0x0000b480      0x194 C:\Users\Ayush\SimplicityStudio\v4_workspace\Blinky_SDK_2_9\platform\radio\rail_lib\autogen\librail_release\librail_efr32xg13_gcc_release.a(rail_rf_hal.o)
                0x0000b480                GENERIC_PHY_EventCallback
 .text.RFHAL_IntEnable
                0x0000b614       0x58 C:\Users\Ayush\SimplicityStudio\v4_workspace\Blinky_SDK_2_9\platform\radio\rail_lib\autogen\librail_release\librail_efr32xg13_gcc_release.a(rail_rf_hal.o)
                0x0000b614                RFHAL_IntEnable
 .text.RFHAL_SetEventCallback
                0x0000b66c       0x18 C:\Users\Ayush\SimplicityStudio\v4_workspace\Blinky_SDK_2_9\platform\radio\rail_lib\autogen\librail_release\librail_efr32xg13_gcc_release.a(rail_rf_hal.o)
                0x0000b66c                RFHAL_SetEventCallback
 .text.RFHAL_SetPtiProtocol
                0x0000b684       0x20 C:\Users\Ayush\SimplicityStudio\v4_workspace\Blinky_SDK_2_9\platform\radio\rail_lib\autogen\librail_release\librail_efr32xg13_gcc_release.a(rail_rf_hal.o)
                0x0000b684                RFHAL_SetPtiProtocol
 .text.RFHAL_Idle
                0x0000b6a4       0x2a C:\Users\Ayush\SimplicityStudio\v4_workspace\Blinky_SDK_2_9\platform\radio\rail_lib\autogen\librail_release\librail_efr32xg13_gcc_release.a(rail_rf_hal.o)
                0x0000b6a4                RFHAL_Idle
 *fill*         0x0000b6ce        0x2 
 .text.RFHAL_GetRadioState
                0x0000b6d0       0x48 C:\Users\Ayush\SimplicityStudio\v4_workspace\Blinky_SDK_2_9\platform\radio\rail_lib\autogen\librail_release\librail_efr32xg13_gcc_release.a(rail_rf_hal.o)
                0x0000b6d0                RFHAL_GetRadioState
 .text.RFHAL_OkToTransmit
                0x0000b718       0x18 C:\Users\Ayush\SimplicityStudio\v4_workspace\Blinky_SDK_2_9\platform\radio\rail_lib\autogen\librail_release\librail_efr32xg13_gcc_release.a(rail_rf_hal.o)
                0x0000b718                RFHAL_OkToTransmit
 .text.RFHAL_ScheduleRx
                0x0000b730       0x5a C:\Users\Ayush\SimplicityStudio\v4_workspace\Blinky_SDK_2_9\platform\radio\rail_lib\autogen\librail_release\librail_efr32xg13_gcc_release.a(rail_rf_hal.o)
                0x0000b730                RFHAL_ScheduleRx
 *fill*         0x0000b78a        0x2 
 .text.RFHAL_EnableRxRawCapture
                0x0000b78c       0x58 C:\Users\Ayush\SimplicityStudio\v4_workspace\Blinky_SDK_2_9\platform\radio\rail_lib\autogen\librail_release\librail_efr32xg13_gcc_release.a(rail_rf_hal.o)
                0x0000b78c                RFHAL_EnableRxRawCapture
 .text.RFHAL_DisableRxRawCapture
                0x0000b7e4       0x50 C:\Users\Ayush\SimplicityStudio\v4_workspace\Blinky_SDK_2_9\platform\radio\rail_lib\autogen\librail_release\librail_efr32xg13_gcc_release.a(rail_rf_hal.o)
                0x0000b7e4                RFHAL_DisableRxRawCapture
 .text.RFHAL_AcceptCrcErrors
                0x0000b834       0x18 C:\Users\Ayush\SimplicityStudio\v4_workspace\Blinky_SDK_2_9\platform\radio\rail_lib\autogen\librail_release\librail_efr32xg13_gcc_release.a(rail_rf_hal.o)
                0x0000b834                RFHAL_AcceptCrcErrors
 .text.RFHAL_ConfigRxOptions
                0x0000b84c      0x124 C:\Users\Ayush\SimplicityStudio\v4_workspace\Blinky_SDK_2_9\platform\radio\rail_lib\autogen\librail_release\librail_efr32xg13_gcc_release.a(rail_rf_hal.o)
                0x0000b84c                RFHAL_ConfigRxOptions
 .text.RFHAL_GetTimer
                0x0000b970        0xc C:\Users\Ayush\SimplicityStudio\v4_workspace\Blinky_SDK_2_9\platform\radio\rail_lib\autogen\librail_release\librail_efr32xg13_gcc_release.a(rail_rf_hal.o)
                0x0000b970                RFHAL_GetTimer
 .text.RFHAL_CancelTimer
                0x0000b97c       0x28 C:\Users\Ayush\SimplicityStudio\v4_workspace\Blinky_SDK_2_9\platform\radio\rail_lib\autogen\librail_release\librail_efr32xg13_gcc_release.a(rail_rf_hal.o)
                0x0000b97c                RFHAL_CancelTimer
 .text.RFHAL_SetTimer
                0x0000b9a4       0x7c C:\Users\Ayush\SimplicityStudio\v4_workspace\Blinky_SDK_2_9\platform\radio\rail_lib\autogen\librail_release\librail_efr32xg13_gcc_release.a(rail_rf_hal.o)
                0x0000b9a4                RFHAL_SetTimer
 .text.RFHAL_IsTimerExpired
                0x0000ba20       0x1c C:\Users\Ayush\SimplicityStudio\v4_workspace\Blinky_SDK_2_9\platform\radio\rail_lib\autogen\librail_release\librail_efr32xg13_gcc_release.a(rail_rf_hal.o)
                0x0000ba20                RFHAL_IsTimerExpired
 .text.RFHAL_IsTimerRunning
                0x0000ba3c        0x6 C:\Users\Ayush\SimplicityStudio\v4_workspace\Blinky_SDK_2_9\platform\radio\rail_lib\autogen\librail_release\librail_efr32xg13_gcc_release.a(rail_rf_hal.o)
                0x0000ba3c                RFHAL_IsTimerRunning
 *fill*         0x0000ba42        0x2 
 .text.RFHAL_CalcBitRate
                0x0000ba44        0xc C:\Users\Ayush\SimplicityStudio\v4_workspace\Blinky_SDK_2_9\platform\radio\rail_lib\autogen\librail_release\librail_efr32xg13_gcc_release.a(rail_rf_hal.o)
                0x0000ba44                RFHAL_CalcBitRate
 .text.RFHAL_GetBitRate
                0x0000ba50       0x22 C:\Users\Ayush\SimplicityStudio\v4_workspace\Blinky_SDK_2_9\platform\radio\rail_lib\autogen\librail_release\librail_efr32xg13_gcc_release.a(rail_rf_hal.o)
                0x0000ba50                RFHAL_GetBitRate
 *fill*         0x0000ba72        0x2 
 .text.RFHAL_SetTxTransitions
                0x0000ba74       0x1c C:\Users\Ayush\SimplicityStudio\v4_workspace\Blinky_SDK_2_9\platform\radio\rail_lib\autogen\librail_release\librail_efr32xg13_gcc_release.a(rail_rf_hal.o)
                0x0000ba74                RFHAL_SetTxTransitions
 .text.RFHAL_SetRxTransitions
                0x0000ba90       0x1c C:\Users\Ayush\SimplicityStudio\v4_workspace\Blinky_SDK_2_9\platform\radio\rail_lib\autogen\librail_release\librail_efr32xg13_gcc_release.a(rail_rf_hal.o)
                0x0000ba90                RFHAL_SetRxTransitions
 .text.RFHAL_SetCRCInitVal
                0x0000baac        0x4 C:\Users\Ayush\SimplicityStudio\v4_workspace\Blinky_SDK_2_9\platform\radio\rail_lib\autogen\librail_release\librail_efr32xg13_gcc_release.a(rail_rf_hal.o)
                0x0000baac                RFHAL_SetCRCInitVal
 .text.RFHAL_ConfigTxPower
                0x0000bab0        0xc C:\Users\Ayush\SimplicityStudio\v4_workspace\Blinky_SDK_2_9\platform\radio\rail_lib\autogen\librail_release\librail_efr32xg13_gcc_release.a(rail_rf_hal.o)
                0x0000bab0                RFHAL_ConfigTxPower
 .text.RFHAL_SetTxPowerUnchecked
                0x0000babc       0x18 C:\Users\Ayush\SimplicityStudio\v4_workspace\Blinky_SDK_2_9\platform\radio\rail_lib\autogen\librail_release\librail_efr32xg13_gcc_release.a(rail_rf_hal.o)
                0x0000babc                RFHAL_SetTxPowerUnchecked
 .text.RFHAL_SetTxPower
                0x0000bad4       0x40 C:\Users\Ayush\SimplicityStudio\v4_workspace\Blinky_SDK_2_9\platform\radio\rail_lib\autogen\librail_release\librail_efr32xg13_gcc_release.a(rail_rf_hal.o)
                0x0000bad4                RFHAL_SetTxPower
 .text.RFHAL_GetTxPowerConfig
                0x0000bb14        0xc C:\Users\Ayush\SimplicityStudio\v4_workspace\Blinky_SDK_2_9\platform\radio\rail_lib\autogen\librail_release\librail_efr32xg13_gcc_release.a(rail_rf_hal.o)
                0x0000bb14                RFHAL_GetTxPowerConfig
 .text.RFHAL_GetTxPower
                0x0000bb20        0x4 C:\Users\Ayush\SimplicityStudio\v4_workspace\Blinky_SDK_2_9\platform\radio\rail_lib\autogen\librail_release\librail_efr32xg13_gcc_release.a(rail_rf_hal.o)
                0x0000bb20                RFHAL_GetTxPower
 .text.RFHAL_SetChannel
                0x0000bb24       0xc4 C:\Users\Ayush\SimplicityStudio\v4_workspace\Blinky_SDK_2_9\platform\radio\rail_lib\autogen\librail_release\librail_efr32xg13_gcc_release.a(rail_rf_hal.o)
                0x0000bb24                RFHAL_SetChannel
 .text.RFHAL_IsAutoAckEnabled
                0x0000bbe8        0x6 C:\Users\Ayush\SimplicityStudio\v4_workspace\Blinky_SDK_2_9\platform\radio\rail_lib\autogen\librail_release\librail_efr32xg13_gcc_release.a(rail_rf_hal.o)
                0x0000bbe8                RFHAL_IsAutoAckEnabled
 *fill*         0x0000bbee        0x2 
 .text.RFHAL_AutoAckWaitForAck
                0x0000bbf0       0x18 C:\Users\Ayush\SimplicityStudio\v4_workspace\Blinky_SDK_2_9\platform\radio\rail_lib\autogen\librail_release\librail_efr32xg13_gcc_release.a(rail_rf_hal.o)
                0x0000bbf0                RFHAL_AutoAckWaitForAck
 .text.preTxOps
                0x0000bc08       0xf4 C:\Users\Ayush\SimplicityStudio\v4_workspace\Blinky_SDK_2_9\platform\radio\rail_lib\autogen\librail_release\librail_efr32xg13_gcc_release.a(rail_rf_hal.o)
 .text.RFHAL_StartTx
                0x0000bcfc       0x12 C:\Users\Ayush\SimplicityStudio\v4_workspace\Blinky_SDK_2_9\platform\radio\rail_lib\autogen\librail_release\librail_efr32xg13_gcc_release.a(rail_rf_hal.o)
                0x0000bcfc                RFHAL_StartTx
 .text.RFHAL_StartScheduledTx
                0x0000bd0e       0x3c C:\Users\Ayush\SimplicityStudio\v4_workspace\Blinky_SDK_2_9\platform\radio\rail_lib\autogen\librail_release\librail_efr32xg13_gcc_release.a(rail_rf_hal.o)
                0x0000bd0e                RFHAL_StartScheduledTx
 *fill*         0x0000bd4a        0x2 
 .text.RFHAL_GetRxPacketInfo
                0x0000bd4c       0x48 C:\Users\Ayush\SimplicityStudio\v4_workspace\Blinky_SDK_2_9\platform\radio\rail_lib\autogen\librail_release\librail_efr32xg13_gcc_release.a(rail_rf_hal.o)
                0x0000bd4c                RFHAL_GetRxPacketInfo
 .text.RFHAL_GetRxPacketDetailsAlt
                0x0000bd94       0x98 C:\Users\Ayush\SimplicityStudio\v4_workspace\Blinky_SDK_2_9\platform\radio\rail_lib\autogen\librail_release\librail_efr32xg13_gcc_release.a(rail_rf_hal.o)
                0x0000bd94                RFHAL_GetRxPacketDetailsAlt
 .text.RFHAL_GetRxPacketDetails
                0x0000be2c       0x22 C:\Users\Ayush\SimplicityStudio\v4_workspace\Blinky_SDK_2_9\platform\radio\rail_lib\autogen\librail_release\librail_efr32xg13_gcc_release.a(rail_rf_hal.o)
                0x0000be2c                RFHAL_GetRxPacketDetails
 .text.RFHAL_SetTxBuffer
                0x0000be4e       0x34 C:\Users\Ayush\SimplicityStudio\v4_workspace\Blinky_SDK_2_9\platform\radio\rail_lib\autogen\librail_release\librail_efr32xg13_gcc_release.a(rail_rf_hal.o)
                0x0000be4e                RFHAL_SetTxBuffer
 .text.RFHAL_SetRxBuffer
                0x0000be82       0x2c C:\Users\Ayush\SimplicityStudio\v4_workspace\Blinky_SDK_2_9\platform\radio\rail_lib\autogen\librail_release\librail_efr32xg13_gcc_release.a(rail_rf_hal.o)
                0x0000be82                RFHAL_SetRxBuffer
 *fill*         0x0000beae        0x2 
 .text.RFHAL_ResetTxFifo
                0x0000beb0       0x2c C:\Users\Ayush\SimplicityStudio\v4_workspace\Blinky_SDK_2_9\platform\radio\rail_lib\autogen\librail_release\librail_efr32xg13_gcc_release.a(rail_rf_hal.o)
                0x0000beb0                RFHAL_ResetTxFifo
 .text.RFHAL_WriteTxFifo
                0x0000bedc       0x4c C:\Users\Ayush\SimplicityStudio\v4_workspace\Blinky_SDK_2_9\platform\radio\rail_lib\autogen\librail_release\librail_efr32xg13_gcc_release.a(rail_rf_hal.o)
                0x0000bedc                RFHAL_WriteTxFifo
 .text.RFHAL_ResetRxFifo
                0x0000bf28       0x40 C:\Users\Ayush\SimplicityStudio\v4_workspace\Blinky_SDK_2_9\platform\radio\rail_lib\autogen\librail_release\librail_efr32xg13_gcc_release.a(rail_rf_hal.o)
                0x0000bf28                RFHAL_ResetRxFifo
 .text.RFHAL_ConfigData
                0x0000bf68       0x7c C:\Users\Ayush\SimplicityStudio\v4_workspace\Blinky_SDK_2_9\platform\radio\rail_lib\autogen\librail_release\librail_efr32xg13_gcc_release.a(rail_rf_hal.o)
                0x0000bf68                RFHAL_ConfigData
 .text.RFHAL_SetAbortScheduledTxDuringRx
                0x0000bfe4       0x18 C:\Users\Ayush\SimplicityStudio\v4_workspace\Blinky_SDK_2_9\platform\radio\rail_lib\autogen\librail_release\librail_efr32xg13_gcc_release.a(rail_rf_hal.o)
                0x0000bfe4                RFHAL_SetAbortScheduledTxDuringRx
 .text.RFHAL_ConfigRadio
                0x0000bffc       0xac C:\Users\Ayush\SimplicityStudio\v4_workspace\Blinky_SDK_2_9\platform\radio\rail_lib\autogen\librail_release\librail_efr32xg13_gcc_release.a(rail_rf_hal.o)
                0x0000bffc                RFHAL_ConfigRadio
 .text.RFHAL_ConfigFrameTypeLength
                0x0000c0a8       0x70 C:\Users\Ayush\SimplicityStudio\v4_workspace\Blinky_SDK_2_9\platform\radio\rail_lib\autogen\librail_release\librail_efr32xg13_gcc_release.a(rail_rf_hal.o)
                0x0000c0a8                RFHAL_ConfigFrameTypeLength
 .text.RFHAL_GetTime
                0x0000c118        0x4 C:\Users\Ayush\SimplicityStudio\v4_workspace\Blinky_SDK_2_9\platform\radio\rail_lib\autogen\librail_release\librail_efr32xg13_gcc_release.a(rail_rf_hal.o)
                0x0000c118                RFHAL_GetTime
 .text.RFHAL_ResetAddressFilter
                0x0000c11c       0x10 C:\Users\Ayush\SimplicityStudio\v4_workspace\Blinky_SDK_2_9\platform\radio\rail_lib\autogen\librail_release\librail_efr32xg13_gcc_release.a(rail_rf_hal.o)
                0x0000c11c                RFHAL_ResetAddressFilter
 .text.RFHAL_Init
                0x0000c12c       0xa8 C:\Users\Ayush\SimplicityStudio\v4_workspace\Blinky_SDK_2_9\platform\radio\rail_lib\autogen\librail_release\librail_efr32xg13_gcc_release.a(rail_rf_hal.o)
                0x0000c12c                RFHAL_Init
 .text.RFHAL_GetRadioEntropy
                0x0000c1d4        0x4 C:\Users\Ayush\SimplicityStudio\v4_workspace\Blinky_SDK_2_9\platform\radio\rail_lib\autogen\librail_release\librail_efr32xg13_gcc_release.a(rail_rf_hal.o)
                0x0000c1d4                RFHAL_GetRadioEntropy
 .text.RFHAL_SetStateTiming
                0x0000c1d8       0x56 C:\Users\Ayush\SimplicityStudio\v4_workspace\Blinky_SDK_2_9\platform\radio\rail_lib\autogen\librail_release\librail_efr32xg13_gcc_release.a(rail_rf_hal.o)
                0x0000c1d8                RFHAL_SetStateTiming
 .text.RFHAL_IEEE802154IsEnabled
                0x0000c22e        0x6 C:\Users\Ayush\SimplicityStudio\v4_workspace\Blinky_SDK_2_9\platform\radio\rail_lib\autogen\librail_release\librail_efr32xg13_gcc_release.a(rail_ieee802154_rf_hal.o)
                0x0000c22e                RFHAL_IEEE802154IsEnabled
 .text.RFHAL_ConfigBle2MbpsViterbi
                0x0000c234       0x28 C:\Users\Ayush\SimplicityStudio\v4_workspace\Blinky_SDK_2_9\platform\radio\rail_lib\autogen\librail_release\librail_efr32xg13_gcc_release.a(rail_ble_rf_hal.o)
                0x0000c234                RFHAL_ConfigBle2MbpsViterbi
 .text.RFHAL_ConfigBle1MbpsViterbi
                0x0000c25c       0x28 C:\Users\Ayush\SimplicityStudio\v4_workspace\Blinky_SDK_2_9\platform\radio\rail_lib\autogen\librail_release\librail_efr32xg13_gcc_release.a(rail_ble_rf_hal.o)
                0x0000c25c                RFHAL_ConfigBle1MbpsViterbi
 .text.RFHAL_ConfigBleCoded
                0x0000c284       0x34 C:\Users\Ayush\SimplicityStudio\v4_workspace\Blinky_SDK_2_9\platform\radio\rail_lib\autogen\librail_release\librail_efr32xg13_gcc_release.a(rail_ble_rf_hal.o)
                0x0000c284                RFHAL_ConfigBleCoded
 .text.RFHAL_BleReinit
                0x0000c2b8       0x1c C:\Users\Ayush\SimplicityStudio\v4_workspace\Blinky_SDK_2_9\platform\radio\rail_lib\autogen\librail_release\librail_efr32xg13_gcc_release.a(rail_ble_rf_hal.o)
                0x0000c2b8                RFHAL_BleReinit
 .text.RFHAL_BleInit
                0x0000c2d4       0x12 C:\Users\Ayush\SimplicityStudio\v4_workspace\Blinky_SDK_2_9\platform\radio\rail_lib\autogen\librail_release\librail_efr32xg13_gcc_release.a(rail_ble_rf_hal.o)
                0x0000c2d4                RFHAL_BleInit
 *fill*         0x0000c2e6        0x2 
 .text.RFHAL_IsBleLongRangeEnabled
                0x0000c2e8       0x18 C:\Users\Ayush\SimplicityStudio\v4_workspace\Blinky_SDK_2_9\platform\radio\rail_lib\autogen\librail_release\librail_efr32xg13_gcc_release.a(rail_ble_rf_hal.o)
                0x0000c2e8                RFHAL_IsBleLongRangeEnabled
 .text.RFHAL_BLEPreambleSyncWordSet
                0x0000c300       0x44 C:\Users\Ayush\SimplicityStudio\v4_workspace\Blinky_SDK_2_9\platform\radio\rail_lib\autogen\librail_release\librail_efr32xg13_gcc_release.a(rail_ble_rf_hal.o)
                0x0000c300                RFHAL_BLEPreambleSyncWordSet
 .text.RFHAL_BLEWhiteningSet
                0x0000c344       0x68 C:\Users\Ayush\SimplicityStudio\v4_workspace\Blinky_SDK_2_9\platform\radio\rail_lib\autogen\librail_release\librail_efr32xg13_gcc_release.a(rail_ble_rf_hal.o)
                0x0000c344                RFHAL_BLEWhiteningSet
 .text.setMultiTimer
                0x0000c3ac        0x4 C:\Users\Ayush\SimplicityStudio\v4_workspace\Blinky_SDK_2_9\platform\radio\rail_lib\autogen\librail_release\librail_efr32xg13_gcc_release.a(rail_singleprotocol.o)
 .text.cancelMultiTimer
                0x0000c3b0        0x4 C:\Users\Ayush\SimplicityStudio\v4_workspace\Blinky_SDK_2_9\platform\radio\rail_lib\autogen\librail_release\librail_efr32xg13_gcc_release.a(rail_singleprotocol.o)
 .text.isMultiTimerExpired
                0x0000c3b4        0x4 C:\Users\Ayush\SimplicityStudio\v4_workspace\Blinky_SDK_2_9\platform\radio\rail_lib\autogen\librail_release\librail_efr32xg13_gcc_release.a(rail_singleprotocol.o)
 .text.getMultiTimer
                0x0000c3b8        0x4 C:\Users\Ayush\SimplicityStudio\v4_workspace\Blinky_SDK_2_9\platform\radio\rail_lib\autogen\librail_release\librail_efr32xg13_gcc_release.a(rail_singleprotocol.o)
 .text.getActiveTimerCb
                0x0000c3bc       0x18 C:\Users\Ayush\SimplicityStudio\v4_workspace\Blinky_SDK_2_9\platform\radio\rail_lib\autogen\librail_release\librail_efr32xg13_gcc_release.a(rail_singleprotocol.o)
 .text.isMultiTimerRunning
                0x0000c3d4        0x4 C:\Users\Ayush\SimplicityStudio\v4_workspace\Blinky_SDK_2_9\platform\radio\rail_lib\autogen\librail_release\librail_efr32xg13_gcc_release.a(rail_singleprotocol.o)
 .text.RAIL_Init
                0x0000c3d8       0x20 C:\Users\Ayush\SimplicityStudio\v4_workspace\Blinky_SDK_2_9\platform\radio\rail_lib\autogen\librail_release\librail_efr32xg13_gcc_release.a(rail_singleprotocol.o)
                0x0000c3d8                RAIL_Init
 .text.RAIL_GetSchedulerStatus
                0x0000c3f8        0x4 C:\Users\Ayush\SimplicityStudio\v4_workspace\Blinky_SDK_2_9\platform\radio\rail_lib\autogen\librail_release\librail_efr32xg13_gcc_release.a(rail_singleprotocol.o)
                0x0000c3f8                RAIL_GetSchedulerStatus
 .text.RAIL_Idle
                0x0000c3fc        0x8 C:\Users\Ayush\SimplicityStudio\v4_workspace\Blinky_SDK_2_9\platform\radio\rail_lib\autogen\librail_release\librail_efr32xg13_gcc_release.a(rail_singleprotocol.o)
                0x0000c3fc                RAIL_Idle
 .text.RAIL_YieldRadio
                0x0000c404        0x2 C:\Users\Ayush\SimplicityStudio\v4_workspace\Blinky_SDK_2_9\platform\radio\rail_lib\autogen\librail_release\librail_efr32xg13_gcc_release.a(rail_singleprotocol.o)
                0x0000c404                RAIL_YieldRadio
 .text.RAIL_GetRadioEntropy
                0x0000c406        0x8 C:\Users\Ayush\SimplicityStudio\v4_workspace\Blinky_SDK_2_9\platform\radio\rail_lib\autogen\librail_release\librail_efr32xg13_gcc_release.a(rail_singleprotocol.o)
                0x0000c406                RAIL_GetRadioEntropy
 .text.RAIL_SetTimer
                0x0000c40e       0x1c C:\Users\Ayush\SimplicityStudio\v4_workspace\Blinky_SDK_2_9\platform\radio\rail_lib\autogen\librail_release\librail_efr32xg13_gcc_release.a(rail_singleprotocol.o)
                0x0000c40e                RAIL_SetTimer
 .text.RAIL_CancelTimer
                0x0000c42a        0xe C:\Users\Ayush\SimplicityStudio\v4_workspace\Blinky_SDK_2_9\platform\radio\rail_lib\autogen\librail_release\librail_efr32xg13_gcc_release.a(rail_singleprotocol.o)
                0x0000c42a                RAIL_CancelTimer
 .text.RAIL_StartTx
                0x0000c438        0x6 C:\Users\Ayush\SimplicityStudio\v4_workspace\Blinky_SDK_2_9\platform\radio\rail_lib\autogen\librail_release\librail_efr32xg13_gcc_release.a(rail_singleprotocol.o)
                0x0000c438                RAIL_StartTx
 .text.RAIL_StartScheduledTx
                0x0000c43e        0x6 C:\Users\Ayush\SimplicityStudio\v4_workspace\Blinky_SDK_2_9\platform\radio\rail_lib\autogen\librail_release\librail_efr32xg13_gcc_release.a(rail_singleprotocol.o)
                0x0000c43e                RAIL_StartScheduledTx
 .text.RAIL_ScheduleRx
                0x0000c444        0x6 C:\Users\Ayush\SimplicityStudio\v4_workspace\Blinky_SDK_2_9\platform\radio\rail_lib\autogen\librail_release\librail_efr32xg13_gcc_release.a(rail_singleprotocol.o)
                0x0000c444                RAIL_ScheduleRx
 .text.radioConfigChangedDefault
                0x0000c44a        0x2 C:\Users\Ayush\SimplicityStudio\v4_workspace\Blinky_SDK_2_9\platform\radio\rail_lib\autogen\librail_release\librail_efr32xg13_gcc_release.a(rail_rf.o)
 .text.isTransitionState
                0x0000c44c       0x12 C:\Users\Ayush\SimplicityStudio\v4_workspace\Blinky_SDK_2_9\platform\radio\rail_lib\autogen\librail_release\librail_efr32xg13_gcc_release.a(rail_rf.o)
 .text.RAILCore_Init
                0x0000c45e       0x12 C:\Users\Ayush\SimplicityStudio\v4_workspace\Blinky_SDK_2_9\platform\radio\rail_lib\autogen\librail_release\librail_efr32xg13_gcc_release.a(rail_rf.o)
                0x0000c45e                RAILCore_Init
 .text.RAILInt_SetCallbackConfig
                0x0000c470       0x20 C:\Users\Ayush\SimplicityStudio\v4_workspace\Blinky_SDK_2_9\platform\radio\rail_lib\autogen\librail_release\librail_efr32xg13_gcc_release.a(rail_rf.o)
                0x0000c470                RAILInt_SetCallbackConfig
 .text.RAILCore_Idle
                0x0000c490       0x14 C:\Users\Ayush\SimplicityStudio\v4_workspace\Blinky_SDK_2_9\platform\radio\rail_lib\autogen\librail_release\librail_efr32xg13_gcc_release.a(rail_rf.o)
                0x0000c490                RAILCore_Idle
 .text.RAILCb_CalcBitRate
                0x0000c4a4        0x6 C:\Users\Ayush\SimplicityStudio\v4_workspace\Blinky_SDK_2_9\platform\radio\rail_lib\autogen\librail_release\librail_efr32xg13_gcc_release.a(rail_rf.o)
                0x0000c4a4                RAILCb_CalcBitRate
 .text.RAIL_SetStateTiming
                0x0000c4aa        0x6 C:\Users\Ayush\SimplicityStudio\v4_workspace\Blinky_SDK_2_9\platform\radio\rail_lib\autogen\librail_release\librail_efr32xg13_gcc_release.a(rail_rf.o)
                0x0000c4aa                RAIL_SetStateTiming
 .text.RAILInt_IsPowerInRange
                0x0000c4b0       0x3c C:\Users\Ayush\SimplicityStudio\v4_workspace\Blinky_SDK_2_9\platform\radio\rail_lib\autogen\librail_release\librail_efr32xg13_gcc_release.a(rail_rf.o)
                0x0000c4b0                RAILInt_IsPowerInRange
 .text.RAILInt_SetChannel
                0x0000c4ec      0x1c0 C:\Users\Ayush\SimplicityStudio\v4_workspace\Blinky_SDK_2_9\platform\radio\rail_lib\autogen\librail_release\librail_efr32xg13_gcc_release.a(rail_rf.o)
                0x0000c4ec                RAILInt_SetChannel
 .text.RAILCore_ConfigChannels
                0x0000c6ac       0x60 C:\Users\Ayush\SimplicityStudio\v4_workspace\Blinky_SDK_2_9\platform\radio\rail_lib\autogen\librail_release\librail_efr32xg13_gcc_release.a(rail_rf.o)
                0x0000c6ac                RAILCore_ConfigChannels
 .text.RAILInt_GetChannel
                0x0000c70c        0x4 C:\Users\Ayush\SimplicityStudio\v4_workspace\Blinky_SDK_2_9\platform\radio\rail_lib\autogen\librail_release\librail_efr32xg13_gcc_release.a(rail_rf.o)
                0x0000c70c                RAILInt_GetChannel
 .text.RAILCore_SetTxTransitions
                0x0000c710       0x3c C:\Users\Ayush\SimplicityStudio\v4_workspace\Blinky_SDK_2_9\platform\radio\rail_lib\autogen\librail_release\librail_efr32xg13_gcc_release.a(rail_rf.o)
                0x0000c710                RAILCore_SetTxTransitions
 .text.RAIL_SetTxTransitions
                0x0000c74c        0x6 C:\Users\Ayush\SimplicityStudio\v4_workspace\Blinky_SDK_2_9\platform\radio\rail_lib\autogen\librail_release\librail_efr32xg13_gcc_release.a(rail_rf.o)
                0x0000c74c                RAIL_SetTxTransitions
 .text.RAILCore_SetRxTransitions
                0x0000c752       0x38 C:\Users\Ayush\SimplicityStudio\v4_workspace\Blinky_SDK_2_9\platform\radio\rail_lib\autogen\librail_release\librail_efr32xg13_gcc_release.a(rail_rf.o)
                0x0000c752                RAILCore_SetRxTransitions
 .text.RAIL_SetRxTransitions
                0x0000c78a        0x6 C:\Users\Ayush\SimplicityStudio\v4_workspace\Blinky_SDK_2_9\platform\radio\rail_lib\autogen\librail_release\librail_efr32xg13_gcc_release.a(rail_rf.o)
                0x0000c78a                RAIL_SetRxTransitions
 .text.RAIL_ConfigEvents
                0x0000c790        0x6 C:\Users\Ayush\SimplicityStudio\v4_workspace\Blinky_SDK_2_9\platform\radio\rail_lib\autogen\librail_release\librail_efr32xg13_gcc_release.a(rail_rf.o)
                0x0000c790                RAIL_ConfigEvents
 .text.RAIL_ConfigRxOptions
                0x0000c796        0x6 C:\Users\Ayush\SimplicityStudio\v4_workspace\Blinky_SDK_2_9\platform\radio\rail_lib\autogen\librail_release\librail_efr32xg13_gcc_release.a(rail_rx.o)
                0x0000c796                RAIL_ConfigRxOptions
 .text.RAILCore_ScheduleRx
                0x0000c79c       0x2c C:\Users\Ayush\SimplicityStudio\v4_workspace\Blinky_SDK_2_9\platform\radio\rail_lib\autogen\librail_release\librail_efr32xg13_gcc_release.a(rail_rx.o)
                0x0000c79c                RAILCore_ScheduleRx
 .text.RAILCb_ConfigFrameTypeLength
                0x0000c7c8        0x6 C:\Users\Ayush\SimplicityStudio\v4_workspace\Blinky_SDK_2_9\platform\radio\rail_lib\autogen\librail_release\librail_efr32xg13_gcc_release.a(rail_rx.o)
                0x0000c7c8                RAILCb_ConfigFrameTypeLength
 .text.RAIL_SetTxPower
                0x0000c7ce        0x6 C:\Users\Ayush\SimplicityStudio\v4_workspace\Blinky_SDK_2_9\platform\radio\rail_lib\autogen\librail_release\librail_efr32xg13_gcc_release.a(rail_tx.o)
                0x0000c7ce                RAIL_SetTxPower
 .text.RAIL_ConfigTxPower
                0x0000c7d4       0x1c C:\Users\Ayush\SimplicityStudio\v4_workspace\Blinky_SDK_2_9\platform\radio\rail_lib\autogen\librail_release\librail_efr32xg13_gcc_release.a(rail_tx.o)
                0x0000c7d4                RAIL_ConfigTxPower
 .text.RAILInt_PendCal
                0x0000c7f0       0x24 C:\Users\Ayush\SimplicityStudio\v4_workspace\Blinky_SDK_2_9\platform\radio\rail_lib\autogen\librail_release\librail_efr32xg13_gcc_release.a(rail_calibration.o)
                0x0000c7f0                RAILInt_PendCal
 .text.RAIL_WriteTxFifo
                0x0000c814        0x6 C:\Users\Ayush\SimplicityStudio\v4_workspace\Blinky_SDK_2_9\platform\radio\rail_lib\autogen\librail_release\librail_efr32xg13_gcc_release.a(rail_data.o)
                0x0000c814                RAIL_WriteTxFifo
 .text.RAIL_SetTxFifo
                0x0000c81a        0x6 C:\Users\Ayush\SimplicityStudio\v4_workspace\Blinky_SDK_2_9\platform\radio\rail_lib\autogen\librail_release\librail_efr32xg13_gcc_release.a(rail_data.o)
                0x0000c81a                RAIL_SetTxFifo
 .text.RAIL_SetRxFifo
                0x0000c820        0x6 C:\Users\Ayush\SimplicityStudio\v4_workspace\Blinky_SDK_2_9\platform\radio\rail_lib\autogen\librail_release\librail_efr32xg13_gcc_release.a(rail_data.o)
                0x0000c820                RAIL_SetRxFifo
 *fill*         0x0000c826        0x2 
 .text.RAILCb_SetupRxFifo
                0x0000c828       0x30 C:\Users\Ayush\SimplicityStudio\v4_workspace\Blinky_SDK_2_9\platform\radio\rail_lib\autogen\librail_release\librail_efr32xg13_gcc_release.a(rail_data.o)
                0x0000c828                RAILCb_SetupRxFifo
 .text.RAIL_GetRxPacketInfo
                0x0000c858        0x8 C:\Users\Ayush\SimplicityStudio\v4_workspace\Blinky_SDK_2_9\platform\radio\rail_lib\autogen\librail_release\librail_efr32xg13_gcc_release.a(rail_data.o)
                0x0000c858                RAIL_GetRxPacketInfo
 .text.RAIL_GetRxPacketDetails
                0x0000c860        0x6 C:\Users\Ayush\SimplicityStudio\v4_workspace\Blinky_SDK_2_9\platform\radio\rail_lib\autogen\librail_release\librail_efr32xg13_gcc_release.a(rail_data.o)
                0x0000c860                RAIL_GetRxPacketDetails
 .text.RAIL_ResetFifo
                0x0000c866       0x1e C:\Users\Ayush\SimplicityStudio\v4_workspace\Blinky_SDK_2_9\platform\radio\rail_lib\autogen\librail_release\librail_efr32xg13_gcc_release.a(rail_data.o)
                0x0000c866                RAIL_ResetFifo
 .text.RAILCb_AssertFailed
                0x0000c884       0x14 C:\Users\Ayush\SimplicityStudio\v4_workspace\Blinky_SDK_2_9\platform\radio\rail_lib\autogen\librail_release\librail_efr32xg13_gcc_release.a(rail_assert.o)
                0x0000c884                RAILCb_AssertFailed
 .text.RAILInt_Assert
                0x0000c898       0x1c C:\Users\Ayush\SimplicityStudio\v4_workspace\Blinky_SDK_2_9\platform\radio\rail_lib\autogen\librail_release\librail_efr32xg13_gcc_release.a(rail_assert.o)
                0x0000c898                RAILInt_Assert
 .text.RAIL_GetTime
                0x0000c8b4        0x4 C:\Users\Ayush\SimplicityStudio\v4_workspace\Blinky_SDK_2_9\platform\radio\rail_lib\autogen\librail_release\librail_efr32xg13_gcc_release.a(rail_timer.o)
                0x0000c8b4                RAIL_GetTime
 .text.checkAndAddRxLenOverflowEntry.part.0
                0x0000c8b8       0x2c C:\Users\Ayush\SimplicityStudio\v4_workspace\Blinky_SDK_2_9\platform\radio\rail_lib\autogen\librail_release\librail_efr32xg13_gcc_release.a(bufc.o)
 .text.BUFC_ReadHelper
                0x0000c8e4       0x7a C:\Users\Ayush\SimplicityStudio\v4_workspace\Blinky_SDK_2_9\platform\radio\rail_lib\autogen\librail_release\librail_efr32xg13_gcc_release.a(bufc.o)
 *fill*         0x0000c95e        0x2 
 .text.BUFC_SetTxBuffer
                0x0000c960       0x38 C:\Users\Ayush\SimplicityStudio\v4_workspace\Blinky_SDK_2_9\platform\radio\rail_lib\autogen\librail_release\librail_efr32xg13_gcc_release.a(bufc.o)
                0x0000c960                BUFC_SetTxBuffer
 .text.BUFC_SetRxBuffer
                0x0000c998       0x1c C:\Users\Ayush\SimplicityStudio\v4_workspace\Blinky_SDK_2_9\platform\radio\rail_lib\autogen\librail_release\librail_efr32xg13_gcc_release.a(bufc.o)
                0x0000c998                BUFC_SetRxBuffer
 .text.BUFC_WriteBuffer
                0x0000c9b4       0xb0 C:\Users\Ayush\SimplicityStudio\v4_workspace\Blinky_SDK_2_9\platform\radio\rail_lib\autogen\librail_release\librail_efr32xg13_gcc_release.a(bufc.o)
                0x0000c9b4                BUFC_WriteBuffer
 .text.BUFC_Peek
                0x0000ca64       0x12 C:\Users\Ayush\SimplicityStudio\v4_workspace\Blinky_SDK_2_9\platform\radio\rail_lib\autogen\librail_release\librail_efr32xg13_gcc_release.a(bufc.o)
                0x0000ca64                BUFC_Peek
 .text.BUFC_PeekByte
                0x0000ca76       0x46 C:\Users\Ayush\SimplicityStudio\v4_workspace\Blinky_SDK_2_9\platform\radio\rail_lib\autogen\librail_release\librail_efr32xg13_gcc_release.a(bufc.o)
                0x0000ca76                BUFC_PeekByte
 .text.BUFC_GetSpaceAvailable
                0x0000cabc       0x24 C:\Users\Ayush\SimplicityStudio\v4_workspace\Blinky_SDK_2_9\platform\radio\rail_lib\autogen\librail_release\librail_efr32xg13_gcc_release.a(bufc.o)
                0x0000cabc                BUFC_GetSpaceAvailable
 .text.BUFC_GetBytesAvailable
                0x0000cae0       0x14 C:\Users\Ayush\SimplicityStudio\v4_workspace\Blinky_SDK_2_9\platform\radio\rail_lib\autogen\librail_release\librail_efr32xg13_gcc_release.a(bufc.o)
                0x0000cae0                BUFC_GetBytesAvailable
 .text.BUFC_TxAckBufferSet
                0x0000caf4       0x2c C:\Users\Ayush\SimplicityStudio\v4_workspace\Blinky_SDK_2_9\platform\radio\rail_lib\autogen\librail_release\librail_efr32xg13_gcc_release.a(bufc.o)
                0x0000caf4                BUFC_TxAckBufferSet
 .text.BUFC_RxBufferReset
                0x0000cb20       0x5c C:\Users\Ayush\SimplicityStudio\v4_workspace\Blinky_SDK_2_9\platform\radio\rail_lib\autogen\librail_release\librail_efr32xg13_gcc_release.a(bufc.o)
                0x0000cb20                BUFC_RxBufferReset
 .text.BUFC_Init
                0x0000cb7c       0x50 C:\Users\Ayush\SimplicityStudio\v4_workspace\Blinky_SDK_2_9\platform\radio\rail_lib\autogen\librail_release\librail_efr32xg13_gcc_release.a(bufc.o)
                0x0000cb7c                BUFC_Init
 .text.BUFC_ReleaseRxPacket
                0x0000cbcc      0x118 C:\Users\Ayush\SimplicityStudio\v4_workspace\Blinky_SDK_2_9\platform\radio\rail_lib\autogen\librail_release\librail_efr32xg13_gcc_release.a(bufc.o)
                0x0000cbcc                BUFC_ReleaseRxPacket
 .text.BUFC_StartRxLenThrEvent
                0x0000cce4       0x50 C:\Users\Ayush\SimplicityStudio\v4_workspace\Blinky_SDK_2_9\platform\radio\rail_lib\autogen\librail_release\librail_efr32xg13_gcc_release.a(bufc.o)
                0x0000cce4                BUFC_StartRxLenThrEvent
 .text.BUFC_EndRxLenThrEvent
                0x0000cd34       0x1c C:\Users\Ayush\SimplicityStudio\v4_workspace\Blinky_SDK_2_9\platform\radio\rail_lib\autogen\librail_release\librail_efr32xg13_gcc_release.a(bufc.o)
                0x0000cd34                BUFC_EndRxLenThrEvent
 .text.BUFC_HandleRxLenOvfEvent
                0x0000cd50       0x30 C:\Users\Ayush\SimplicityStudio\v4_workspace\Blinky_SDK_2_9\platform\radio\rail_lib\autogen\librail_release\librail_efr32xg13_gcc_release.a(bufc.o)
                0x0000cd50                BUFC_HandleRxLenOvfEvent
 .text.BUFC_GetRxPacketInfo
                0x0000cd80      0x168 C:\Users\Ayush\SimplicityStudio\v4_workspace\Blinky_SDK_2_9\platform\radio\rail_lib\autogen\librail_release\librail_efr32xg13_gcc_release.a(bufc.o)
                0x0000cd80                BUFC_GetRxPacketInfo
 .text.IRCAL_Set
                0x0000cee8       0x1c C:\Users\Ayush\SimplicityStudio\v4_workspace\Blinky_SDK_2_9\platform\radio\rail_lib\autogen\librail_release\librail_efr32xg13_gcc_release.a(ir_cal.o)
                0x0000cee8                IRCAL_Set
 .text.getRampTimeFromLevelAndRate
                0x0000cf04       0x20 C:\Users\Ayush\SimplicityStudio\v4_workspace\Blinky_SDK_2_9\platform\radio\rail_lib\autogen\librail_release\librail_efr32xg13_gcc_release.a(pa.o)
 .text.PA_ProtectPa
                0x0000cf24       0xa0 C:\Users\Ayush\SimplicityStudio\v4_workspace\Blinky_SDK_2_9\platform\radio\rail_lib\autogen\librail_release\librail_efr32xg13_gcc_release.a(pa.o)
 .text.PA_GetTxPowerConfig
                0x0000cfc4       0x14 C:\Users\Ayush\SimplicityStudio\v4_workspace\Blinky_SDK_2_9\platform\radio\rail_lib\autogen\librail_release\librail_efr32xg13_gcc_release.a(pa.o)
                0x0000cfc4                PA_GetTxPowerConfig
 .text.PA_GetPowerLevel
                0x0000cfd8        0xc C:\Users\Ayush\SimplicityStudio\v4_workspace\Blinky_SDK_2_9\platform\radio\rail_lib\autogen\librail_release\librail_efr32xg13_gcc_release.a(pa.o)
                0x0000cfd8                PA_GetPowerLevel
 .text.PA_SetPowerLevel
                0x0000cfe4      0x178 C:\Users\Ayush\SimplicityStudio\v4_workspace\Blinky_SDK_2_9\platform\radio\rail_lib\autogen\librail_release\librail_efr32xg13_gcc_release.a(pa.o)
                0x0000cfe4                PA_SetPowerLevel
 .text.PA_RunPeakDetectorHigh
                0x0000d15c       0x40 C:\Users\Ayush\SimplicityStudio\v4_workspace\Blinky_SDK_2_9\platform\radio\rail_lib\autogen\librail_release\librail_efr32xg13_gcc_release.a(pa.o)
                0x0000d15c                PA_RunPeakDetectorHigh
 .text.PA_RunPeakDetectorLow
                0x0000d19c        0x2 C:\Users\Ayush\SimplicityStudio\v4_workspace\Blinky_SDK_2_9\platform\radio\rail_lib\autogen\librail_release\librail_efr32xg13_gcc_release.a(pa.o)
                0x0000d19c                PA_RunPeakDetectorLow
 *fill*         0x0000d19e        0x2 
 .text.PA_RunBatHigh
                0x0000d1a0       0x2c C:\Users\Ayush\SimplicityStudio\v4_workspace\Blinky_SDK_2_9\platform\radio\rail_lib\autogen\librail_release\librail_efr32xg13_gcc_release.a(pa.o)
                0x0000d1a0                PA_RunBatHigh
 .text.PA_GetRampTime
                0x0000d1cc        0xc C:\Users\Ayush\SimplicityStudio\v4_workspace\Blinky_SDK_2_9\platform\radio\rail_lib\autogen\librail_release\librail_efr32xg13_gcc_release.a(pa.o)
                0x0000d1cc                PA_GetRampTime
 .text.PA_CalcRampTime
                0x0000d1d8       0x3c C:\Users\Ayush\SimplicityStudio\v4_workspace\Blinky_SDK_2_9\platform\radio\rail_lib\autogen\librail_release\librail_efr32xg13_gcc_release.a(pa.o)
                0x0000d1d8                PA_CalcRampTime
 .text.PA_SetRampTime
                0x0000d214      0x100 C:\Users\Ayush\SimplicityStudio\v4_workspace\Blinky_SDK_2_9\platform\radio\rail_lib\autogen\librail_release\librail_efr32xg13_gcc_release.a(pa.o)
                0x0000d214                PA_SetRampTime
 .text.PA_SetCTune
                0x0000d314       0x34 C:\Users\Ayush\SimplicityStudio\v4_workspace\Blinky_SDK_2_9\platform\radio\rail_lib\autogen\librail_release\librail_efr32xg13_gcc_release.a(pa.o)
                0x0000d314                PA_SetCTune
 .text.PA_SelectBand
                0x0000d348       0x38 C:\Users\Ayush\SimplicityStudio\v4_workspace\Blinky_SDK_2_9\platform\radio\rail_lib\autogen\librail_release\librail_efr32xg13_gcc_release.a(pa.o)
                0x0000d348                PA_SelectBand
 .text.PA_Config
                0x0000d380      0x114 C:\Users\Ayush\SimplicityStudio\v4_workspace\Blinky_SDK_2_9\platform\radio\rail_lib\autogen\librail_release\librail_efr32xg13_gcc_release.a(pa.o)
                0x0000d380                PA_Config
 .text.PA_UpdateConfig
                0x0000d494       0x38 C:\Users\Ayush\SimplicityStudio\v4_workspace\Blinky_SDK_2_9\platform\radio\rail_lib\autogen\librail_release\librail_efr32xg13_gcc_release.a(pa.o)
                0x0000d494                PA_UpdateConfig
 .text.PROTIMER_Init
                0x0000d4cc       0xe4 C:\Users\Ayush\SimplicityStudio\v4_workspace\Blinky_SDK_2_9\platform\radio\rail_lib\autogen\librail_release\librail_efr32xg13_gcc_release.a(protimer.o)
                0x0000d4cc                PROTIMER_Init
 .text.PROTIMER_Start
                0x0000d5b0       0x1c C:\Users\Ayush\SimplicityStudio\v4_workspace\Blinky_SDK_2_9\platform\radio\rail_lib\autogen\librail_release\librail_efr32xg13_gcc_release.a(protimer.o)
                0x0000d5b0                PROTIMER_Start
 .text.PROTIMER_ElapsedTime
                0x0000d5cc       0x40 C:\Users\Ayush\SimplicityStudio\v4_workspace\Blinky_SDK_2_9\platform\radio\rail_lib\autogen\librail_release\librail_efr32xg13_gcc_release.a(protimer.o)
                0x0000d5cc                PROTIMER_ElapsedTime
 .text.PROTIMER_CCTimerStop
                0x0000d60c       0x20 C:\Users\Ayush\SimplicityStudio\v4_workspace\Blinky_SDK_2_9\platform\radio\rail_lib\autogen\librail_release\librail_efr32xg13_gcc_release.a(protimer.o)
                0x0000d60c                PROTIMER_CCTimerStop
 .text.PROTIMER_CCTimerIsEnabled
                0x0000d62c       0x14 C:\Users\Ayush\SimplicityStudio\v4_workspace\Blinky_SDK_2_9\platform\radio\rail_lib\autogen\librail_release\librail_efr32xg13_gcc_release.a(protimer.o)
                0x0000d62c                PROTIMER_CCTimerIsEnabled
 .text.PROTIMER_CCTimerCapture
                0x0000d640       0x18 C:\Users\Ayush\SimplicityStudio\v4_workspace\Blinky_SDK_2_9\platform\radio\rail_lib\autogen\librail_release\librail_efr32xg13_gcc_release.a(protimer.o)
                0x0000d640                PROTIMER_CCTimerCapture
 .text.PROTIMER_ClearRxEnable
                0x0000d658       0x10 C:\Users\Ayush\SimplicityStudio\v4_workspace\Blinky_SDK_2_9\platform\radio\rail_lib\autogen\librail_release\librail_efr32xg13_gcc_release.a(protimer.o)
                0x0000d658                PROTIMER_ClearRxEnable
 .text.PROTIMER_GetTime
                0x0000d668       0x38 C:\Users\Ayush\SimplicityStudio\v4_workspace\Blinky_SDK_2_9\platform\radio\rail_lib\autogen\librail_release\librail_efr32xg13_gcc_release.a(protimer.o)
                0x0000d668                PROTIMER_GetTime
 .text.PROTIMER_LBTStop
                0x0000d6a0       0x18 C:\Users\Ayush\SimplicityStudio\v4_workspace\Blinky_SDK_2_9\platform\radio\rail_lib\autogen\librail_release\librail_efr32xg13_gcc_release.a(protimer.o)
                0x0000d6a0                PROTIMER_LBTStop
 .text.PROTIMER_PrecntOverflowToUs
                0x0000d6b8       0x34 C:\Users\Ayush\SimplicityStudio\v4_workspace\Blinky_SDK_2_9\platform\radio\rail_lib\autogen\librail_release\librail_efr32xg13_gcc_release.a(protimer.o)
                0x0000d6b8                PROTIMER_PrecntOverflowToUs
 .text.PROTIMER_GetUsTime
                0x0000d6ec       0x18 C:\Users\Ayush\SimplicityStudio\v4_workspace\Blinky_SDK_2_9\platform\radio\rail_lib\autogen\librail_release\librail_efr32xg13_gcc_release.a(protimer.o)
                0x0000d6ec                PROTIMER_GetUsTime
 .text.PROTIMER_GetUsFromRawWrap
                0x0000d704       0x2e C:\Users\Ayush\SimplicityStudio\v4_workspace\Blinky_SDK_2_9\platform\radio\rail_lib\autogen\librail_release\librail_efr32xg13_gcc_release.a(protimer.o)
                0x0000d704                PROTIMER_GetUsFromRawWrap
 *fill*         0x0000d732        0x2 
 .text.PROTIMER_UsToPrecntOverflow
                0x0000d734       0x40 C:\Users\Ayush\SimplicityStudio\v4_workspace\Blinky_SDK_2_9\platform\radio\rail_lib\autogen\librail_release\librail_efr32xg13_gcc_release.a(protimer.o)
                0x0000d734                PROTIMER_UsToPrecntOverflow
 .text.PROTIMER_CCTimerStart
                0x0000d774      0x1a8 C:\Users\Ayush\SimplicityStudio\v4_workspace\Blinky_SDK_2_9\platform\radio\rail_lib\autogen\librail_release\librail_efr32xg13_gcc_release.a(protimer.o)
                0x0000d774                PROTIMER_CCTimerStart
 .text.PROTIMER_ScheduleTxEnable
                0x0000d91c       0x28 C:\Users\Ayush\SimplicityStudio\v4_workspace\Blinky_SDK_2_9\platform\radio\rail_lib\autogen\librail_release\librail_efr32xg13_gcc_release.a(protimer.o)
                0x0000d91c                PROTIMER_ScheduleTxEnable
 .text.PROTIMER_ScheduleRxEnable
                0x0000d944       0x28 C:\Users\Ayush\SimplicityStudio\v4_workspace\Blinky_SDK_2_9\platform\radio\rail_lib\autogen\librail_release\librail_efr32xg13_gcc_release.a(protimer.o)
                0x0000d944                PROTIMER_ScheduleRxEnable
 .text.PROTIMER_ScheduleRxDisable
                0x0000d96c       0x34 C:\Users\Ayush\SimplicityStudio\v4_workspace\Blinky_SDK_2_9\platform\radio\rail_lib\autogen\librail_release\librail_efr32xg13_gcc_release.a(protimer.o)
                0x0000d96c                PROTIMER_ScheduleRxDisable
 .text.PROTIMER_DelayUs
                0x0000d9a0       0x16 C:\Users\Ayush\SimplicityStudio\v4_workspace\Blinky_SDK_2_9\platform\radio\rail_lib\autogen\librail_release\librail_efr32xg13_gcc_release.a(protimer.o)
                0x0000d9a0                PROTIMER_DelayUs
 *fill*         0x0000d9b6        0x2 
 .text.PTI_EnableAppendedInfo
                0x0000d9b8       0x18 C:\Users\Ayush\SimplicityStudio\v4_workspace\Blinky_SDK_2_9\platform\radio\rail_lib\autogen\librail_release\librail_efr32xg13_gcc_release.a(pti.o)
                0x0000d9b8                PTI_EnableAppendedInfo
 .text.PTI_Enable
                0x0000d9d0       0x50 C:\Users\Ayush\SimplicityStudio\v4_workspace\Blinky_SDK_2_9\platform\radio\rail_lib\autogen\librail_release\librail_efr32xg13_gcc_release.a(pti.o)
                0x0000d9d0                PTI_Enable
 .text.PTI_AuxdataOutput
                0x0000da20       0x1c C:\Users\Ayush\SimplicityStudio\v4_workspace\Blinky_SDK_2_9\platform\radio\rail_lib\autogen\librail_release\librail_efr32xg13_gcc_release.a(pti.o)
                0x0000da20                PTI_AuxdataOutput
 .text.PTI_EnableSyncword
                0x0000da3c       0x18 C:\Users\Ayush\SimplicityStudio\v4_workspace\Blinky_SDK_2_9\platform\radio\rail_lib\autogen\librail_release\librail_efr32xg13_gcc_release.a(pti.o)
                0x0000da3c                PTI_EnableSyncword
 .text.RADIO_SetAndForgetWrite
                0x0000da54       0x74 C:\Users\Ayush\SimplicityStudio\v4_workspace\Blinky_SDK_2_9\platform\radio\rail_lib\autogen\librail_release\librail_efr32xg13_gcc_release.a(radio.o)
                0x0000da54                RADIO_SetAndForgetWrite
 .text.RADIO_RewriteCcTableData
                0x0000dac8       0x34 C:\Users\Ayush\SimplicityStudio\v4_workspace\Blinky_SDK_2_9\platform\radio\rail_lib\autogen\librail_release\librail_efr32xg13_gcc_release.a(radio.o)
                0x0000dac8                RADIO_RewriteCcTableData
 .text.RADIO_SeqInit
                0x0000dafc       0x64 C:\Users\Ayush\SimplicityStudio\v4_workspace\Blinky_SDK_2_9\platform\radio\rail_lib\autogen\librail_release\librail_efr32xg13_gcc_release.a(radio.o)
                0x0000dafc                RADIO_SeqInit
 .text.RADIO_ClockEnable
                0x0000db60       0x14 C:\Users\Ayush\SimplicityStudio\v4_workspace\Blinky_SDK_2_9\platform\radio\rail_lib\autogen\librail_release\librail_efr32xg13_gcc_release.a(radio.o)
                0x0000db60                RADIO_ClockEnable
 .text.RADIO_Init
                0x0000db74       0x5c C:\Users\Ayush\SimplicityStudio\v4_workspace\Blinky_SDK_2_9\platform\radio\rail_lib\autogen\librail_release\librail_efr32xg13_gcc_release.a(radio.o)
                0x0000db74                RADIO_Init
 .text.RADIO_ClockPrescGet
                0x0000dbd0       0x10 C:\Users\Ayush\SimplicityStudio\v4_workspace\Blinky_SDK_2_9\platform\radio\rail_lib\autogen\librail_release\librail_efr32xg13_gcc_release.a(radio.o)
                0x0000dbd0                RADIO_ClockPrescGet
 .text.RADIO_ClockFreqGet
                0x0000dbe0       0x14 C:\Users\Ayush\SimplicityStudio\v4_workspace\Blinky_SDK_2_9\platform\radio\rail_lib\autogen\librail_release\librail_efr32xg13_gcc_release.a(radio.o)
                0x0000dbe0                RADIO_ClockFreqGet
 .text.RADIO_Config
                0x0000dbf4       0xb0 C:\Users\Ayush\SimplicityStudio\v4_workspace\Blinky_SDK_2_9\platform\radio\rail_lib\autogen\librail_release\librail_efr32xg13_gcc_release.a(radio.o)
                0x0000dbf4                RADIO_Config
 .text.RADIO_IsRxOnForRssi
                0x0000dca4       0x18 C:\Users\Ayush\SimplicityStudio\v4_workspace\Blinky_SDK_2_9\platform\radio\rail_lib\autogen\librail_release\librail_efr32xg13_gcc_release.a(radio.o)
                0x0000dca4                RADIO_IsRxOnForRssi
 .text.RADIO_RxTrailDataLength
                0x0000dcbc       0x3c C:\Users\Ayush\SimplicityStudio\v4_workspace\Blinky_SDK_2_9\platform\radio\rail_lib\autogen\librail_release\librail_efr32xg13_gcc_release.a(radio.o)
                0x0000dcbc                RADIO_RxTrailDataLength
 .text.RADIO_ComputeTxBaudrate
                0x0000dcf8       0x24 C:\Users\Ayush\SimplicityStudio\v4_workspace\Blinky_SDK_2_9\platform\radio\rail_lib\autogen\librail_release\librail_efr32xg13_gcc_release.a(radio.o)
                0x0000dcf8                RADIO_ComputeTxBaudrate
 .text.RADIO_ComputeTxSymbolRate
                0x0000dd1c       0x54 C:\Users\Ayush\SimplicityStudio\v4_workspace\Blinky_SDK_2_9\platform\radio\rail_lib\autogen\librail_release\librail_efr32xg13_gcc_release.a(radio.o)
                0x0000dd1c                RADIO_ComputeTxSymbolRate
 .text.RADIO_ComputeTxBitRate
                0x0000dd70       0x44 C:\Users\Ayush\SimplicityStudio\v4_workspace\Blinky_SDK_2_9\platform\radio\rail_lib\autogen\librail_release\librail_efr32xg13_gcc_release.a(radio.o)
                0x0000dd70                RADIO_ComputeTxBitRate
 .text.RADIO_GetRssi
                0x0000ddb4       0x64 C:\Users\Ayush\SimplicityStudio\v4_workspace\Blinky_SDK_2_9\platform\radio\rail_lib\autogen\librail_release\librail_efr32xg13_gcc_release.a(radio.o)
                0x0000ddb4                RADIO_GetRssi
 .text.RADIO_SetCRCInitVal
                0x0000de18       0x10 C:\Users\Ayush\SimplicityStudio\v4_workspace\Blinky_SDK_2_9\platform\radio\rail_lib\autogen\librail_release\librail_efr32xg13_gcc_release.a(radio.o)
                0x0000de18                RADIO_SetCRCInitVal
 .text.RADIO_RACClearRxOverflow
                0x0000de28       0x20 C:\Users\Ayush\SimplicityStudio\v4_workspace\Blinky_SDK_2_9\platform\radio\rail_lib\autogen\librail_release\librail_efr32xg13_gcc_release.a(radio.o)
                0x0000de28                RADIO_RACClearRxOverflow
 .text.RFSENSE_IRQHandler
                0x0000de48       0x10 C:\Users\Ayush\SimplicityStudio\v4_workspace\Blinky_SDK_2_9\platform\radio\rail_lib\autogen\librail_release\librail_efr32xg13_gcc_release.a(rfsense.o)
                0x0000de48                RFSENSE_IRQHandler
 .text.PRORTC_IRQHandler
                0x0000de58       0x10 C:\Users\Ayush\SimplicityStudio\v4_workspace\Blinky_SDK_2_9\platform\radio\rail_lib\autogen\librail_release\librail_efr32xg13_gcc_release.a(rtccsync.o)
                0x0000de58                PRORTC_IRQHandler
 .text.RTCCSYNC_Init
                0x0000de68       0x88 C:\Users\Ayush\SimplicityStudio\v4_workspace\Blinky_SDK_2_9\platform\radio\rail_lib\autogen\librail_release\librail_efr32xg13_gcc_release.a(rtccsync.o)
                0x0000de68                RTCCSYNC_Init
 .text.SYNTH_RfFreqGet
                0x0000def0        0xc C:\Users\Ayush\SimplicityStudio\v4_workspace\Blinky_SDK_2_9\platform\radio\rail_lib\autogen\librail_release\librail_efr32xg13_gcc_release.a(synth.o)
                0x0000def0                SYNTH_RfFreqGet
 .text.SYNTH_ChSpacingGet
                0x0000defc        0xc C:\Users\Ayush\SimplicityStudio\v4_workspace\Blinky_SDK_2_9\platform\radio\rail_lib\autogen\librail_release\librail_efr32xg13_gcc_release.a(synth.o)
                0x0000defc                SYNTH_ChSpacingGet
 .text.SYNTH_LoDivGet
                0x0000df08       0x20 C:\Users\Ayush\SimplicityStudio\v4_workspace\Blinky_SDK_2_9\platform\radio\rail_lib\autogen\librail_release\librail_efr32xg13_gcc_release.a(synth.o)
                0x0000df08                SYNTH_LoDivGet
 .text.SYNTH_Is2p4GHz
                0x0000df28       0x14 C:\Users\Ayush\SimplicityStudio\v4_workspace\Blinky_SDK_2_9\platform\radio\rail_lib\autogen\librail_release\librail_efr32xg13_gcc_release.a(synth.o)
                0x0000df28                SYNTH_Is2p4GHz
 .text.SYNTH_VcoRangeIsValid
                0x0000df3c       0x30 C:\Users\Ayush\SimplicityStudio\v4_workspace\Blinky_SDK_2_9\platform\radio\rail_lib\autogen\librail_release\librail_efr32xg13_gcc_release.a(synth.o)
                0x0000df3c                SYNTH_VcoRangeIsValid
 .text.SYNTH_RetimeLimitsConfig
                0x0000df6c       0x64 C:\Users\Ayush\SimplicityStudio\v4_workspace\Blinky_SDK_2_9\platform\radio\rail_lib\autogen\librail_release\librail_efr32xg13_gcc_release.a(synth.o)
                0x0000df6c                SYNTH_RetimeLimitsConfig
 .text.SYNTH_RetimeClkConfig
                0x0000dfd0       0xb4 C:\Users\Ayush\SimplicityStudio\v4_workspace\Blinky_SDK_2_9\platform\radio\rail_lib\autogen\librail_release\librail_efr32xg13_gcc_release.a(synth.o)
                0x0000dfd0                SYNTH_RetimeClkConfig
 .text.SYNTH_Config
                0x0000e084      0x104 C:\Users\Ayush\SimplicityStudio\v4_workspace\Blinky_SDK_2_9\platform\radio\rail_lib\autogen\librail_release\librail_efr32xg13_gcc_release.a(synth.o)
                0x0000e084                SYNTH_Config
 .text.SYNTH_ChannelSet
                0x0000e188       0x40 C:\Users\Ayush\SimplicityStudio\v4_workspace\Blinky_SDK_2_9\platform\radio\rail_lib\autogen\librail_release\librail_efr32xg13_gcc_release.a(synth.o)
                0x0000e188                SYNTH_ChannelSet
 .text.SYNTH_DCDCRetimeClkSet
                0x0000e1c8       0x68 C:\Users\Ayush\SimplicityStudio\v4_workspace\Blinky_SDK_2_9\platform\radio\rail_lib\autogen\librail_release\librail_efr32xg13_gcc_release.a(synth.o)
                0x0000e1c8                SYNTH_DCDCRetimeClkSet
 .text.SYNTH_DCDCRetimeEnable
                0x0000e230       0x18 C:\Users\Ayush\SimplicityStudio\v4_workspace\Blinky_SDK_2_9\platform\radio\rail_lib\autogen\librail_release\librail_efr32xg13_gcc_release.a(synth.o)
                0x0000e230                SYNTH_DCDCRetimeEnable
 .text.SYNTH_DCDCRetimeDisable
                0x0000e248       0x18 C:\Users\Ayush\SimplicityStudio\v4_workspace\Blinky_SDK_2_9\platform\radio\rail_lib\autogen\librail_release\librail_efr32xg13_gcc_release.a(synth.o)
                0x0000e248                SYNTH_DCDCRetimeDisable
 .text.SYNTH_KvnFreqCompensationEnable
                0x0000e260        0xc C:\Users\Ayush\SimplicityStudio\v4_workspace\Blinky_SDK_2_9\platform\radio\rail_lib\autogen\librail_release\librail_efr32xg13_gcc_release.a(synth.o)
                0x0000e260                SYNTH_KvnFreqCompensationEnable
 .text.TEMPCAL_Init
                0x0000e26c       0x38 C:\Users\Ayush\SimplicityStudio\v4_workspace\Blinky_SDK_2_9\platform\radio\rail_lib\autogen\librail_release\librail_efr32xg13_gcc_release.a(tempcal.o)
                0x0000e26c                TEMPCAL_Init
 .text.TIMING_NsToStimerTickCalc
                0x0000e2a4       0x2c C:\Users\Ayush\SimplicityStudio\v4_workspace\Blinky_SDK_2_9\platform\radio\rail_lib\autogen\librail_release\librail_efr32xg13_gcc_release.a(timings.o)
 .text.TIMING_Recalculate
                0x0000e2d0      0x1ec C:\Users\Ayush\SimplicityStudio\v4_workspace\Blinky_SDK_2_9\platform\radio\rail_lib\autogen\librail_release\librail_efr32xg13_gcc_release.a(timings.o)
 .text.TIMING_InitStimer
                0x0000e4bc       0x8c C:\Users\Ayush\SimplicityStudio\v4_workspace\Blinky_SDK_2_9\platform\radio\rail_lib\autogen\librail_release\librail_efr32xg13_gcc_release.a(timings.o)
                0x0000e4bc                TIMING_InitStimer
 .text.TIMING_SeqTimingInit
                0x0000e548       0x90 C:\Users\Ayush\SimplicityStudio\v4_workspace\Blinky_SDK_2_9\platform\radio\rail_lib\autogen\librail_release\librail_efr32xg13_gcc_release.a(timings.o)
                0x0000e548                TIMING_SeqTimingInit
 .text.TIMING_SetTransitionTime
                0x0000e5d8       0x18 C:\Users\Ayush\SimplicityStudio\v4_workspace\Blinky_SDK_2_9\platform\radio\rail_lib\autogen\librail_release\librail_efr32xg13_gcc_release.a(timings.o)
                0x0000e5d8                TIMING_SetTransitionTime
 .text.TIMING_RxSearchTimeSet
                0x0000e5f0       0x10 C:\Users\Ayush\SimplicityStudio\v4_workspace\Blinky_SDK_2_9\platform\radio\rail_lib\autogen\librail_release\librail_efr32xg13_gcc_release.a(timings.o)
                0x0000e5f0                TIMING_RxSearchTimeSet
 .text.TIMING_TxToRxSearchTimeSet
                0x0000e600       0x10 C:\Users\Ayush\SimplicityStudio\v4_workspace\Blinky_SDK_2_9\platform\radio\rail_lib\autogen\librail_release\librail_efr32xg13_gcc_release.a(timings.o)
                0x0000e600                TIMING_TxToRxSearchTimeSet
 .text.TIMING_RecalculateAll
                0x0000e610        0x6 C:\Users\Ayush\SimplicityStudio\v4_workspace\Blinky_SDK_2_9\platform\radio\rail_lib\autogen\librail_release\librail_efr32xg13_gcc_release.a(timings.o)
                0x0000e610                TIMING_RecalculateAll
 .text.TIMING_RecalculatePaRampChanged
                0x0000e616        0x6 C:\Users\Ayush\SimplicityStudio\v4_workspace\Blinky_SDK_2_9\platform\radio\rail_lib\autogen\librail_release\librail_efr32xg13_gcc_release.a(timings.o)
                0x0000e616                TIMING_RecalculatePaRampChanged
 .text.TIMING_RecalculateViterbiChanged
                0x0000e61c        0x6 C:\Users\Ayush\SimplicityStudio\v4_workspace\Blinky_SDK_2_9\platform\radio\rail_lib\autogen\librail_release\librail_efr32xg13_gcc_release.a(timings.o)
                0x0000e61c                TIMING_RecalculateViterbiChanged
 .text.TIMING_SetChainDelays
                0x0000e622        0x8 C:\Users\Ayush\SimplicityStudio\v4_workspace\Blinky_SDK_2_9\platform\radio\rail_lib\autogen\librail_release\librail_efr32xg13_gcc_release.a(timings.o)
                0x0000e622                TIMING_SetChainDelays
 *fill*         0x0000e62a        0x2 
 .text.TIMING_CalcAdjustUs
                0x0000e62c       0x40 C:\Users\Ayush\SimplicityStudio\v4_workspace\Blinky_SDK_2_9\platform\radio\rail_lib\autogen\librail_release\librail_efr32xg13_gcc_release.a(timings.o)
                0x0000e62c                TIMING_CalcAdjustUs
 .text.TIMING_PacketBits
                0x0000e66c       0x14 C:\Users\Ayush\SimplicityStudio\v4_workspace\Blinky_SDK_2_9\platform\radio\rail_lib\autogen\librail_release\librail_efr32xg13_gcc_release.a(timings.o)
                0x0000e66c                TIMING_PacketBits
 .text.TIMING_PreambleSyncBits
                0x0000e680       0x38 C:\Users\Ayush\SimplicityStudio\v4_workspace\Blinky_SDK_2_9\platform\radio\rail_lib\autogen\librail_release\librail_efr32xg13_gcc_release.a(timings.o)
                0x0000e680                TIMING_PreambleSyncBits
 .text.TIMING_CalcRxTimeStampUs
                0x0000e6b8       0x66 C:\Users\Ayush\SimplicityStudio\v4_workspace\Blinky_SDK_2_9\platform\radio\rail_lib\autogen\librail_release\librail_efr32xg13_gcc_release.a(timings.o)
                0x0000e6b8                TIMING_CalcRxTimeStampUs
 *fill*         0x0000e71e        0x2 
 .text.TIMING_AdjustRxTimeStampUs
                0x0000e720       0x40 C:\Users\Ayush\SimplicityStudio\v4_workspace\Blinky_SDK_2_9\platform\radio\rail_lib\autogen\librail_release\librail_efr32xg13_gcc_release.a(timings.o)
                0x0000e720                TIMING_AdjustRxTimeStampUs
 .text.RFRAND_GetRadioEntropy
                0x0000e760      0x100 C:\Users\Ayush\SimplicityStudio\v4_workspace\Blinky_SDK_2_9\platform\radio\rail_lib\autogen\librail_release\librail_efr32xg13_gcc_release.a(rf_rand.o)
                0x0000e760                RFRAND_GetRadioEntropy
 .text.RFRAND_SeedProtimerRandom
                0x0000e860       0x3c C:\Users\Ayush\SimplicityStudio\v4_workspace\Blinky_SDK_2_9\platform\radio\rail_lib\autogen\librail_release\librail_efr32xg13_gcc_release.a(rf_rand.o)
                0x0000e860                RFRAND_SeedProtimerRandom
 .text.RAIL_GetTxPowerCurve
                0x0000e89c       0x14 C:\Users\Ayush\SimplicityStudio\v4_workspace\Blinky_SDK_2_9\platform\radio\rail_lib\autogen\librail_release\librail_efr32xg13_gcc_release.a(pa_conversions_efr32.o)
                0x0000e89c                RAIL_GetTxPowerCurve
 .text.RAIL_InitTxPowerCurves
                0x0000e8b0       0x2c C:\Users\Ayush\SimplicityStudio\v4_workspace\Blinky_SDK_2_9\platform\radio\rail_lib\autogen\librail_release\librail_efr32xg13_gcc_release.a(pa_conversions_efr32.o)
                0x0000e8b0                RAIL_InitTxPowerCurves
 .text.RAIL_ConvertDbmToRaw
                0x0000e8dc       0xd8 C:\Users\Ayush\SimplicityStudio\v4_workspace\Blinky_SDK_2_9\platform\radio\rail_lib\autogen\librail_release\librail_efr32xg13_gcc_release.a(pa_conversions_efr32.o)
                0x0000e8dc                RAIL_ConvertDbmToRaw
 .text.RAIL_ConvertRawToDbm
                0x0000e9b4       0xb8 C:\Users\Ayush\SimplicityStudio\v4_workspace\Blinky_SDK_2_9\platform\radio\rail_lib\autogen\librail_release\librail_efr32xg13_gcc_release.a(pa_conversions_efr32.o)
                0x0000e9b4                RAIL_ConvertRawToDbm
 .text.GENERIC_PHY_EnableDisableInt
                0x0000ea6c       0x22 C:\Users\Ayush\SimplicityStudio\v4_workspace\Blinky_SDK_2_9\platform\radio\rail_lib\autogen\librail_release\librail_efr32xg13_gcc_release.a(generic_phy.o)
 *fill*         0x0000ea8e        0x2 
 .text.GENERIC_PHY_DisableRadioIrqs
                0x0000ea90       0x50 C:\Users\Ayush\SimplicityStudio\v4_workspace\Blinky_SDK_2_9\platform\radio\rail_lib\autogen\librail_release\librail_efr32xg13_gcc_release.a(generic_phy.o)
 .text.GENERIC_PHY_ConfigureRollbackReporting
                0x0000eae0       0x68 C:\Users\Ayush\SimplicityStudio\v4_workspace\Blinky_SDK_2_9\platform\radio\rail_lib\autogen\librail_release\librail_efr32xg13_gcc_release.a(generic_phy.o)
 .text.GENERIC_PHY_ClearPendedRxWindowEnd
                0x0000eb48       0x1c C:\Users\Ayush\SimplicityStudio\v4_workspace\Blinky_SDK_2_9\platform\radio\rail_lib\autogen\librail_release\librail_efr32xg13_gcc_release.a(generic_phy.o)
 .text.GENERIC_PHY_RxOverflowHook
                0x0000eb64       0x34 C:\Users\Ayush\SimplicityStudio\v4_workspace\Blinky_SDK_2_9\platform\radio\rail_lib\autogen\librail_release\librail_efr32xg13_gcc_release.a(generic_phy.o)
 .text.RADIO_RACRxAbort
                0x0000eb98       0x3c C:\Users\Ayush\SimplicityStudio\v4_workspace\Blinky_SDK_2_9\platform\radio\rail_lib\autogen\librail_release\librail_efr32xg13_gcc_release.a(generic_phy.o)
 .text.GENERIC_PHY_CheckPendedRxWindowEnd
                0x0000ebd4       0x44 C:\Users\Ayush\SimplicityStudio\v4_workspace\Blinky_SDK_2_9\platform\radio\rail_lib\autogen\librail_release\librail_efr32xg13_gcc_release.a(generic_phy.o)
 .text.GENERIC_PHY_ConfigureEvents
                0x0000ec18      0x2c8 C:\Users\Ayush\SimplicityStudio\v4_workspace\Blinky_SDK_2_9\platform\radio\rail_lib\autogen\librail_release\librail_efr32xg13_gcc_release.a(generic_phy.o)
                0x0000ec18                GENERIC_PHY_ConfigureEvents
 .text.GENERIC_PHY_PacketTxCommon
                0x0000eee0       0x3c C:\Users\Ayush\SimplicityStudio\v4_workspace\Blinky_SDK_2_9\platform\radio\rail_lib\autogen\librail_release\librail_efr32xg13_gcc_release.a(generic_phy.o)
                0x0000eee0                GENERIC_PHY_PacketTxCommon
 .text.GENERIC_PHY_PacketTx
                0x0000ef1c       0x40 C:\Users\Ayush\SimplicityStudio\v4_workspace\Blinky_SDK_2_9\platform\radio\rail_lib\autogen\librail_release\librail_efr32xg13_gcc_release.a(generic_phy.o)
                0x0000ef1c                GENERIC_PHY_PacketTx
 .text.GENERIC_PHY_SchedulePacketRx
                0x0000ef5c      0x100 C:\Users\Ayush\SimplicityStudio\v4_workspace\Blinky_SDK_2_9\platform\radio\rail_lib\autogen\librail_release\librail_efr32xg13_gcc_release.a(generic_phy.o)
                0x0000ef5c                GENERIC_PHY_SchedulePacketRx
 .text.GENERIC_PHY_SchedulePacketTx
                0x0000f05c       0x78 C:\Users\Ayush\SimplicityStudio\v4_workspace\Blinky_SDK_2_9\platform\radio\rail_lib\autogen\librail_release\librail_efr32xg13_gcc_release.a(generic_phy.o)
                0x0000f05c                GENERIC_PHY_SchedulePacketTx
 .text.GENERIC_PHY_SeqAtomicLock
                0x0000f0d4       0x30 C:\Users\Ayush\SimplicityStudio\v4_workspace\Blinky_SDK_2_9\platform\radio\rail_lib\autogen\librail_release\librail_efr32xg13_gcc_release.a(generic_phy.o)
                0x0000f0d4                GENERIC_PHY_SeqAtomicLock
 .text.GENERIC_PHY_RACConfig
                0x0000f104       0x40 C:\Users\Ayush\SimplicityStudio\v4_workspace\Blinky_SDK_2_9\platform\radio\rail_lib\autogen\librail_release\librail_efr32xg13_gcc_release.a(generic_phy.o)
                0x0000f104                GENERIC_PHY_RACConfig
 .text.GENERIC_PHY_Init
                0x0000f144       0x70 C:\Users\Ayush\SimplicityStudio\v4_workspace\Blinky_SDK_2_9\platform\radio\rail_lib\autogen\librail_release\librail_efr32xg13_gcc_release.a(generic_phy.o)
                0x0000f144                GENERIC_PHY_Init
 .text.GENERIC_PHY_ResetRxFifo
                0x0000f1b4       0x30 C:\Users\Ayush\SimplicityStudio\v4_workspace\Blinky_SDK_2_9\platform\radio\rail_lib\autogen\librail_release\librail_efr32xg13_gcc_release.a(generic_phy.o)
                0x0000f1b4                GENERIC_PHY_ResetRxFifo
 .text.GENERIC_PHY_RadioIdle
                0x0000f1e4      0x154 C:\Users\Ayush\SimplicityStudio\v4_workspace\Blinky_SDK_2_9\platform\radio\rail_lib\autogen\librail_release\librail_efr32xg13_gcc_release.a(generic_phy.o)
                0x0000f1e4                GENERIC_PHY_RadioIdle
 .text.FRC_IRQHandler
                0x0000f338      0x528 C:\Users\Ayush\SimplicityStudio\v4_workspace\Blinky_SDK_2_9\platform\radio\rail_lib\autogen\librail_release\librail_efr32xg13_gcc_release.a(generic_phy.o)
                0x0000f338                FRC_IRQHandler
 .text.FRC_PRI_IRQHandler
                0x0000f860        0x4 C:\Users\Ayush\SimplicityStudio\v4_workspace\Blinky_SDK_2_9\platform\radio\rail_lib\autogen\librail_release\librail_efr32xg13_gcc_release.a(generic_phy.o)
                0x0000f860                FRC_PRI_IRQHandler
 .text.BUFC_IRQHandler
                0x0000f864        0x4 C:\Users\Ayush\SimplicityStudio\v4_workspace\Blinky_SDK_2_9\platform\radio\rail_lib\autogen\librail_release\librail_efr32xg13_gcc_release.a(generic_phy.o)
                0x0000f864                BUFC_IRQHandler
 .text.PROTIMER_IRQHandler
                0x0000f868        0x4 C:\Users\Ayush\SimplicityStudio\v4_workspace\Blinky_SDK_2_9\platform\radio\rail_lib\autogen\librail_release\librail_efr32xg13_gcc_release.a(generic_phy.o)
                0x0000f868                PROTIMER_IRQHandler
 .text.RAC_SEQ_IRQHandler
                0x0000f86c        0x4 C:\Users\Ayush\SimplicityStudio\v4_workspace\Blinky_SDK_2_9\platform\radio\rail_lib\autogen\librail_release\librail_efr32xg13_gcc_release.a(generic_phy.o)
                0x0000f86c                RAC_SEQ_IRQHandler
 .text.RAILCb_RadioStateChanged
                0x0000f870       0x14 C:\Users\Ayush\SimplicityStudio\v4_workspace\Blinky_SDK_2_9\platform\radio\rail_lib\autogen\librail_release\librail_efr32xg13_gcc_release.a(generic_phy.o)
                0x0000f870                RAILCb_RadioStateChanged
 .text.RAC_RSM_IRQHandler
                0x0000f884       0x48 C:\Users\Ayush\SimplicityStudio\v4_workspace\Blinky_SDK_2_9\platform\radio\rail_lib\autogen\librail_release\librail_efr32xg13_gcc_release.a(generic_phy.o)
                0x0000f884                RAC_RSM_IRQHandler
 .text.MODEM_IRQHandler
                0x0000f8cc        0x4 C:\Users\Ayush\SimplicityStudio\v4_workspace\Blinky_SDK_2_9\platform\radio\rail_lib\autogen\librail_release\librail_efr32xg13_gcc_release.a(generic_phy.o)
                0x0000f8cc                MODEM_IRQHandler
 .text.AGC_IRQHandler
                0x0000f8d0       0x40 C:\Users\Ayush\SimplicityStudio\v4_workspace\Blinky_SDK_2_9\platform\radio\rail_lib\autogen\librail_release\librail_efr32xg13_gcc_release.a(generic_phy.o)
                0x0000f8d0                AGC_IRQHandler
 .text.SYNTH_IRQHandler
                0x0000f910       0x10 C:\Users\Ayush\SimplicityStudio\v4_workspace\Blinky_SDK_2_9\platform\radio\rail_lib\autogen\librail_release\librail_efr32xg13_gcc_release.a(generic_phy.o)
                0x0000f910                SYNTH_IRQHandler
 .text.GENERIC_PHY_SetFeatures
                0x0000f920       0x24 C:\Users\Ayush\SimplicityStudio\v4_workspace\Blinky_SDK_2_9\platform\radio\rail_lib\autogen\librail_release\librail_efr32xg13_gcc_release.a(generic_phy.o)
                0x0000f920                GENERIC_PHY_SetFeatures
 .text.GENERIC_PHY_IsFeatureEnabled
                0x0000f944       0x14 C:\Users\Ayush\SimplicityStudio\v4_workspace\Blinky_SDK_2_9\platform\radio\rail_lib\autogen\librail_release\librail_efr32xg13_gcc_release.a(generic_phy.o)
                0x0000f944                GENERIC_PHY_IsFeatureEnabled